Archive member included to satisfy reference by file (symbol)

d:/programfiles/gnu arm embedded toolchain/10 2021.10/bin/../lib/gcc/arm-none-eabi/10.3.1/../../../../arm-none-eabi/lib/thumb/v7e-m+fp/hard\libstdc++.a(atexit_arm.o)
                              CMakeFiles/MusicClion.elf.dir/User/Application/Music.cpp.obj (__aeabi_atexit)
d:/programfiles/gnu arm embedded toolchain/10 2021.10/bin/../lib/gcc/arm-none-eabi/10.3.1/../../../../arm-none-eabi/lib/thumb/v7e-m+fp/hard\libstdc++.a(class_type_info.o)
                              CMakeFiles/MusicClion.elf.dir/PrivateLibrary/Serial/BaseLib/MyUsart.cpp.obj (vtable for __cxxabiv1::__class_type_info)
d:/programfiles/gnu arm embedded toolchain/10 2021.10/bin/../lib/gcc/arm-none-eabi/10.3.1/../../../../arm-none-eabi/lib/thumb/v7e-m+fp/hard\libstdc++.a(del_ops.o)
                              d:/programfiles/gnu arm embedded toolchain/10 2021.10/bin/../lib/gcc/arm-none-eabi/10.3.1/../../../../arm-none-eabi/lib/thumb/v7e-m+fp/hard\libstdc++.a(class_type_info.o) (operator delete(void*, unsigned int))
d:/programfiles/gnu arm embedded toolchain/10 2021.10/bin/../lib/gcc/arm-none-eabi/10.3.1/../../../../arm-none-eabi/lib/thumb/v7e-m+fp/hard\libstdc++.a(eh_arm.o)
                              CMakeFiles/MusicClion.elf.dir/PrivateLibrary/Serial/DataStream/inputStream.cpp.obj (__cxa_end_cleanup)
d:/programfiles/gnu arm embedded toolchain/10 2021.10/bin/../lib/gcc/arm-none-eabi/10.3.1/../../../../arm-none-eabi/lib/thumb/v7e-m+fp/hard\libstdc++.a(eh_exception.o)
                              d:/programfiles/gnu arm embedded toolchain/10 2021.10/bin/../lib/gcc/arm-none-eabi/10.3.1/../../../../arm-none-eabi/lib/thumb/v7e-m+fp/hard\libstdc++.a(eh_arm.o) (typeinfo for __cxxabiv1::__forced_unwind)
d:/programfiles/gnu arm embedded toolchain/10 2021.10/bin/../lib/gcc/arm-none-eabi/10.3.1/../../../../arm-none-eabi/lib/thumb/v7e-m+fp/hard\libstdc++.a(eh_globals.o)
                              d:/programfiles/gnu arm embedded toolchain/10 2021.10/bin/../lib/gcc/arm-none-eabi/10.3.1/../../../../arm-none-eabi/lib/thumb/v7e-m+fp/hard\libstdc++.a(eh_arm.o) (__cxa_get_globals)
d:/programfiles/gnu arm embedded toolchain/10 2021.10/bin/../lib/gcc/arm-none-eabi/10.3.1/../../../../arm-none-eabi/lib/thumb/v7e-m+fp/hard\libstdc++.a(eh_personality.o)
                              CMakeFiles/MusicClion.elf.dir/PrivateLibrary/Serial/DataStream/inputStream.cpp.obj (__gxx_personality_v0)
d:/programfiles/gnu arm embedded toolchain/10 2021.10/bin/../lib/gcc/arm-none-eabi/10.3.1/../../../../arm-none-eabi/lib/thumb/v7e-m+fp/hard\libstdc++.a(eh_terminate.o)
                              d:/programfiles/gnu arm embedded toolchain/10 2021.10/bin/../lib/gcc/arm-none-eabi/10.3.1/../../../../arm-none-eabi/lib/thumb/v7e-m+fp/hard\libstdc++.a(eh_arm.o) (std::terminate())
d:/programfiles/gnu arm embedded toolchain/10 2021.10/bin/../lib/gcc/arm-none-eabi/10.3.1/../../../../arm-none-eabi/lib/thumb/v7e-m+fp/hard\libstdc++.a(eh_unex_handler.o)
                              d:/programfiles/gnu arm embedded toolchain/10 2021.10/bin/../lib/gcc/arm-none-eabi/10.3.1/../../../../arm-none-eabi/lib/thumb/v7e-m+fp/hard\libstdc++.a(eh_terminate.o) (__cxxabiv1::__unexpected_handler)
d:/programfiles/gnu arm embedded toolchain/10 2021.10/bin/../lib/gcc/arm-none-eabi/10.3.1/../../../../arm-none-eabi/lib/thumb/v7e-m+fp/hard\libstdc++.a(pure.o)
                              CMakeFiles/MusicClion.elf.dir/PrivateLibrary/Serial/BaseLib/MyUsart.cpp.obj (__cxa_pure_virtual)
d:/programfiles/gnu arm embedded toolchain/10 2021.10/bin/../lib/gcc/arm-none-eabi/10.3.1/../../../../arm-none-eabi/lib/thumb/v7e-m+fp/hard\libstdc++.a(si_class_type_info.o)
                              d:/programfiles/gnu arm embedded toolchain/10 2021.10/bin/../lib/gcc/arm-none-eabi/10.3.1/../../../../arm-none-eabi/lib/thumb/v7e-m+fp/hard\libstdc++.a(class_type_info.o) (vtable for __cxxabiv1::__si_class_type_info)
d:/programfiles/gnu arm embedded toolchain/10 2021.10/bin/../lib/gcc/arm-none-eabi/10.3.1/../../../../arm-none-eabi/lib/thumb/v7e-m+fp/hard\libstdc++.a(tinfo.o)
                              d:/programfiles/gnu arm embedded toolchain/10 2021.10/bin/../lib/gcc/arm-none-eabi/10.3.1/../../../../arm-none-eabi/lib/thumb/v7e-m+fp/hard\libstdc++.a(class_type_info.o) (std::type_info::~type_info())
d:/programfiles/gnu arm embedded toolchain/10 2021.10/bin/../lib/gcc/arm-none-eabi/10.3.1/../../../../arm-none-eabi/lib/thumb/v7e-m+fp/hard\libstdc++.a(vmi_class_type_info.o)
                              CMakeFiles/MusicClion.elf.dir/PrivateLibrary/Serial/BaseLib/MyUsart.cpp.obj (vtable for __cxxabiv1::__vmi_class_type_info)
d:/programfiles/gnu arm embedded toolchain/10 2021.10/bin/../lib/gcc/arm-none-eabi/10.3.1/../../../../arm-none-eabi/lib/thumb/v7e-m+fp/hard\libstdc++.a(vterminate.o)
[...]
Memory Configuration

Name             Origin             Length             Attributes
CCMRAM           0x10000000         0x00010000         xrw
RAM              0x20000000         0x00020000         xrw
FLASH            0x08000000         0x00100000         xr
*default*        0x00000000         0xffffffff

Linker script and memory map

LOAD d:/programfiles/gnu arm embedded toolchain/10 2021.10/bin/../lib/gcc/arm-none-eabi/10.3.1/thumb/v7e-m+fp/hard/crti.o
LOAD d:/programfiles/gnu arm embedded toolchain/10 2021.10/bin/../lib/gcc/arm-none-eabi/10.3.1/thumb/v7e-m+fp/hard/crtbegin.o
LOAD d:/programfiles/gnu arm embedded toolchain/10 2021.10/bin/../lib/gcc/arm-none-eabi/10.3.1/../../../../arm-none-eabi/lib/thumb/v7e-m+fp/hard/crt0.o
LOAD CMakeFiles/MusicClion.elf.dir/Core/Src/dma.c.obj
LOAD CMakeFiles/MusicClion.elf.dir/Core/Src/fsmc.c.obj
LOAD CMakeFiles/MusicClion.elf.dir/Core/Src/gpio.c.obj
LOAD CMakeFiles/MusicClion.elf.dir/Core/Src/i2s.c.obj
LOAD CMakeFiles/MusicClion.elf.dir/Core/Src/main.c.obj
LOAD CMakeFiles/MusicClion.elf.dir/Core/Src/sdio.c.obj
LOAD CMakeFiles/MusicClion.elf.dir/Core/Src/stm32f4xx_hal_msp.c.obj
LOAD CMakeFiles/MusicClion.elf.dir/Core/Src/stm32f4xx_it.c.obj
LOAD CMakeFiles/MusicClion.elf.dir/Core/Src/syscalls.c.obj
LOAD CMakeFiles/MusicClion.elf.dir/Core/Src/sysmem.c.obj
LOAD CMakeFiles/MusicClion.elf.dir/Core/Src/system_stm32f4xx.c.obj
LOAD CMakeFiles/MusicClion.elf.dir/Core/Src/usart.c.obj
LOAD CMakeFiles/MusicClion.elf.dir/Core/Startup/startup_stm32f407zgtx.s.obj
LOAD CMakeFiles/MusicClion.elf.dir/Drivers/STM32F4xx_HAL_Driver/Src/stm32f4xx_hal.c.obj
LOAD CMakeFiles/MusicClion.elf.dir/Drivers/STM32F4xx_HAL_Driver/Src/stm32f4xx_hal_cortex.c.obj
LOAD CMakeFiles/MusicClion.elf.dir/Drivers/STM32F4xx_HAL_Driver/Src/stm32f4xx_hal_dma.c.obj
LOAD CMakeFiles/MusicClion.elf.dir/Drivers/STM32F4xx_HAL_Driver/Src/stm32f4xx_hal_dma_ex.c.obj
LOAD CMakeFiles/MusicClion.elf.dir/Drivers/STM32F4xx_HAL_Driver/Src/stm32f4xx_hal_exti.c.obj
LOAD CMakeFiles/MusicClion.elf.dir/Drivers/STM32F4xx_HAL_Driver/Src/stm32f4xx_hal_flash.c.obj
LOAD CMakeFiles/MusicClion.elf.dir/Drivers/STM32F4xx_HAL_Driver/Src/stm32f4xx_hal_flash_ex.c.obj
LOAD CMakeFiles/MusicClion.elf.dir/Drivers/STM32F4xx_HAL_Driver/Src/stm32f4xx_hal_flash_ramfunc.c.obj
LOAD CMakeFiles/MusicClion.elf.dir/Drivers/STM32F4xx_HAL_Driver/Src/stm32f4xx_hal_gpio.c.obj
LOAD CMakeFiles/MusicClion.elf.dir/Drivers/STM32F4xx_HAL_Driver/Src/stm32f4xx_hal_i2s.c.obj
LOAD CMakeFiles/MusicClion.elf.dir/Drivers/STM32F4xx_HAL_Driver/Src/stm32f4xx_hal_i2s_ex.c.obj
LOAD CMakeFiles/MusicClion.elf.dir/Drivers/STM32F4xx_HAL_Driver/Src/stm32f4xx_hal_pwr.c.obj
LOAD CMakeFiles/MusicClion.elf.dir/Drivers/STM32F4xx_HAL_Driver/Src/stm32f4xx_hal_pwr_ex.c.obj
LOAD CMakeFiles/MusicClion.elf.dir/Drivers/STM32F4xx_HAL_Driver/Src/stm32f4xx_hal_rcc.c.obj
LOAD CMakeFiles/MusicClion.elf.dir/Drivers/STM32F4xx_HAL_Driver/Src/stm32f4xx_hal_rcc_ex.c.obj
LOAD CMakeFiles/MusicClion.elf.dir/Drivers/STM32F4xx_HAL_Driver/Src/stm32f4xx_hal_sd.c.obj
LOAD CMakeFiles/MusicClion.elf.dir/Drivers/STM32F4xx_HAL_Driver/Src/stm32f4xx_hal_sram.c.obj
LOAD CMakeFiles/MusicClion.elf.dir/Drivers/STM32F4xx_HAL_Driver/Src/stm32f4xx_hal_tim.c.obj
LOAD CMakeFiles/MusicClion.elf.dir/Drivers/STM32F4xx_HAL_Driver/Src/stm32f4xx_hal_tim_ex.c.obj
LOAD CMakeFiles/MusicClion.elf.dir/Drivers/STM32F4xx_HAL_Driver/Src/stm32f4xx_hal_uart.c.obj
LOAD CMakeFiles/MusicClion.elf.dir/Drivers/STM32F4xx_HAL_Driver/Src/stm32f4xx_ll_fsmc.c.obj
LOAD CMakeFiles/MusicClion.elf.dir/Drivers/STM32F4xx_HAL_Driver/Src/stm32f4xx_ll_sdmmc.c.obj
LOAD CMakeFiles/MusicClion.elf.dir/FATFS/App/fatfs.c.obj
LOAD CMakeFiles/MusicClion.elf.dir/FATFS/Target/bsp_driver_sd.c.obj
LOAD CMakeFiles/MusicClion.elf.dir/FATFS/Target/sd_diskio.c.obj
LOAD CMakeFiles/MusicClion.elf.dir/Middlewares/Third_Party/FatFs/src/diskio.c.obj
LOAD CMakeFiles/MusicClion.elf.dir/Middlewares/Third_Party/FatFs/src/ff.c.obj
LOAD CMakeFiles/MusicClion.elf.dir/Middlewares/Third_Party/FatFs/src/ff_gen_drv.c.obj
LOAD CMakeFiles/MusicClion.elf.dir/Middlewares/Third_Party/FatFs/src/option/cc936.c.obj
LOAD CMakeFiles/MusicClion.elf.dir/Middlewares/Third_Party/FatFs/src/option/syscall.c.obj
LOAD CMakeFiles/MusicClion.elf.dir/PrivateLibrary/AUDIOAnalysis/wav/wavplay.cpp.obj
LOAD CMakeFiles/MusicClion.elf.dir/PrivateLibrary/BSP/LCD/lcd.c.obj
LOAD CMakeFiles/MusicClion.elf.dir/PrivateLibrary/BSP/LCD/lcd_ex.c.obj
LOAD CMakeFiles/MusicClion.elf.dir/PrivateLibrary/BSP/SYSTEM/delay.c.obj
LOAD CMakeFiles/MusicClion.elf.dir/PrivateLibrary/BSP/SYSTEM/sys.c.obj
LOAD CMakeFiles/MusicClion.elf.dir/PrivateLibrary/BSP/Touch/24cxx.c.obj
LOAD CMakeFiles/MusicClion.elf.dir/PrivateLibrary/BSP/Touch/ctiic.c.obj
LOAD CMakeFiles/MusicClion.elf.dir/PrivateLibrary/BSP/Touch/ft5206.c.obj
LOAD CMakeFiles/MusicClion.elf.dir/PrivateLibrary/BSP/Touch/gt9xxx.c.obj
LOAD CMakeFiles/MusicClion.elf.dir/PrivateLibrary/BSP/Touch/myiic.c.obj
LOAD CMakeFiles/MusicClion.elf.dir/PrivateLibrary/BSP/Touch/touch.c.obj
LOAD CMakeFiles/MusicClion.elf.dir/PrivateLibrary/BSP/WM8978/wm8978.c.obj
LOAD CMakeFiles/MusicClion.elf.dir/PrivateLibrary/Bridge/Bradge.cpp.obj
LOAD CMakeFiles/MusicClion.elf.dir/PrivateLibrary/Protocol/IIC/myIIC99.c.obj
LOAD CMakeFiles/MusicClion.elf.dir/PrivateLibrary/Protocol/IIS/i2S2.c.obj
LOAD CMakeFiles/MusicClion.elf.dir/PrivateLibrary/Serial/BaseLib/MyUsart.cpp.obj
LOAD CMakeFiles/MusicClion.elf.dir/PrivateLibrary/Serial/DataStream/inputStream.cpp.obj
LOAD CMakeFiles/MusicClion.elf.dir/PrivateLibrary/Serial/DataStream/outputStream.cpp.obj
LOAD CMakeFiles/MusicClion.elf.dir/PrivateLibrary/Serial/OtherLib/WString.cpp.obj
LOAD CMakeFiles/MusicClion.elf.dir/PrivateLibrary/Serial/OtherLib/bswap.c.obj
LOAD CMakeFiles/MusicClion.elf.dir/PrivateLibrary/Serial/OtherLib/stdlib_noniso.c.obj
LOAD CMakeFiles/MusicClion.elf.dir/PrivateLibrary/hal/FileOperation/exfuns.c.obj
LOAD CMakeFiles/MusicClion.elf.dir/PrivateLibrary/hal/FileOperation/fattester.c.obj
LOAD CMakeFiles/MusicClion.elf.dir/PrivateLibrary/hal/button/key.c.obj
LOAD CMakeFiles/MusicClion.elf.dir/PrivateLibrary/hal/buzzer/beep.c.obj
LOAD CMakeFiles/MusicClion.elf.dir/PrivateLibrary/hal/hal.cpp.obj
LOAD CMakeFiles/MusicClion.elf.dir/User/Application/Music.cpp.obj
LOAD CMakeFiles/MusicClion.elf.dir/User/Application/Music/MusicAPP.cpp.obj
LOAD CMakeFiles/MusicClion.elf.dir/User/Application/Music/MusicPaker.cpp.obj
LOAD d:/programfiles/gnu arm embedded toolchain/10 2021.10/bin/../lib/gcc/arm-none-eabi/10.3.1/../../../../arm-none-eabi/lib/thumb/v7e-m+fp/hard\libstdc++.a
LOAD d:/programfiles/gnu arm embedded toolchain/10 2021.10/bin/../lib/gcc/arm-none-eabi/10.3.1/../../../../arm-none-eabi/lib/thumb/v7e-m+fp/hard\libm.a
START GROUP
LOAD d:/programfiles/gnu arm embedded toolchain/10 2021.10/bin/../lib/gcc/arm-none-eabi/10.3.1/thumb/v7e-m+fp/hard\libgcc.a
LOAD d:/programfiles/gnu arm embedded toolchain/10 2021.10/bin/../lib/gcc/arm-none-eabi/10.3.1/../../../../arm-none-eabi/lib/thumb/v7e-m+fp/hard\libg.a
LOAD d:/programfiles/gnu arm embedded toolchain/10 2021.10/bin/../lib/gcc/arm-none-eabi/10.3.1/../../../../arm-none-eabi/lib/thumb/v7e-m+fp/hard\libc.a
END GROUP
LOAD d:/programfiles/gnu arm embedded toolchain/10 2021.10/bin/../lib/gcc/arm-none-eabi/10.3.1/thumb/v7e-m+fp/hard/crtend.o
LOAD d:/programfiles/gnu arm embedded toolchain/10 2021.10/bin/../lib/gcc/arm-none-eabi/10.3.1/thumb/v7e-m+fp/hard/crtn.o
                0x20020000                _estack = (ORIGIN (RAM) + LENGTH (RAM))
                0x00000200                _Min_Heap_Size = 0x200
                0x00000400                _Min_Stack_Size = 0x400

.isr_vector     0x08000000      0x188
                0x08000000                . = ALIGN (0x4)
 *(.isr_vector)
 .isr_vector    0x08000000      0x188 CMakeFiles/MusicClion.elf.dir/Core/Startup/startup_stm32f407zgtx.s.obj
                0x08000000                g_pfnVectors
                0x08000188                . = ALIGN (0x4)

.text           0x080001c0    0x1934c
                0x080001c0                . = ALIGN (0x4)
 *(.text)
 .text          0x080001c0       0x40 d:/programfiles/gnu arm embedded toolchain/10 2021.10/bin/../lib/gcc/arm-none-eabi/10.3.1/thumb/v7e-m+fp/hard/crtbegin.o
 .text          0x08000200     0x5ee4 d:/programfiles/gnu arm embedded toolchain/10 2021.10/bin/../lib/gcc/arm-none-eabi/10.3.1/../../../../arm-none-eabi/lib/thumb/v7e-m+fp/hard\libstdc++.a(cp-demangle.o)
                0x08005ffc                __cxa_demangle
                0x080060c0                __gcclibcxx_demangle_callback
 .text          0x080060e4      0x378 d:/programfiles/gnu arm embedded toolchain/10 2021.10/bin/../lib/gcc/arm-none-eabi/10.3.1/thumb/v7e-m+fp/hard\libgcc.a(_arm_addsubdf3.o)
                0x080060e4                __aeabi_drsub
                0x080060ec                __aeabi_dsub
                0x080060ec                __subdf3
                0x080060f0                __aeabi_dadd
                0x080060f0                __adddf3
                0x08006368                __floatunsidf
                0x08006368                __aeabi_ui2d
                0x08006388                __floatsidf
                0x08006388                __aeabi_i2d
                0x080063ac                __aeabi_f2d
                0x080063ac                __extendsfdf2
                0x080063f0                __floatundidf
                0x080063f0                __aeabi_ul2d
                0x08006400                __floatdidf
                0x08006400                __aeabi_l2d
 .text          0x0800645c      0x424 d:/programfiles/gnu arm embedded toolchain/10 2021.10/bin/../lib/gcc/arm-none-eabi/10.3.1/thumb/v7e-m+fp/hard\libgcc.a(_arm_muldivdf3.o)
                0x0800645c                __aeabi_dmul
                0x0800645c                __muldf3
                0x080066b0                __divdf3
                0x080066b0                __aeabi_ddiv
 .text          0x08006880      0x110 d:/programfiles/gnu arm embedded toolchain/10 2021.10/bin/../lib/gcc/arm-none-eabi/10.3.1/thumb/v7e-m+fp/hard\libgcc.a(_arm_cmpdf2.o)
                0x08006880                __gtdf2
                0x08006880                __gedf2
                0x08006888                __ltdf2
                0x08006888                __ledf2
                0x08006890                __nedf2
                0x08006890                __eqdf2
                0x08006890                __cmpdf2
                0x0800690c                __aeabi_cdrcmple
                0x0800691c                __aeabi_cdcmpeq
                0x0800691c                __aeabi_cdcmple
                0x0800692c                __aeabi_dcmpeq
                0x08006940                __aeabi_dcmplt
                0x08006954                __aeabi_dcmple
                0x08006968                __aeabi_dcmpge
                0x0800697c                __aeabi_dcmpgt
 .text          0x08006990       0x2c d:/programfiles/gnu arm embedded toolchain/10 2021.10/bin/../lib/gcc/arm-none-eabi/10.3.1/thumb/v7e-m+fp/hard\libgcc.a(_arm_unorddf2.o)
                0x08006990                __unorddf2
                0x08006990                __aeabi_dcmpun
 .text          0x080069bc       0x50 d:/programfiles/gnu arm embedded toolchain/10 2021.10/bin/../lib/gcc/arm-none-eabi/10.3.1/thumb/v7e-m+fp/hard\libgcc.a(_arm_fixdfsi.o)
                0x080069bc                __aeabi_d2iz
                0x080069bc                __fixdfsi
 .text          0x08006a0c       0xa0 d:/programfiles/gnu arm embedded toolchain/10 2021.10/bin/../lib/gcc/arm-none-eabi/10.3.1/thumb/v7e-m+fp/hard\libgcc.a(_aeabi_ldivmod.o)
                0x08006a0c                __aeabi_ldivmod
 .text          0x08006aac       0x30 d:/programfiles/gnu arm embedded toolchain/10 2021.10/bin/../lib/gcc/arm-none-eabi/10.3.1/thumb/v7e-m+fp/hard\libgcc.a(_aeabi_uldivmod.o)
                0x08006aac                __aeabi_uldivmod
 .text          0x08006adc      0x2d0 d:/programfiles/gnu arm embedded toolchain/10 2021.10/bin/../lib/gcc/arm-none-eabi/10.3.1/thumb/v7e-m+fp/hard\libgcc.a(_udivmoddi4.o)
                0x08006adc                __udivmoddi4
 .text          0x08006dac      0x9d8 d:/programfiles/gnu arm embedded toolchain/10 2021.10/bin/../lib/gcc/arm-none-eabi/10.3.1/thumb/v7e-m+fp/hard\libgcc.a(unwind-arm.o)
                0x08007054                _Unwind_GetCFA
                0x08007058                __gnu_Unwind_RaiseException
                0x080070c0                __gnu_Unwind_ForcedUnwind
                0x080070d0                __gnu_Unwind_Resume
                0x08007114                __gnu_Unwind_Resume_or_Rethrow
                0x08007124                _Unwind_Complete
                0x08007128                _Unwind_DeleteException
                0x08007134                _Unwind_VRS_Get
                0x08007180                _Unwind_VRS_Set
                0x080071c8                __gnu_Unwind_Backtrace
                0x080074f4                __aeabi_unwind_cpp_pr0
                0x080074f8                __aeabi_unwind_cpp_pr1
                0x080074fc                __aeabi_unwind_cpp_pr2
                0x08007500                _Unwind_VRS_Pop
 .text          0x08007784      0x1ac d:/programfiles/gnu arm embedded toolchain/10 2021.10/bin/../lib/gcc/arm-none-eabi/10.3.1/thumb/v7e-m+fp/hard\libgcc.a(libunwind.o)
                0x08007784                __restore_core_regs
                0x08007784                restore_core_regs
                0x0800779c                __gnu_Unwind_Restore_VFP
                0x080077a4                __gnu_Unwind_Save_VFP
                0x080077ac                __gnu_Unwind_Restore_VFP_D
                0x080077b4                __gnu_Unwind_Save_VFP_D
                0x080077bc                __gnu_Unwind_Restore_VFP_D_16_to_31
                0x080077c4                __gnu_Unwind_Save_VFP_D_16_to_31
                0x080077cc                __gnu_Unwind_Restore_WMMXD
                0x08007810                __gnu_Unwind_Save_WMMXD
                0x08007854                __gnu_Unwind_Restore_WMMXC
                0x08007868                __gnu_Unwind_Save_WMMXC
                0x0800787c                ___Unwind_RaiseException
                0x0800787c                _Unwind_RaiseException
                0x080078a0                _Unwind_Resume
                0x080078a0                ___Unwind_Resume
                0x080078c4                _Unwind_Resume_or_Rethrow
                0x080078c4                ___Unwind_Resume_or_Rethrow
                0x080078e8                _Unwind_ForcedUnwind
                0x080078e8                ___Unwind_ForcedUnwind
                0x0800790c                ___Unwind_Backtrace
                0x0800790c                _Unwind_Backtrace
 .text          0x08007930      0x350 d:/programfiles/gnu arm embedded toolchain/10 2021.10/bin/../lib/gcc/arm-none-eabi/10.3.1/thumb/v7e-m+fp/hard\libgcc.a(pr-support.o)
                0x08007988                __gnu_unwind_execute
                0x08007c34                __gnu_unwind_frame
                0x08007c60                _Unwind_GetRegionStart
                0x08007c6c                _Unwind_GetLanguageSpecificData
 .text          0x08007c80        0x4 d:/programfiles/gnu arm embedded toolchain/10 2021.10/bin/../lib/gcc/arm-none-eabi/10.3.1/thumb/v7e-m+fp/hard\libgcc.a(_dvmd_tls.o)
                0x08007c80                __aeabi_idiv0
                0x08007c80                __aeabi_ldiv0
 *fill*         0x08007c84        0xc 
 .text          0x08007c90       0xa0 d:/programfiles/gnu arm embedded toolchain/10 2021.10/bin/../lib/gcc/arm-none-eabi/10.3.1/../../../../arm-none-eabi/lib/thumb/v7e-m+fp/hard\libg.a(lib_a-memchr.o)
                0x08007c90                memchr
 .text          0x08007d30      0x134 d:/programfiles/gnu arm embedded toolchain/10 2021.10/bin/../lib/gcc/arm-none-eabi/10.3.1/../../../../arm-none-eabi/lib/thumb/v7e-m+fp/hard\libg.a(lib_a-memcpy.o)
                0x08007d30                memcpy
 *fill*         0x08007e64       0x1c 
 .text          0x08007e80      0x2dc d:/programfiles/gnu arm embedded toolchain/10 2021.10/bin/../lib/gcc/arm-none-eabi/10.3.1/../../../../arm-none-eabi/lib/thumb/v7e-m+fp/hard\libg.a(lib_a-strcmp.o)
                0x08007e88                strcmp
 *fill*         0x0800815c       0x24 
 .text          0x08008180       0xdc d:/programfiles/gnu arm embedded toolchain/10 2021.10/bin/../lib/gcc/arm-none-eabi/10.3.1/../../../../arm-none-eabi/lib/thumb/v7e-m+fp/hard\libg.a(lib_a-strlen.o)
                0x08008180                strlen
 *(.text*)
 .text.MX_DMA_Init
                0x0800825c       0x88 CMakeFiles/MusicClion.elf.dir/Core/Src/dma.c.obj
                0x0800825c                MX_DMA_Init
 .text.HAL_FSMC_MspInit
                0x080082e4       0xb4 CMakeFiles/MusicClion.elf.dir/Core/Src/fsmc.c.obj
 .text.MX_FSMC_Init
                0x08008398       0x70 CMakeFiles/MusicClion.elf.dir/Core/Src/fsmc.c.obj
                0x08008398                MX_FSMC_Init
 .text.HAL_SRAM_MspInit
                0x08008408        0x8 CMakeFiles/MusicClion.elf.dir/Core/Src/fsmc.c.obj
                0x08008408                HAL_SRAM_MspInit
 .text.MX_GPIO_Init
                0x08008410       0xe4 CMakeFiles/MusicClion.elf.dir/Core/Src/gpio.c.obj
                0x08008410                MX_GPIO_Init
 .text.__io_putchar
                0x080084f4       0x20 CMakeFiles/MusicClion.elf.dir/Core/Src/main.c.obj
                0x080084f4                __io_putchar
 .text._write   0x08008514       0x1c CMakeFiles/MusicClion.elf.dir/Core/Src/main.c.obj
                0x08008514                _write
 .text.Error_Handler
                0x08008530        0x4 CMakeFiles/MusicClion.elf.dir/Core/Src/main.c.obj
                0x08008530                Error_Handler
 .text.SystemClock_Config
                0x08008534       0xac CMakeFiles/MusicClion.elf.dir/Core/Src/main.c.obj
                0x08008534                SystemClock_Config
 .text.main     0x080085e0       0x2c CMakeFiles/MusicClion.elf.dir/Core/Src/main.c.obj
                0x080085e0                main
 .text.MX_SDIO_SD_Init
                0x0800860c       0x20 CMakeFiles/MusicClion.elf.dir/Core/Src/sdio.c.obj
                0x0800860c                MX_SDIO_SD_Init
 .text.HAL_SD_MspInit
                0x0800862c      0x170 CMakeFiles/MusicClion.elf.dir/Core/Src/sdio.c.obj
                0x0800862c                HAL_SD_MspInit
 .text.HAL_MspInit
                0x0800879c       0x38 CMakeFiles/MusicClion.elf.dir/Core/Src/stm32f4xx_hal_msp.c.obj
                0x0800879c                HAL_MspInit
 .text.NMI_Handler
                0x080087d4        0x2 CMakeFiles/MusicClion.elf.dir/Core/Src/stm32f4xx_it.c.obj
                0x080087d4                NMI_Handler
 .text.HardFault_Handler
                0x080087d6        0x2 CMakeFiles/MusicClion.elf.dir/Core/Src/stm32f4xx_it.c.obj
                0x080087d6                HardFault_Handler
 .text.MemManage_Handler
                0x080087d8        0x2 CMakeFiles/MusicClion.elf.dir/Core/Src/stm32f4xx_it.c.obj
                0x080087d8                MemManage_Handler
 .text.BusFault_Handler
                0x080087da        0x2 CMakeFiles/MusicClion.elf.dir/Core/Src/stm32f4xx_it.c.obj
                0x080087da                BusFault_Handler
 .text.UsageFault_Handler
                0x080087dc        0x2 CMakeFiles/MusicClion.elf.dir/Core/Src/stm32f4xx_it.c.obj
                0x080087dc                UsageFault_Handler
 .text.SVC_Handler
                0x080087de        0x2 CMakeFiles/MusicClion.elf.dir/Core/Src/stm32f4xx_it.c.obj
                0x080087de                SVC_Handler
 .text.DebugMon_Handler
                0x080087e0        0x2 CMakeFiles/MusicClion.elf.dir/Core/Src/stm32f4xx_it.c.obj
                0x080087e0                DebugMon_Handler
 .text.PendSV_Handler
                0x080087e2        0x2 CMakeFiles/MusicClion.elf.dir/Core/Src/stm32f4xx_it.c.obj
                0x080087e2                PendSV_Handler
 .text.SysTick_Handler
                0x080087e4        0x8 CMakeFiles/MusicClion.elf.dir/Core/Src/stm32f4xx_it.c.obj
                0x080087e4                SysTick_Handler
 .text.SPI2_IRQHandler
                0x080087ec        0x2 CMakeFiles/MusicClion.elf.dir/Core/Src/stm32f4xx_it.c.obj
                0x080087ec                SPI2_IRQHandler
 *fill*         0x080087ee        0x2 
 .text.USART1_IRQHandler
                0x080087f0       0x10 CMakeFiles/MusicClion.elf.dir/Core/Src/stm32f4xx_it.c.obj
                0x080087f0                USART1_IRQHandler
 .text.SDIO_IRQHandler
                0x08008800       0x10 CMakeFiles/MusicClion.elf.dir/Core/Src/stm32f4xx_it.c.obj
                0x08008800                SDIO_IRQHandler
 .text.DMA2_Stream2_IRQHandler
                0x08008810       0x10 CMakeFiles/MusicClion.elf.dir/Core/Src/stm32f4xx_it.c.obj
                0x08008810                DMA2_Stream2_IRQHandler
 .text.DMA2_Stream3_IRQHandler
                0x08008820       0x10 CMakeFiles/MusicClion.elf.dir/Core/Src/stm32f4xx_it.c.obj
                0x08008820                DMA2_Stream3_IRQHandler
 .text.DMA2_Stream6_IRQHandler
                0x08008830       0x10 CMakeFiles/MusicClion.elf.dir/Core/Src/stm32f4xx_it.c.obj
                0x08008830                DMA2_Stream6_IRQHandler
 .text.DMA2_Stream7_IRQHandler
                0x08008840       0x10 CMakeFiles/MusicClion.elf.dir/Core/Src/stm32f4xx_it.c.obj
                0x08008840                DMA2_Stream7_IRQHandler
 .text._getpid  0x08008850        0x4 CMakeFiles/MusicClion.elf.dir/Core/Src/syscalls.c.obj
                0x08008850                _getpid
 .text._kill    0x08008854       0x10 CMakeFiles/MusicClion.elf.dir/Core/Src/syscalls.c.obj
                0x08008854                _kill
 .text._exit    0x08008864        0xc CMakeFiles/MusicClion.elf.dir/Core/Src/syscalls.c.obj
                0x08008864                _exit
 .text._read    0x08008870       0x20 CMakeFiles/MusicClion.elf.dir/Core/Src/syscalls.c.obj
                0x08008870                _read
 .text._close   0x08008890        0x6 CMakeFiles/MusicClion.elf.dir/Core/Src/syscalls.c.obj
                0x08008890                _close
 .text._fstat   0x08008896        0xa CMakeFiles/MusicClion.elf.dir/Core/Src/syscalls.c.obj
                0x08008896                _fstat
 .text._isatty  0x080088a0        0x4 CMakeFiles/MusicClion.elf.dir/Core/Src/syscalls.c.obj
                0x080088a0                _isatty
 .text._lseek   0x080088a4        0x4 CMakeFiles/MusicClion.elf.dir/Core/Src/syscalls.c.obj
                0x080088a4                _lseek
 .text._sbrk    0x080088a8       0x48 CMakeFiles/MusicClion.elf.dir/Core/Src/sysmem.c.obj
                0x080088a8                _sbrk
 .text.SystemInit
                0x080088f0       0x14 CMakeFiles/MusicClion.elf.dir/Core/Src/system_stm32f4xx.c.obj
                0x080088f0                SystemInit
 .text.MX_USART1_UART_Init
                0x08008904       0x34 CMakeFiles/MusicClion.elf.dir/Core/Src/usart.c.obj
                0x08008904                MX_USART1_UART_Init
 .text.HAL_UART_MspInit
                0x08008938       0xfc CMakeFiles/MusicClion.elf.dir/Core/Src/usart.c.obj
                0x08008938                HAL_UART_MspInit
 .text.Reset_Handler
                0x08008a34       0x50 CMakeFiles/MusicClion.elf.dir/Core/Startup/startup_stm32f407zgtx.s.obj
                0x08008a34                Reset_Handler
 .text.Default_Handler
                0x08008a84        0x2 CMakeFiles/MusicClion.elf.dir/Core/Startup/startup_stm32f407zgtx.s.obj
                0x08008a84                RTC_Alarm_IRQHandler
                0x08008a84                HASH_RNG_IRQHandler
                0x08008a84                EXTI2_IRQHandler
                0x08008a84                TIM8_CC_IRQHandler
                0x08008a84                TIM1_CC_IRQHandler
                0x08008a84                DMA2_Stream5_IRQHandler
                0x08008a84                DMA1_Stream5_IRQHandler
                0x08008a84                PVD_IRQHandler
                0x08008a84                TAMP_STAMP_IRQHandler
                0x08008a84                CAN2_RX1_IRQHandler
                0x08008a84                EXTI3_IRQHandler
                0x08008a84                TIM8_TRG_COM_TIM14_IRQHandler
                0x08008a84                TIM1_UP_TIM10_IRQHandler
                0x08008a84                TIM8_UP_TIM13_IRQHandler
                0x08008a84                I2C3_ER_IRQHandler
                0x08008a84                EXTI0_IRQHandler
                0x08008a84                I2C2_EV_IRQHandler
                0x08008a84                DMA1_Stream2_IRQHandler
                0x08008a84                CAN1_RX0_IRQHandler
                0x08008a84                FPU_IRQHandler
                0x08008a84                OTG_HS_WKUP_IRQHandler
                0x08008a84                CAN2_SCE_IRQHandler
                0x08008a84                SPI1_IRQHandler
                0x08008a84                TIM6_DAC_IRQHandler
                0x08008a84                TIM1_BRK_TIM9_IRQHandler
                0x08008a84                DCMI_IRQHandler
                0x08008a84                CAN2_RX0_IRQHandler
                0x08008a84                USART6_IRQHandler
                0x08008a84                USART3_IRQHandler
                0x08008a84                CAN1_RX1_IRQHandler
                0x08008a84                UART5_IRQHandler
                0x08008a84                DMA2_Stream0_IRQHandler
                0x08008a84                TIM4_IRQHandler
                0x08008a84                I2C1_EV_IRQHandler
                0x08008a84                DMA1_Stream6_IRQHandler
                0x08008a84                DMA1_Stream1_IRQHandler
                0x08008a84                UART4_IRQHandler
                0x08008a84                TIM3_IRQHandler
                0x08008a84                RCC_IRQHandler
                0x08008a84                TIM8_BRK_TIM12_IRQHandler
                0x08008a84                Default_Handler
                0x08008a84                EXTI15_10_IRQHandler
                0x08008a84                ADC_IRQHandler
                0x08008a84                DMA1_Stream7_IRQHandler
                0x08008a84                TIM7_IRQHandler
                0x08008a84                CAN2_TX_IRQHandler
                0x08008a84                TIM5_IRQHandler
                0x08008a84                I2C3_EV_IRQHandler
                0x08008a84                EXTI9_5_IRQHandler
                0x08008a84                RTC_WKUP_IRQHandler
                0x08008a84                ETH_WKUP_IRQHandler
                0x08008a84                OTG_HS_EP1_IN_IRQHandler
                0x08008a84                DMA1_Stream0_IRQHandler
                0x08008a84                CAN1_TX_IRQHandler
                0x08008a84                EXTI4_IRQHandler
                0x08008a84                FSMC_IRQHandler
                0x08008a84                ETH_IRQHandler
                0x08008a84                OTG_HS_EP1_OUT_IRQHandler
                0x08008a84                WWDG_IRQHandler
                0x08008a84                TIM2_IRQHandler
                0x08008a84                OTG_FS_WKUP_IRQHandler
                0x08008a84                TIM1_TRG_COM_TIM11_IRQHandler
                0x08008a84                OTG_HS_IRQHandler
                0x08008a84                EXTI1_IRQHandler
                0x08008a84                USART2_IRQHandler
                0x08008a84                I2C2_ER_IRQHandler
                0x08008a84                DMA2_Stream1_IRQHandler
                0x08008a84                CAN1_SCE_IRQHandler
                0x08008a84                FLASH_IRQHandler
                0x08008a84                DMA2_Stream4_IRQHandler
                0x08008a84                OTG_FS_IRQHandler
                0x08008a84                SPI3_IRQHandler
                0x08008a84                I2C1_ER_IRQHandler
                0x08008a84                DMA1_Stream3_IRQHandler
 *fill*         0x08008a86        0x2 
 .text.HAL_InitTick
                0x08008a88       0x4c CMakeFiles/MusicClion.elf.dir/Drivers/STM32F4xx_HAL_Driver/Src/stm32f4xx_hal.c.obj
                0x08008a88                HAL_InitTick
 .text.HAL_Init
                0x08008ad4       0x34 CMakeFiles/MusicClion.elf.dir/Drivers/STM32F4xx_HAL_Driver/Src/stm32f4xx_hal.c.obj
                0x08008ad4                HAL_Init
 .text.HAL_IncTick
                0x08008b08       0x18 CMakeFiles/MusicClion.elf.dir/Drivers/STM32F4xx_HAL_Driver/Src/stm32f4xx_hal.c.obj
                0x08008b08                HAL_IncTick
 .text.HAL_GetTick
                0x08008b20        0xc CMakeFiles/MusicClion.elf.dir/Drivers/STM32F4xx_HAL_Driver/Src/stm32f4xx_hal.c.obj
                0x08008b20                HAL_GetTick
 .text.HAL_Delay
                0x08008b2c       0x28 CMakeFiles/MusicClion.elf.dir/Drivers/STM32F4xx_HAL_Driver/Src/stm32f4xx_hal.c.obj
                0x08008b2c                HAL_Delay
 .text.HAL_NVIC_SetPriorityGrouping
                0x08008b54       0x24 CMakeFiles/MusicClion.elf.dir/Drivers/STM32F4xx_HAL_Driver/Src/stm32f4xx_hal_cortex.c.obj
                0x08008b54                HAL_NVIC_SetPriorityGrouping
 .text.HAL_NVIC_SetPriority
                0x08008b78       0x70 CMakeFiles/MusicClion.elf.dir/Drivers/STM32F4xx_HAL_Driver/Src/stm32f4xx_hal_cortex.c.obj
                0x08008b78                HAL_NVIC_SetPriority
 .text.HAL_NVIC_EnableIRQ
                0x08008be8       0x1c CMakeFiles/MusicClion.elf.dir/Drivers/STM32F4xx_HAL_Driver/Src/stm32f4xx_hal_cortex.c.obj
                0x08008be8                HAL_NVIC_EnableIRQ
 .text.HAL_SYSTICK_Config
                0x08008c04       0x28 CMakeFiles/MusicClion.elf.dir/Drivers/STM32F4xx_HAL_Driver/Src/stm32f4xx_hal_cortex.c.obj
                0x08008c04                HAL_SYSTICK_Config
 .text.DMA_SetConfig
                0x08008c2c       0x2c CMakeFiles/MusicClion.elf.dir/Drivers/STM32F4xx_HAL_Driver/Src/stm32f4xx_hal_dma.c.obj
 .text.DMA_CalcBaseAndBitshift
                0x08008c58       0x44 CMakeFiles/MusicClion.elf.dir/Drivers/STM32F4xx_HAL_Driver/Src/stm32f4xx_hal_dma.c.obj
 .text.DMA_CheckFifoParam
                0x08008c9c       0x8e CMakeFiles/MusicClion.elf.dir/Drivers/STM32F4xx_HAL_Driver/Src/stm32f4xx_hal_dma.c.obj
 *fill*         0x08008d2a        0x2 
 .text.HAL_DMA_Init
                0x08008d2c       0xcc CMakeFiles/MusicClion.elf.dir/Drivers/STM32F4xx_HAL_Driver/Src/stm32f4xx_hal_dma.c.obj
                0x08008d2c                HAL_DMA_Init
 .text.HAL_DMA_DeInit
                0x08008df8       0x64 CMakeFiles/MusicClion.elf.dir/Drivers/STM32F4xx_HAL_Driver/Src/stm32f4xx_hal_dma.c.obj
                0x08008df8                HAL_DMA_DeInit
 .text.HAL_DMA_Start_IT
                0x08008e5c       0x6a CMakeFiles/MusicClion.elf.dir/Drivers/STM32F4xx_HAL_Driver/Src/stm32f4xx_hal_dma.c.obj
                0x08008e5c                HAL_DMA_Start_IT
 .text.HAL_DMA_Abort
                0x08008ec6       0x94 CMakeFiles/MusicClion.elf.dir/Drivers/STM32F4xx_HAL_Driver/Src/stm32f4xx_hal_dma.c.obj
                0x08008ec6                HAL_DMA_Abort
 .text.HAL_DMA_Abort_IT
                0x08008f5a       0x26 CMakeFiles/MusicClion.elf.dir/Drivers/STM32F4xx_HAL_Driver/Src/stm32f4xx_hal_dma.c.obj
                0x08008f5a                HAL_DMA_Abort_IT
 .text.HAL_DMA_IRQHandler
                0x08008f80      0x1dc CMakeFiles/MusicClion.elf.dir/Drivers/STM32F4xx_HAL_Driver/Src/stm32f4xx_hal_dma.c.obj
                0x08008f80                HAL_DMA_IRQHandler
 .text.HAL_DMA_GetError
                0x0800915c        0x4 CMakeFiles/MusicClion.elf.dir/Drivers/STM32F4xx_HAL_Driver/Src/stm32f4xx_hal_dma.c.obj
                0x0800915c                HAL_DMA_GetError
 .text.DMA_MultiBufferSetConfig
                0x08009160       0x24 CMakeFiles/MusicClion.elf.dir/Drivers/STM32F4xx_HAL_Driver/Src/stm32f4xx_hal_dma_ex.c.obj
 .text.HAL_DMAEx_MultiBufferStart
                0x08009184       0x5e CMakeFiles/MusicClion.elf.dir/Drivers/STM32F4xx_HAL_Driver/Src/stm32f4xx_hal_dma_ex.c.obj
                0x08009184                HAL_DMAEx_MultiBufferStart
 *fill*         0x080091e2        0x2 
 .text.HAL_GPIO_Init
                0x080091e4      0x1e4 CMakeFiles/MusicClion.elf.dir/Drivers/STM32F4xx_HAL_Driver/Src/stm32f4xx_hal_gpio.c.obj
                0x080091e4                HAL_GPIO_Init
 .text.HAL_GPIO_ReadPin
                0x080093c8        0xe CMakeFiles/MusicClion.elf.dir/Drivers/STM32F4xx_HAL_Driver/Src/stm32f4xx_hal_gpio.c.obj
                0x080093c8                HAL_GPIO_ReadPin
 .text.HAL_GPIO_WritePin
                0x080093d6        0xc CMakeFiles/MusicClion.elf.dir/Drivers/STM32F4xx_HAL_Driver/Src/stm32f4xx_hal_gpio.c.obj
                0x080093d6                HAL_GPIO_WritePin
 .text.HAL_GPIO_TogglePin
                0x080093e2       0x12 CMakeFiles/MusicClion.elf.dir/Drivers/STM32F4xx_HAL_Driver/Src/stm32f4xx_hal_gpio.c.obj
                0x080093e2                HAL_GPIO_TogglePin
 .text.HAL_I2S_Init
                0x080093f4      0x19c CMakeFiles/MusicClion.elf.dir/Drivers/STM32F4xx_HAL_Driver/Src/stm32f4xx_hal_i2s.c.obj
                0x080093f4                HAL_I2S_Init
 .text.HAL_I2S_TxCpltCallback
                0x08009590        0x2 CMakeFiles/MusicClion.elf.dir/Drivers/STM32F4xx_HAL_Driver/Src/stm32f4xx_hal_i2s.c.obj
                0x08009590                HAL_I2S_TxCpltCallback
 .text.I2S_Transmit_IT
                0x08009592       0x38 CMakeFiles/MusicClion.elf.dir/Drivers/STM32F4xx_HAL_Driver/Src/stm32f4xx_hal_i2s.c.obj
 .text.HAL_I2S_RxCpltCallback
                0x080095ca        0x2 CMakeFiles/MusicClion.elf.dir/Drivers/STM32F4xx_HAL_Driver/Src/stm32f4xx_hal_i2s.c.obj
                0x080095ca                HAL_I2S_RxCpltCallback
 .text.I2S_Receive_IT
                0x080095cc       0x38 CMakeFiles/MusicClion.elf.dir/Drivers/STM32F4xx_HAL_Driver/Src/stm32f4xx_hal_i2s.c.obj
 .text.HAL_I2S_ErrorCallback
                0x08009604        0x2 CMakeFiles/MusicClion.elf.dir/Drivers/STM32F4xx_HAL_Driver/Src/stm32f4xx_hal_i2s.c.obj
                0x08009604                HAL_I2S_ErrorCallback
 .text.I2S_IRQHandler
                0x08009606       0xd0 CMakeFiles/MusicClion.elf.dir/Drivers/STM32F4xx_HAL_Driver/Src/stm32f4xx_hal_i2s.c.obj
 .text.HAL_I2SEx_TxRxCpltCallback
                0x080096d6        0x2 CMakeFiles/MusicClion.elf.dir/Drivers/STM32F4xx_HAL_Driver/Src/stm32f4xx_hal_i2s_ex.c.obj
                0x080096d6                HAL_I2SEx_TxRxCpltCallback
 .text.I2SEx_TxISR_I2S
                0x080096d8       0x3c CMakeFiles/MusicClion.elf.dir/Drivers/STM32F4xx_HAL_Driver/Src/stm32f4xx_hal_i2s_ex.c.obj
 .text.I2SEx_RxISR_I2SExt
                0x08009714       0x64 CMakeFiles/MusicClion.elf.dir/Drivers/STM32F4xx_HAL_Driver/Src/stm32f4xx_hal_i2s_ex.c.obj
 .text.I2SEx_TxISR_I2SExt
                0x08009778       0x64 CMakeFiles/MusicClion.elf.dir/Drivers/STM32F4xx_HAL_Driver/Src/stm32f4xx_hal_i2s_ex.c.obj
 .text.I2SEx_RxISR_I2S
                0x080097dc       0x3c CMakeFiles/MusicClion.elf.dir/Drivers/STM32F4xx_HAL_Driver/Src/stm32f4xx_hal_i2s_ex.c.obj
 .text.HAL_I2SEx_FullDuplex_IRQHandler
                0x08009818      0x1d8 CMakeFiles/MusicClion.elf.dir/Drivers/STM32F4xx_HAL_Driver/Src/stm32f4xx_hal_i2s_ex.c.obj
                0x08009818                HAL_I2SEx_FullDuplex_IRQHandler
 .text.HAL_RCC_OscConfig
                0x080099f0      0x3f8 CMakeFiles/MusicClion.elf.dir/Drivers/STM32F4xx_HAL_Driver/Src/stm32f4xx_hal_rcc.c.obj
                0x080099f0                HAL_RCC_OscConfig
 .text.HAL_RCC_GetSysClockFreq
                0x08009de8       0xd4 CMakeFiles/MusicClion.elf.dir/Drivers/STM32F4xx_HAL_Driver/Src/stm32f4xx_hal_rcc.c.obj
                0x08009de8                HAL_RCC_GetSysClockFreq
 .text.HAL_RCC_ClockConfig
                0x08009ebc      0x160 CMakeFiles/MusicClion.elf.dir/Drivers/STM32F4xx_HAL_Driver/Src/stm32f4xx_hal_rcc.c.obj
                0x08009ebc                HAL_RCC_ClockConfig
 .text.HAL_RCC_GetHCLKFreq
                0x0800a01c        0xc CMakeFiles/MusicClion.elf.dir/Drivers/STM32F4xx_HAL_Driver/Src/stm32f4xx_hal_rcc.c.obj
                0x0800a01c                HAL_RCC_GetHCLKFreq
 .text.HAL_RCC_GetPCLK1Freq
                0x0800a028       0x20 CMakeFiles/MusicClion.elf.dir/Drivers/STM32F4xx_HAL_Driver/Src/stm32f4xx_hal_rcc.c.obj
                0x0800a028                HAL_RCC_GetPCLK1Freq
 .text.HAL_RCC_GetPCLK2Freq
                0x0800a048       0x20 CMakeFiles/MusicClion.elf.dir/Drivers/STM32F4xx_HAL_Driver/Src/stm32f4xx_hal_rcc.c.obj
                0x0800a048                HAL_RCC_GetPCLK2Freq
 .text.HAL_RCCEx_PeriphCLKConfig
                0x0800a068      0x154 CMakeFiles/MusicClion.elf.dir/Drivers/STM32F4xx_HAL_Driver/Src/stm32f4xx_hal_rcc_ex.c.obj
                0x0800a068                HAL_RCCEx_PeriphCLKConfig
 .text.HAL_RCCEx_GetPeriphCLKFreq
                0x0800a1bc       0x74 CMakeFiles/MusicClion.elf.dir/Drivers/STM32F4xx_HAL_Driver/Src/stm32f4xx_hal_rcc_ex.c.obj
                0x0800a1bc                HAL_RCCEx_GetPeriphCLKFreq
 .text.SD_DMATransmitCplt
                0x0800a230        0xe CMakeFiles/MusicClion.elf.dir/Drivers/STM32F4xx_HAL_Driver/Src/stm32f4xx_hal_sd.c.obj
 *fill*         0x0800a23e        0x2 
 .text.SD_PowerON
                0x0800a240       0xc0 CMakeFiles/MusicClion.elf.dir/Drivers/STM32F4xx_HAL_Driver/Src/stm32f4xx_hal_sd.c.obj
 .text.SD_Read_IT
                0x0800a300       0x38 CMakeFiles/MusicClion.elf.dir/Drivers/STM32F4xx_HAL_Driver/Src/stm32f4xx_hal_sd.c.obj
 .text.SD_Write_IT
                0x0800a338       0x48 CMakeFiles/MusicClion.elf.dir/Drivers/STM32F4xx_HAL_Driver/Src/stm32f4xx_hal_sd.c.obj
 .text.SD_FindSCR
                0x0800a380      0x100 CMakeFiles/MusicClion.elf.dir/Drivers/STM32F4xx_HAL_Driver/Src/stm32f4xx_hal_sd.c.obj
 .text.SD_WideBus_Enable
                0x0800a480       0x4e CMakeFiles/MusicClion.elf.dir/Drivers/STM32F4xx_HAL_Driver/Src/stm32f4xx_hal_sd.c.obj
 .text.SD_WideBus_Disable
                0x0800a4ce       0x4e CMakeFiles/MusicClion.elf.dir/Drivers/STM32F4xx_HAL_Driver/Src/stm32f4xx_hal_sd.c.obj
 .text.SD_SendStatus
                0x0800a51c       0x2c CMakeFiles/MusicClion.elf.dir/Drivers/STM32F4xx_HAL_Driver/Src/stm32f4xx_hal_sd.c.obj
 .text.HAL_SD_ReadBlocks_DMA
                0x0800a548      0x138 CMakeFiles/MusicClion.elf.dir/Drivers/STM32F4xx_HAL_Driver/Src/stm32f4xx_hal_sd.c.obj
                0x0800a548                HAL_SD_ReadBlocks_DMA
 .text.HAL_SD_WriteBlocks_DMA
                0x0800a680      0x13c CMakeFiles/MusicClion.elf.dir/Drivers/STM32F4xx_HAL_Driver/Src/stm32f4xx_hal_sd.c.obj
                0x0800a680                HAL_SD_WriteBlocks_DMA
 .text.HAL_SD_ErrorCallback
                0x0800a7bc        0x2 CMakeFiles/MusicClion.elf.dir/Drivers/STM32F4xx_HAL_Driver/Src/stm32f4xx_hal_sd.c.obj
                0x0800a7bc                HAL_SD_ErrorCallback
 .text.SD_DMAReceiveCplt
                0x0800a7be       0x48 CMakeFiles/MusicClion.elf.dir/Drivers/STM32F4xx_HAL_Driver/Src/stm32f4xx_hal_sd.c.obj
 *fill*         0x0800a806        0x2 
 .text.HAL_SD_GetCardCSD
                0x0800a808      0x1b8 CMakeFiles/MusicClion.elf.dir/Drivers/STM32F4xx_HAL_Driver/Src/stm32f4xx_hal_sd.c.obj
                0x0800a808                HAL_SD_GetCardCSD
 .text.SD_InitCard
                0x0800a9c0      0x100 CMakeFiles/MusicClion.elf.dir/Drivers/STM32F4xx_HAL_Driver/Src/stm32f4xx_hal_sd.c.obj
 .text.HAL_SD_InitCard
                0x0800aac0       0xa8 CMakeFiles/MusicClion.elf.dir/Drivers/STM32F4xx_HAL_Driver/Src/stm32f4xx_hal_sd.c.obj
                0x0800aac0                HAL_SD_InitCard
 .text.HAL_SD_Init
                0x0800ab68       0x36 CMakeFiles/MusicClion.elf.dir/Drivers/STM32F4xx_HAL_Driver/Src/stm32f4xx_hal_sd.c.obj
                0x0800ab68                HAL_SD_Init
 .text.HAL_SD_GetCardInfo
                0x0800ab9e       0x24 CMakeFiles/MusicClion.elf.dir/Drivers/STM32F4xx_HAL_Driver/Src/stm32f4xx_hal_sd.c.obj
                0x0800ab9e                HAL_SD_GetCardInfo
 *fill*         0x0800abc2        0x2 
 .text.HAL_SD_ConfigWideBusOperation
                0x0800abc4       0xc0 CMakeFiles/MusicClion.elf.dir/Drivers/STM32F4xx_HAL_Driver/Src/stm32f4xx_hal_sd.c.obj
                0x0800abc4                HAL_SD_ConfigWideBusOperation
 .text.HAL_SD_GetCardState
                0x0800ac84       0x22 CMakeFiles/MusicClion.elf.dir/Drivers/STM32F4xx_HAL_Driver/Src/stm32f4xx_hal_sd.c.obj
                0x0800ac84                HAL_SD_GetCardState
 *fill*         0x0800aca6        0x2 
 .text.SD_DMAError
                0x0800aca8       0x68 CMakeFiles/MusicClion.elf.dir/Drivers/STM32F4xx_HAL_Driver/Src/stm32f4xx_hal_sd.c.obj
 .text.SD_DMATxAbort
                0x0800ad10       0x44 CMakeFiles/MusicClion.elf.dir/Drivers/STM32F4xx_HAL_Driver/Src/stm32f4xx_hal_sd.c.obj
 .text.SD_DMARxAbort
                0x0800ad54       0x44 CMakeFiles/MusicClion.elf.dir/Drivers/STM32F4xx_HAL_Driver/Src/stm32f4xx_hal_sd.c.obj
 .text.HAL_SD_IRQHandler
                0x0800ad98      0x1e0 CMakeFiles/MusicClion.elf.dir/Drivers/STM32F4xx_HAL_Driver/Src/stm32f4xx_hal_sd.c.obj
                0x0800ad98                HAL_SD_IRQHandler
 .text.HAL_SRAM_Init
                0x0800af78       0x58 CMakeFiles/MusicClion.elf.dir/Drivers/STM32F4xx_HAL_Driver/Src/stm32f4xx_hal_sram.c.obj
                0x0800af78                HAL_SRAM_Init
 .text.UART_EndTxTransfer
                0x0800afd0       0x20 CMakeFiles/MusicClion.elf.dir/Drivers/STM32F4xx_HAL_Driver/Src/stm32f4xx_hal_uart.c.obj
 .text.UART_EndRxTransfer
                0x0800aff0       0x5c CMakeFiles/MusicClion.elf.dir/Drivers/STM32F4xx_HAL_Driver/Src/stm32f4xx_hal_uart.c.obj
 .text.UART_Transmit_IT
                0x0800b04c       0x60 CMakeFiles/MusicClion.elf.dir/Drivers/STM32F4xx_HAL_Driver/Src/stm32f4xx_hal_uart.c.obj
 .text.UART_SetConfig
                0x0800b0ac      0x110 CMakeFiles/MusicClion.elf.dir/Drivers/STM32F4xx_HAL_Driver/Src/stm32f4xx_hal_uart.c.obj
 .text.UART_WaitOnFlagUntilTimeout
                0x0800b1bc       0x88 CMakeFiles/MusicClion.elf.dir/Drivers/STM32F4xx_HAL_Driver/Src/stm32f4xx_hal_uart.c.obj
 .text.HAL_UART_Init
                0x0800b244       0x5e CMakeFiles/MusicClion.elf.dir/Drivers/STM32F4xx_HAL_Driver/Src/stm32f4xx_hal_uart.c.obj
                0x0800b244                HAL_UART_Init
 .text.HAL_UART_Transmit
                0x0800b2a2       0xd8 CMakeFiles/MusicClion.elf.dir/Drivers/STM32F4xx_HAL_Driver/Src/stm32f4xx_hal_uart.c.obj
                0x0800b2a2                HAL_UART_Transmit
 *fill*         0x0800b37a        0x2 
 .text.HAL_UART_Transmit_DMA
                0x0800b37c       0x9c CMakeFiles/MusicClion.elf.dir/Drivers/STM32F4xx_HAL_Driver/Src/stm32f4xx_hal_uart.c.obj
                0x0800b37c                HAL_UART_Transmit_DMA
 .text.HAL_UART_TxCpltCallback
                0x0800b418        0x2 CMakeFiles/MusicClion.elf.dir/Drivers/STM32F4xx_HAL_Driver/Src/stm32f4xx_hal_uart.c.obj
                0x0800b418                HAL_UART_TxCpltCallback
 .text.UART_DMATransmitCplt
                0x0800b41a       0x4c CMakeFiles/MusicClion.elf.dir/Drivers/STM32F4xx_HAL_Driver/Src/stm32f4xx_hal_uart.c.obj
 .text.UART_EndTransmit_IT
                0x0800b466       0x1a CMakeFiles/MusicClion.elf.dir/Drivers/STM32F4xx_HAL_Driver/Src/stm32f4xx_hal_uart.c.obj
 .text.HAL_UART_TxHalfCpltCallback
                0x0800b480        0x2 CMakeFiles/MusicClion.elf.dir/Drivers/STM32F4xx_HAL_Driver/Src/stm32f4xx_hal_uart.c.obj
                0x0800b480                HAL_UART_TxHalfCpltCallback
 .text.UART_DMATxHalfCplt
                0x0800b482        0xa CMakeFiles/MusicClion.elf.dir/Drivers/STM32F4xx_HAL_Driver/Src/stm32f4xx_hal_uart.c.obj
 .text.HAL_UART_RxHalfCpltCallback
                0x0800b48c        0x2 CMakeFiles/MusicClion.elf.dir/Drivers/STM32F4xx_HAL_Driver/Src/stm32f4xx_hal_uart.c.obj
                0x0800b48c                HAL_UART_RxHalfCpltCallback
 .text.HAL_UART_ErrorCallback
                0x0800b48e        0x2 CMakeFiles/MusicClion.elf.dir/Drivers/STM32F4xx_HAL_Driver/Src/stm32f4xx_hal_uart.c.obj
                0x0800b48e                HAL_UART_ErrorCallback
 .text.UART_DMAError
                0x0800b490       0x58 CMakeFiles/MusicClion.elf.dir/Drivers/STM32F4xx_HAL_Driver/Src/stm32f4xx_hal_uart.c.obj
 .text.UART_DMAAbortOnError
                0x0800b4e8       0x10 CMakeFiles/MusicClion.elf.dir/Drivers/STM32F4xx_HAL_Driver/Src/stm32f4xx_hal_uart.c.obj
 .text.HAL_UARTEx_RxEventCallback
                0x0800b4f8        0x2 CMakeFiles/MusicClion.elf.dir/Drivers/STM32F4xx_HAL_Driver/Src/stm32f4xx_hal_uart.c.obj
                0x0800b4f8                HAL_UARTEx_RxEventCallback
 .text.UART_Receive_IT
                0x0800b4fa       0xe2 CMakeFiles/MusicClion.elf.dir/Drivers/STM32F4xx_HAL_Driver/Src/stm32f4xx_hal_uart.c.obj
 .text.HAL_UART_IRQHandler
                0x0800b5dc      0x280 CMakeFiles/MusicClion.elf.dir/Drivers/STM32F4xx_HAL_Driver/Src/stm32f4xx_hal_uart.c.obj
                0x0800b5dc                HAL_UART_IRQHandler
 .text.UART_DMARxHalfCplt
                0x0800b85c       0x1a CMakeFiles/MusicClion.elf.dir/Drivers/STM32F4xx_HAL_Driver/Src/stm32f4xx_hal_uart.c.obj
 .text.UART_DMAReceiveCplt
                0x0800b876       0x96 CMakeFiles/MusicClion.elf.dir/Drivers/STM32F4xx_HAL_Driver/Src/stm32f4xx_hal_uart.c.obj
 .text.UART_Start_Receive_IT
                0x0800b90c       0x3a CMakeFiles/MusicClion.elf.dir/Drivers/STM32F4xx_HAL_Driver/Src/stm32f4xx_hal_uart.c.obj
                0x0800b90c                UART_Start_Receive_IT
 .text.HAL_UART_Receive_IT
                0x0800b946       0x38 CMakeFiles/MusicClion.elf.dir/Drivers/STM32F4xx_HAL_Driver/Src/stm32f4xx_hal_uart.c.obj
                0x0800b946                HAL_UART_Receive_IT
 *fill*         0x0800b97e        0x2 
 .text.UART_Start_Receive_DMA
                0x0800b980       0xa8 CMakeFiles/MusicClion.elf.dir/Drivers/STM32F4xx_HAL_Driver/Src/stm32f4xx_hal_uart.c.obj
                0x0800b980                UART_Start_Receive_DMA
 .text.HAL_UART_Receive_DMA
                0x0800ba28       0x38 CMakeFiles/MusicClion.elf.dir/Drivers/STM32F4xx_HAL_Driver/Src/stm32f4xx_hal_uart.c.obj
                0x0800ba28                HAL_UART_Receive_DMA
 .text.FSMC_NORSRAM_Init
                0x0800ba60       0x6c CMakeFiles/MusicClion.elf.dir/Drivers/STM32F4xx_HAL_Driver/Src/stm32f4xx_ll_fsmc.c.obj
                0x0800ba60                FSMC_NORSRAM_Init
 .text.FSMC_NORSRAM_Timing_Init
                0x0800bacc       0x44 CMakeFiles/MusicClion.elf.dir/Drivers/STM32F4xx_HAL_Driver/Src/stm32f4xx_ll_fsmc.c.obj
                0x0800bacc                FSMC_NORSRAM_Timing_Init
 .text.FSMC_NORSRAM_Extended_Timing_Init
                0x0800bb10       0x44 CMakeFiles/MusicClion.elf.dir/Drivers/STM32F4xx_HAL_Driver/Src/stm32f4xx_ll_fsmc.c.obj
                0x0800bb10                FSMC_NORSRAM_Extended_Timing_Init
 .text.SDMMC_GetCmdError
                0x0800bb54       0x38 CMakeFiles/MusicClion.elf.dir/Drivers/STM32F4xx_HAL_Driver/Src/stm32f4xx_ll_sdmmc.c.obj
 .text.SDIO_Init
                0x0800bb8c       0x32 CMakeFiles/MusicClion.elf.dir/Drivers/STM32F4xx_HAL_Driver/Src/stm32f4xx_ll_sdmmc.c.obj
                0x0800bb8c                SDIO_Init
 .text.SDIO_ReadFIFO
                0x0800bbbe        0x6 CMakeFiles/MusicClion.elf.dir/Drivers/STM32F4xx_HAL_Driver/Src/stm32f4xx_ll_sdmmc.c.obj
                0x0800bbbe                SDIO_ReadFIFO
 .text.SDIO_WriteFIFO
                0x0800bbc4        0xa CMakeFiles/MusicClion.elf.dir/Drivers/STM32F4xx_HAL_Driver/Src/stm32f4xx_ll_sdmmc.c.obj
                0x0800bbc4                SDIO_WriteFIFO
 .text.SDIO_PowerState_ON
                0x0800bbce        0x8 CMakeFiles/MusicClion.elf.dir/Drivers/STM32F4xx_HAL_Driver/Src/stm32f4xx_ll_sdmmc.c.obj
                0x0800bbce                SDIO_PowerState_ON
 .text.SDIO_GetPowerState
                0x0800bbd6        0x8 CMakeFiles/MusicClion.elf.dir/Drivers/STM32F4xx_HAL_Driver/Src/stm32f4xx_ll_sdmmc.c.obj
                0x0800bbd6                SDIO_GetPowerState
 .text.SDIO_SendCommand
                0x0800bbde       0x24 CMakeFiles/MusicClion.elf.dir/Drivers/STM32F4xx_HAL_Driver/Src/stm32f4xx_ll_sdmmc.c.obj
                0x0800bbde                SDIO_SendCommand
 .text.SDIO_GetCommandResponse
                0x0800bc02        0x6 CMakeFiles/MusicClion.elf.dir/Drivers/STM32F4xx_HAL_Driver/Src/stm32f4xx_ll_sdmmc.c.obj
                0x0800bc02                SDIO_GetCommandResponse
 .text.SDIO_GetResponse
                0x0800bc08        0x6 CMakeFiles/MusicClion.elf.dir/Drivers/STM32F4xx_HAL_Driver/Src/stm32f4xx_ll_sdmmc.c.obj
                0x0800bc08                SDIO_GetResponse
 .text.SDIO_ConfigData
                0x0800bc0e       0x24 CMakeFiles/MusicClion.elf.dir/Drivers/STM32F4xx_HAL_Driver/Src/stm32f4xx_ll_sdmmc.c.obj
                0x0800bc0e                SDIO_ConfigData
 .text.SDMMC_CmdGoIdleState
                0x0800bc32       0x26 CMakeFiles/MusicClion.elf.dir/Drivers/STM32F4xx_HAL_Driver/Src/stm32f4xx_ll_sdmmc.c.obj
                0x0800bc32                SDMMC_CmdGoIdleState
 .text.SDMMC_GetCmdResp1
                0x0800bc58      0x154 CMakeFiles/MusicClion.elf.dir/Drivers/STM32F4xx_HAL_Driver/Src/stm32f4xx_ll_sdmmc.c.obj
                0x0800bc58                SDMMC_GetCmdResp1
 .text.SDMMC_CmdBlockLength
                0x0800bdac       0x30 CMakeFiles/MusicClion.elf.dir/Drivers/STM32F4xx_HAL_Driver/Src/stm32f4xx_ll_sdmmc.c.obj
                0x0800bdac                SDMMC_CmdBlockLength
 .text.SDMMC_CmdReadSingleBlock
                0x0800bddc       0x30 CMakeFiles/MusicClion.elf.dir/Drivers/STM32F4xx_HAL_Driver/Src/stm32f4xx_ll_sdmmc.c.obj
                0x0800bddc                SDMMC_CmdReadSingleBlock
 .text.SDMMC_CmdReadMultiBlock
                0x0800be0c       0x30 CMakeFiles/MusicClion.elf.dir/Drivers/STM32F4xx_HAL_Driver/Src/stm32f4xx_ll_sdmmc.c.obj
                0x0800be0c                SDMMC_CmdReadMultiBlock
 .text.SDMMC_CmdWriteSingleBlock
                0x0800be3c       0x30 CMakeFiles/MusicClion.elf.dir/Drivers/STM32F4xx_HAL_Driver/Src/stm32f4xx_ll_sdmmc.c.obj
                0x0800be3c                SDMMC_CmdWriteSingleBlock
 .text.SDMMC_CmdWriteMultiBlock
                0x0800be6c       0x30 CMakeFiles/MusicClion.elf.dir/Drivers/STM32F4xx_HAL_Driver/Src/stm32f4xx_ll_sdmmc.c.obj
                0x0800be6c                SDMMC_CmdWriteMultiBlock
 .text.SDMMC_CmdStopTransfer
                0x0800be9c       0x34 CMakeFiles/MusicClion.elf.dir/Drivers/STM32F4xx_HAL_Driver/Src/stm32f4xx_ll_sdmmc.c.obj
                0x0800be9c                SDMMC_CmdStopTransfer
 .text.SDMMC_CmdSelDesel
                0x0800bed0       0x30 CMakeFiles/MusicClion.elf.dir/Drivers/STM32F4xx_HAL_Driver/Src/stm32f4xx_ll_sdmmc.c.obj
                0x0800bed0                SDMMC_CmdSelDesel
 .text.SDMMC_CmdAppCommand
                0x0800bf00       0x30 CMakeFiles/MusicClion.elf.dir/Drivers/STM32F4xx_HAL_Driver/Src/stm32f4xx_ll_sdmmc.c.obj
                0x0800bf00                SDMMC_CmdAppCommand
 .text.SDMMC_CmdBusWidth
                0x0800bf30       0x30 CMakeFiles/MusicClion.elf.dir/Drivers/STM32F4xx_HAL_Driver/Src/stm32f4xx_ll_sdmmc.c.obj
                0x0800bf30                SDMMC_CmdBusWidth
 .text.SDMMC_CmdSendSCR
                0x0800bf60       0x30 CMakeFiles/MusicClion.elf.dir/Drivers/STM32F4xx_HAL_Driver/Src/stm32f4xx_ll_sdmmc.c.obj
                0x0800bf60                SDMMC_CmdSendSCR
 .text.SDMMC_CmdSendStatus
                0x0800bf90       0x30 CMakeFiles/MusicClion.elf.dir/Drivers/STM32F4xx_HAL_Driver/Src/stm32f4xx_ll_sdmmc.c.obj
                0x0800bf90                SDMMC_CmdSendStatus
 .text.SDMMC_GetCmdResp2
                0x0800bfc0       0x5c CMakeFiles/MusicClion.elf.dir/Drivers/STM32F4xx_HAL_Driver/Src/stm32f4xx_ll_sdmmc.c.obj
                0x0800bfc0                SDMMC_GetCmdResp2
 .text.SDMMC_CmdSendCID
                0x0800c01c       0x2a CMakeFiles/MusicClion.elf.dir/Drivers/STM32F4xx_HAL_Driver/Src/stm32f4xx_ll_sdmmc.c.obj
                0x0800c01c                SDMMC_CmdSendCID
 .text.SDMMC_CmdSendCSD
                0x0800c046       0x2a CMakeFiles/MusicClion.elf.dir/Drivers/STM32F4xx_HAL_Driver/Src/stm32f4xx_ll_sdmmc.c.obj
                0x0800c046                SDMMC_CmdSendCSD
 .text.SDMMC_GetCmdResp3
                0x0800c070       0x4c CMakeFiles/MusicClion.elf.dir/Drivers/STM32F4xx_HAL_Driver/Src/stm32f4xx_ll_sdmmc.c.obj
                0x0800c070                SDMMC_GetCmdResp3
 .text.SDMMC_CmdAppOperCommand
                0x0800c0bc       0x32 CMakeFiles/MusicClion.elf.dir/Drivers/STM32F4xx_HAL_Driver/Src/stm32f4xx_ll_sdmmc.c.obj
                0x0800c0bc                SDMMC_CmdAppOperCommand
 *fill*         0x0800c0ee        0x2 
 .text.SDMMC_GetCmdResp6
                0x0800c0f0       0xa0 CMakeFiles/MusicClion.elf.dir/Drivers/STM32F4xx_HAL_Driver/Src/stm32f4xx_ll_sdmmc.c.obj
                0x0800c0f0                SDMMC_GetCmdResp6
 .text.SDMMC_CmdSetRelAdd
                0x0800c190       0x30 CMakeFiles/MusicClion.elf.dir/Drivers/STM32F4xx_HAL_Driver/Src/stm32f4xx_ll_sdmmc.c.obj
                0x0800c190                SDMMC_CmdSetRelAdd
 .text.SDMMC_GetCmdResp7
                0x0800c1c0       0x64 CMakeFiles/MusicClion.elf.dir/Drivers/STM32F4xx_HAL_Driver/Src/stm32f4xx_ll_sdmmc.c.obj
                0x0800c1c0                SDMMC_GetCmdResp7
 .text.SDMMC_CmdOperCond
                0x0800c224       0x2e CMakeFiles/MusicClion.elf.dir/Drivers/STM32F4xx_HAL_Driver/Src/stm32f4xx_ll_sdmmc.c.obj
                0x0800c224                SDMMC_CmdOperCond
 *fill*         0x0800c252        0x2 
 .text.MX_FATFS_Init
                0x0800c254       0x1c CMakeFiles/MusicClion.elf.dir/FATFS/App/fatfs.c.obj
                0x0800c254                MX_FATFS_Init
 .text.get_fattime
                0x0800c270        0x4 CMakeFiles/MusicClion.elf.dir/FATFS/App/fatfs.c.obj
                0x0800c270                get_fattime
 .text.BSP_SD_ReadBlocks_DMA
                0x0800c274       0x18 CMakeFiles/MusicClion.elf.dir/FATFS/Target/bsp_driver_sd.c.obj
                0x0800c274                BSP_SD_ReadBlocks_DMA
 .text.BSP_SD_WriteBlocks_DMA
                0x0800c28c       0x18 CMakeFiles/MusicClion.elf.dir/FATFS/Target/bsp_driver_sd.c.obj
                0x0800c28c                BSP_SD_WriteBlocks_DMA
 .text.BSP_SD_GetCardState
                0x0800c2a4       0x14 CMakeFiles/MusicClion.elf.dir/FATFS/Target/bsp_driver_sd.c.obj
                0x0800c2a4                BSP_SD_GetCardState
 .text.BSP_SD_GetCardInfo
                0x0800c2b8       0x10 CMakeFiles/MusicClion.elf.dir/FATFS/Target/bsp_driver_sd.c.obj
                0x0800c2b8                BSP_SD_GetCardInfo
 .text.BSP_SD_AbortCallback
                0x0800c2c8        0x2 CMakeFiles/MusicClion.elf.dir/FATFS/Target/bsp_driver_sd.c.obj
                0x0800c2c8                BSP_SD_AbortCallback
 .text.HAL_SD_AbortCallback
                0x0800c2ca        0x8 CMakeFiles/MusicClion.elf.dir/FATFS/Target/bsp_driver_sd.c.obj
                0x0800c2ca                HAL_SD_AbortCallback
 .text.HAL_SD_TxCpltCallback
                0x0800c2d2        0x8 CMakeFiles/MusicClion.elf.dir/FATFS/Target/bsp_driver_sd.c.obj
                0x0800c2d2                HAL_SD_TxCpltCallback
 .text.HAL_SD_RxCpltCallback
                0x0800c2da        0x8 CMakeFiles/MusicClion.elf.dir/FATFS/Target/bsp_driver_sd.c.obj
                0x0800c2da                HAL_SD_RxCpltCallback
 .text.BSP_SD_IsDetected
                0x0800c2e2       0x10 CMakeFiles/MusicClion.elf.dir/FATFS/Target/bsp_driver_sd.c.obj
                0x0800c2e2                BSP_SD_IsDetected
 *fill*         0x0800c2f2        0x2 
 .text.BSP_SD_Init
                0x0800c2f4       0x34 CMakeFiles/MusicClion.elf.dir/FATFS/Target/bsp_driver_sd.c.obj
                0x0800c2f4                BSP_SD_Init
 .text.SD_CheckStatus
                0x0800c328       0x24 CMakeFiles/MusicClion.elf.dir/FATFS/Target/sd_diskio.c.obj
 .text.SD_initialize
                0x0800c34c       0x20 CMakeFiles/MusicClion.elf.dir/FATFS/Target/sd_diskio.c.obj
                0x0800c34c                SD_initialize
 .text.SD_status
                0x0800c36c        0x8 CMakeFiles/MusicClion.elf.dir/FATFS/Target/sd_diskio.c.obj
                0x0800c36c                SD_status
 .text.SD_CheckStatusWithTimeout
                0x0800c374       0x26 CMakeFiles/MusicClion.elf.dir/FATFS/Target/sd_diskio.c.obj
 *fill*         0x0800c39a        0x2 
 .text.SD_read  0x0800c39c       0x80 CMakeFiles/MusicClion.elf.dir/FATFS/Target/sd_diskio.c.obj
                0x0800c39c                SD_read
 .text.SD_write
                0x0800c41c       0x80 CMakeFiles/MusicClion.elf.dir/FATFS/Target/sd_diskio.c.obj
                0x0800c41c                SD_write
 .text.SD_ioctl
                0x0800c49c       0x58 CMakeFiles/MusicClion.elf.dir/FATFS/Target/sd_diskio.c.obj
                0x0800c49c                SD_ioctl
 .text.BSP_SD_WriteCpltCallback
                0x0800c4f4        0xc CMakeFiles/MusicClion.elf.dir/FATFS/Target/sd_diskio.c.obj
                0x0800c4f4                BSP_SD_WriteCpltCallback
 .text.BSP_SD_ReadCpltCallback
                0x0800c500        0xc CMakeFiles/MusicClion.elf.dir/FATFS/Target/sd_diskio.c.obj
                0x0800c500                BSP_SD_ReadCpltCallback
 .text.disk_status
                0x0800c50c       0x18 CMakeFiles/MusicClion.elf.dir/Middlewares/Third_Party/FatFs/src/diskio.c.obj
                0x0800c50c                disk_status
 .text.disk_initialize
                0x0800c524       0x28 CMakeFiles/MusicClion.elf.dir/Middlewares/Third_Party/FatFs/src/diskio.c.obj
                0x0800c524                disk_initialize
 .text.disk_read
                0x0800c54c       0x18 CMakeFiles/MusicClion.elf.dir/Middlewares/Third_Party/FatFs/src/diskio.c.obj
                0x0800c54c                disk_read
 .text.disk_write
                0x0800c564       0x18 CMakeFiles/MusicClion.elf.dir/Middlewares/Third_Party/FatFs/src/diskio.c.obj
                0x0800c564                disk_write
 .text.disk_ioctl
                0x0800c57c       0x18 CMakeFiles/MusicClion.elf.dir/Middlewares/Third_Party/FatFs/src/diskio.c.obj
                0x0800c57c                disk_ioctl
 .text.ld_word  0x0800c594        0xa CMakeFiles/MusicClion.elf.dir/Middlewares/Third_Party/FatFs/src/ff.c.obj
 .text.ld_dword
                0x0800c59e       0x16 CMakeFiles/MusicClion.elf.dir/Middlewares/Third_Party/FatFs/src/ff.c.obj
 .text.st_word  0x0800c5b4        0x8 CMakeFiles/MusicClion.elf.dir/Middlewares/Third_Party/FatFs/src/ff.c.obj
 .text.st_dword
                0x0800c5bc       0x14 CMakeFiles/MusicClion.elf.dir/Middlewares/Third_Party/FatFs/src/ff.c.obj
 .text.mem_cpy  0x0800c5d0       0x14 CMakeFiles/MusicClion.elf.dir/Middlewares/Third_Party/FatFs/src/ff.c.obj
 .text.mem_set  0x0800c5e4        0xa CMakeFiles/MusicClion.elf.dir/Middlewares/Third_Party/FatFs/src/ff.c.obj
 .text.mem_cmp  0x0800c5ee       0x1a CMakeFiles/MusicClion.elf.dir/Middlewares/Third_Party/FatFs/src/ff.c.obj
 .text.chk_chr  0x0800c608       0x10 CMakeFiles/MusicClion.elf.dir/Middlewares/Third_Party/FatFs/src/ff.c.obj
 .text.chk_lock
                0x0800c618       0x74 CMakeFiles/MusicClion.elf.dir/Middlewares/Third_Party/FatFs/src/ff.c.obj
 .text.enq_lock
                0x0800c68c       0x20 CMakeFiles/MusicClion.elf.dir/Middlewares/Third_Party/FatFs/src/ff.c.obj
 .text.inc_lock
                0x0800c6ac       0xa4 CMakeFiles/MusicClion.elf.dir/Middlewares/Third_Party/FatFs/src/ff.c.obj
 .text.dec_lock
                0x0800c750       0x40 CMakeFiles/MusicClion.elf.dir/Middlewares/Third_Party/FatFs/src/ff.c.obj
 .text.clear_lock
                0x0800c790       0x3c CMakeFiles/MusicClion.elf.dir/Middlewares/Third_Party/FatFs/src/ff.c.obj
 .text.clust2sect
                0x0800c7cc       0x18 CMakeFiles/MusicClion.elf.dir/Middlewares/Third_Party/FatFs/src/ff.c.obj
 .text.clmt_clust
                0x0800c7e4       0x22 CMakeFiles/MusicClion.elf.dir/Middlewares/Third_Party/FatFs/src/ff.c.obj
 .text.ld_clust
                0x0800c806       0x26 CMakeFiles/MusicClion.elf.dir/Middlewares/Third_Party/FatFs/src/ff.c.obj
 .text.st_clust
                0x0800c82c       0x26 CMakeFiles/MusicClion.elf.dir/Middlewares/Third_Party/FatFs/src/ff.c.obj
 *fill*         0x0800c852        0x2 
 .text.pick_lfn
                0x0800c854       0x84 CMakeFiles/MusicClion.elf.dir/Middlewares/Third_Party/FatFs/src/ff.c.obj
 .text.put_lfn  0x0800c8d8       0x78 CMakeFiles/MusicClion.elf.dir/Middlewares/Third_Party/FatFs/src/ff.c.obj
 .text.gen_numname
                0x0800c950       0xbc CMakeFiles/MusicClion.elf.dir/Middlewares/Third_Party/FatFs/src/ff.c.obj
 .text.sum_sfn  0x0800ca0c       0x20 CMakeFiles/MusicClion.elf.dir/Middlewares/Third_Party/FatFs/src/ff.c.obj
 .text.get_ldnumber
                0x0800ca2c       0x54 CMakeFiles/MusicClion.elf.dir/Middlewares/Third_Party/FatFs/src/ff.c.obj
 .text.sync_window
                0x0800ca80       0x54 CMakeFiles/MusicClion.elf.dir/Middlewares/Third_Party/FatFs/src/ff.c.obj
 .text.move_window
                0x0800cad4       0x36 CMakeFiles/MusicClion.elf.dir/Middlewares/Third_Party/FatFs/src/ff.c.obj
 .text.get_fat  0x0800cb0a       0xd0 CMakeFiles/MusicClion.elf.dir/Middlewares/Third_Party/FatFs/src/ff.c.obj
 *fill*         0x0800cbda        0x2 
 .text.check_fs
                0x0800cbdc       0x78 CMakeFiles/MusicClion.elf.dir/Middlewares/Third_Party/FatFs/src/ff.c.obj
 .text.put_fat  0x0800cc54      0x10e CMakeFiles/MusicClion.elf.dir/Middlewares/Third_Party/FatFs/src/ff.c.obj
 .text.create_chain
                0x0800cd62       0xcc CMakeFiles/MusicClion.elf.dir/Middlewares/Third_Party/FatFs/src/ff.c.obj
 .text.remove_chain
                0x0800ce2e       0x7e CMakeFiles/MusicClion.elf.dir/Middlewares/Third_Party/FatFs/src/ff.c.obj
 .text.dir_next
                0x0800ceac      0x108 CMakeFiles/MusicClion.elf.dir/Middlewares/Third_Party/FatFs/src/ff.c.obj
 .text.dir_read
                0x0800cfb4       0xbc CMakeFiles/MusicClion.elf.dir/Middlewares/Third_Party/FatFs/src/ff.c.obj
 .text.validate
                0x0800d070       0x46 CMakeFiles/MusicClion.elf.dir/Middlewares/Third_Party/FatFs/src/ff.c.obj
 *fill*         0x0800d0b6        0x2 
 .text.find_volume
                0x0800d0b8      0x300 CMakeFiles/MusicClion.elf.dir/Middlewares/Third_Party/FatFs/src/ff.c.obj
 .text.get_fileinfo
                0x0800d3b8      0x100 CMakeFiles/MusicClion.elf.dir/Middlewares/Third_Party/FatFs/src/ff.c.obj
 .text.create_name
                0x0800d4b8      0x278 CMakeFiles/MusicClion.elf.dir/Middlewares/Third_Party/FatFs/src/ff.c.obj
 .text.cmp_lfn  0x0800d730       0xa0 CMakeFiles/MusicClion.elf.dir/Middlewares/Third_Party/FatFs/src/ff.c.obj
 .text.sync_fs  0x0800d7d0       0x8c CMakeFiles/MusicClion.elf.dir/Middlewares/Third_Party/FatFs/src/ff.c.obj
 .text.dir_sdi  0x0800d85c       0xac CMakeFiles/MusicClion.elf.dir/Middlewares/Third_Party/FatFs/src/ff.c.obj
                0x0800d85c                dir_sdi
 .text.dir_find
                0x0800d908       0xe6 CMakeFiles/MusicClion.elf.dir/Middlewares/Third_Party/FatFs/src/ff.c.obj
 .text.follow_path
                0x0800d9ee       0x8c CMakeFiles/MusicClion.elf.dir/Middlewares/Third_Party/FatFs/src/ff.c.obj
 .text.dir_alloc
                0x0800da7a       0x50 CMakeFiles/MusicClion.elf.dir/Middlewares/Third_Party/FatFs/src/ff.c.obj
 *fill*         0x0800daca        0x2 
 .text.dir_register
                0x0800dacc      0x140 CMakeFiles/MusicClion.elf.dir/Middlewares/Third_Party/FatFs/src/ff.c.obj
 .text.f_mount  0x0800dc0c       0x5c CMakeFiles/MusicClion.elf.dir/Middlewares/Third_Party/FatFs/src/ff.c.obj
                0x0800dc0c                f_mount
 .text.f_open   0x0800dc68      0x22e CMakeFiles/MusicClion.elf.dir/Middlewares/Third_Party/FatFs/src/ff.c.obj
                0x0800dc68                f_open
 .text.f_read   0x0800de96      0x1c2 CMakeFiles/MusicClion.elf.dir/Middlewares/Third_Party/FatFs/src/ff.c.obj
                0x0800de96                f_read
 .text.f_sync   0x0800e058       0x98 CMakeFiles/MusicClion.elf.dir/Middlewares/Third_Party/FatFs/src/ff.c.obj
                0x0800e058                f_sync
 .text.f_close  0x0800e0f0       0x2a CMakeFiles/MusicClion.elf.dir/Middlewares/Third_Party/FatFs/src/ff.c.obj
                0x0800e0f0                f_close
 .text.f_lseek  0x0800e11a      0x288 CMakeFiles/MusicClion.elf.dir/Middlewares/Third_Party/FatFs/src/ff.c.obj
                0x0800e11a                f_lseek
 .text.f_opendir
                0x0800e3a2       0x92 CMakeFiles/MusicClion.elf.dir/Middlewares/Third_Party/FatFs/src/ff.c.obj
                0x0800e3a2                f_opendir
 .text.f_readdir
                0x0800e434       0x58 CMakeFiles/MusicClion.elf.dir/Middlewares/Third_Party/FatFs/src/ff.c.obj
                0x0800e434                f_readdir
 .text.FATFS_LinkDriverEx
                0x0800e48c       0x54 CMakeFiles/MusicClion.elf.dir/Middlewares/Third_Party/FatFs/src/ff_gen_drv.c.obj
                0x0800e48c                FATFS_LinkDriverEx
 .text.FATFS_LinkDriver
                0x0800e4e0        0xa CMakeFiles/MusicClion.elf.dir/Middlewares/Third_Party/FatFs/src/ff_gen_drv.c.obj
                0x0800e4e0                FATFS_LinkDriver
 *fill*         0x0800e4ea        0x2 
 .text.ff_convert
                0x0800e4ec       0x54 CMakeFiles/MusicClion.elf.dir/Middlewares/Third_Party/FatFs/src/option/cc936.c.obj
                0x0800e4ec                ff_convert
 .text.ff_wtoupper
                0x0800e540       0x9c CMakeFiles/MusicClion.elf.dir/Middlewares/Third_Party/FatFs/src/option/cc936.c.obj
                0x0800e540                ff_wtoupper
 .text._Z23wav_i2s_dma_tx_callbackv
                0x0800e5dc       0x70 CMakeFiles/MusicClion.elf.dir/PrivateLibrary/AUDIOAnalysis/wav/wavplay.cpp.obj
                0x0800e5dc                wav_i2s_dma_tx_callback()
 .text._Z15wav_decode_initPhP9__wavctrl
                0x0800e64c      0x134 CMakeFiles/MusicClion.elf.dir/PrivateLibrary/AUDIOAnalysis/wav/wavplay.cpp.obj
                0x0800e64c                wav_decode_init(unsigned char*, __wavctrl*)
 .text._Z11wav_buffillPhth
                0x0800e780       0x88 CMakeFiles/MusicClion.elf.dir/PrivateLibrary/AUDIOAnalysis/wav/wavplay.cpp.obj
                0x0800e780                wav_buffill(unsigned char*, unsigned short, unsigned char)
 .text._Z15wav_get_curtimeP3FILP9__wavctrl
                0x0800e808       0x24 CMakeFiles/MusicClion.elf.dir/PrivateLibrary/AUDIOAnalysis/wav/wavplay.cpp.obj
                0x0800e808                wav_get_curtime(FIL*, __wavctrl*)
 .text._Z13wav_play_songPh
                0x0800e82c      0x218 CMakeFiles/MusicClion.elf.dir/PrivateLibrary/AUDIOAnalysis/wav/wavplay.cpp.obj
                0x0800e82c                wav_play_song(unsigned char*)
 .text.delay_us
                0x0800ea44        0xe CMakeFiles/MusicClion.elf.dir/PrivateLibrary/BSP/SYSTEM/delay.c.obj
                0x0800ea44                delay_us
 .text.delay_ms
                0x0800ea52        0x8 CMakeFiles/MusicClion.elf.dir/PrivateLibrary/BSP/SYSTEM/delay.c.obj
                0x0800ea52                delay_ms
 *fill*         0x0800ea5a        0x2 
 .text.WM8978_Write_Reg
                0x0800ea5c       0x58 CMakeFiles/MusicClion.elf.dir/PrivateLibrary/BSP/WM8978/wm8978.c.obj
                0x0800ea5c                WM8978_Write_Reg
 .text.WM8978_Init
                0x0800eab4       0x78 CMakeFiles/MusicClion.elf.dir/PrivateLibrary/BSP/WM8978/wm8978.c.obj
                0x0800eab4                WM8978_Init
 .text.WM8978_Read_Reg
                0x0800eb2c        0xc CMakeFiles/MusicClion.elf.dir/PrivateLibrary/BSP/WM8978/wm8978.c.obj
                0x0800eb2c                WM8978_Read_Reg
 .text.WM8978_ADDA_Cfg
                0x0800eb38       0x40 CMakeFiles/MusicClion.elf.dir/PrivateLibrary/BSP/WM8978/wm8978.c.obj
                0x0800eb38                WM8978_ADDA_Cfg
 .text.WM8978_Output_Cfg
                0x0800eb78       0x22 CMakeFiles/MusicClion.elf.dir/PrivateLibrary/BSP/WM8978/wm8978.c.obj
                0x0800eb78                WM8978_Output_Cfg
 .text.WM8978_LINEIN_Gain
                0x0800eb9a       0x34 CMakeFiles/MusicClion.elf.dir/PrivateLibrary/BSP/WM8978/wm8978.c.obj
                0x0800eb9a                WM8978_LINEIN_Gain
 .text.WM8978_AUX_Gain
                0x0800ebce       0x32 CMakeFiles/MusicClion.elf.dir/PrivateLibrary/BSP/WM8978/wm8978.c.obj
                0x0800ebce                WM8978_AUX_Gain
 .text.WM8978_Input_Cfg
                0x0800ec00       0x62 CMakeFiles/MusicClion.elf.dir/PrivateLibrary/BSP/WM8978/wm8978.c.obj
                0x0800ec00                WM8978_Input_Cfg
 .text.WM8978_I2S_Cfg
                0x0800ec62       0x18 CMakeFiles/MusicClion.elf.dir/PrivateLibrary/BSP/WM8978/wm8978.c.obj
                0x0800ec62                WM8978_I2S_Cfg
 .text.WM8978_HPvol_Set
                0x0800ec7a       0x28 CMakeFiles/MusicClion.elf.dir/PrivateLibrary/BSP/WM8978/wm8978.c.obj
                0x0800ec7a                WM8978_HPvol_Set
 .text.WM8978_SPKvol_Set
                0x0800eca2       0x20 CMakeFiles/MusicClion.elf.dir/PrivateLibrary/BSP/WM8978/wm8978.c.obj
                0x0800eca2                WM8978_SPKvol_Set
 *fill*         0x0800ecc2        0x2 
 .text.setup    0x0800ecc4       0x2c CMakeFiles/MusicClion.elf.dir/PrivateLibrary/Bridge/Bradge.cpp.obj
                0x0800ecc4                setup
 .text.loop     0x0800ecf0       0x10 CMakeFiles/MusicClion.elf.dir/PrivateLibrary/Bridge/Bradge.cpp.obj
                0x0800ecf0                loop
 .text.IIC_Init
                0x0800ed00       0x50 CMakeFiles/MusicClion.elf.dir/PrivateLibrary/Protocol/IIC/myIIC99.c.obj
                0x0800ed00                IIC_Init
 .text.IIC_Start
                0x0800ed50       0x40 CMakeFiles/MusicClion.elf.dir/PrivateLibrary/Protocol/IIC/myIIC99.c.obj
                0x0800ed50                IIC_Start
 .text.IIC_Stop
                0x0800ed90       0x40 CMakeFiles/MusicClion.elf.dir/PrivateLibrary/Protocol/IIC/myIIC99.c.obj
                0x0800ed90                IIC_Stop
 .text.IIC_Wait_Ack
                0x0800edd0       0x54 CMakeFiles/MusicClion.elf.dir/PrivateLibrary/Protocol/IIC/myIIC99.c.obj
                0x0800edd0                IIC_Wait_Ack
 .text.IIC_Send_Byte
                0x0800ee24       0x5c CMakeFiles/MusicClion.elf.dir/PrivateLibrary/Protocol/IIC/myIIC99.c.obj
                0x0800ee24                IIC_Send_Byte
 .text.I2S2_Init
                0x0800ee80       0x40 CMakeFiles/MusicClion.elf.dir/PrivateLibrary/Protocol/IIS/i2S2.c.obj
                0x0800ee80                I2S2_Init
 .text.HAL_I2S_MspInit
                0x0800eec0       0x80 CMakeFiles/MusicClion.elf.dir/PrivateLibrary/Protocol/IIS/i2S2.c.obj
                0x0800eec0                HAL_I2S_MspInit
 .text.I2S2_SampleRate_Set
                0x0800ef40       0x98 CMakeFiles/MusicClion.elf.dir/PrivateLibrary/Protocol/IIS/i2S2.c.obj
                0x0800ef40                I2S2_SampleRate_Set
 .text.I2S2_TX_DMA_Init
                0x0800efd8      0x104 CMakeFiles/MusicClion.elf.dir/PrivateLibrary/Protocol/IIS/i2S2.c.obj
                0x0800efd8                I2S2_TX_DMA_Init
 .text.DMA1_Stream4_IRQHandler
                0x0800f0dc       0x98 CMakeFiles/MusicClion.elf.dir/PrivateLibrary/Protocol/IIS/i2S2.c.obj
                0x0800f0dc                DMA1_Stream4_IRQHandler
 .text.I2S_Play_Start
                0x0800f174       0x14 CMakeFiles/MusicClion.elf.dir/PrivateLibrary/Protocol/IIS/i2S2.c.obj
                0x0800f174                I2S_Play_Start
 .text.I2S_Play_Stop
                0x0800f188       0x14 CMakeFiles/MusicClion.elf.dir/PrivateLibrary/Protocol/IIS/i2S2.c.obj
                0x0800f188                I2S_Play_Stop
 .text._ZN7MyUsart15uart_write_byteEh
                0x0800f19c       0x20 CMakeFiles/MusicClion.elf.dir/PrivateLibrary/Serial/BaseLib/MyUsart.cpp.obj
                0x0800f19c                MyUsart::uart_write_byte(unsigned char)
 .text._ZN7MyUsart17uart_write_bufferEPKhi
                0x0800f1bc       0x12 CMakeFiles/MusicClion.elf.dir/PrivateLibrary/Serial/BaseLib/MyUsart.cpp.obj
                0x0800f1bc                MyUsart::uart_write_buffer(unsigned char const*, int)
 .text._ZN7MyUsart19uart_dma_write_byteEh
                0x0800f1ce       0x1c CMakeFiles/MusicClion.elf.dir/PrivateLibrary/Serial/BaseLib/MyUsart.cpp.obj
                0x0800f1ce                MyUsart::uart_dma_write_byte(unsigned char)
 *fill*         0x0800f1ea        0x2 
 .text._ZN7MyUsart5writeEh
                0x0800f1ec       0x1c CMakeFiles/MusicClion.elf.dir/PrivateLibrary/Serial/BaseLib/MyUsart.cpp.obj
                0x0800f1ec                MyUsart::write(unsigned char)
 .text._ZThn8_N7MyUsart5writeEh
                0x0800f208        0x8 CMakeFiles/MusicClion.elf.dir/PrivateLibrary/Serial/BaseLib/MyUsart.cpp.obj
                0x0800f208                non-virtual thunk to MyUsart::write(unsigned char)
 .text._ZN7MyUsart21uart_dma_write_bufferEPKhi
                0x0800f210        0xe CMakeFiles/MusicClion.elf.dir/PrivateLibrary/Serial/BaseLib/MyUsart.cpp.obj
                0x0800f210                MyUsart::uart_dma_write_buffer(unsigned char const*, int)
 *fill*         0x0800f21e        0x2 
 .text._ZN7MyUsart5writeEPKhj
                0x0800f220       0x1c CMakeFiles/MusicClion.elf.dir/PrivateLibrary/Serial/BaseLib/MyUsart.cpp.obj
                0x0800f220                MyUsart::write(unsigned char const*, unsigned int)
 .text._ZThn8_N7MyUsart5writeEPKhj
                0x0800f23c        0x8 CMakeFiles/MusicClion.elf.dir/PrivateLibrary/Serial/BaseLib/MyUsart.cpp.obj
                0x0800f23c                non-virtual thunk to MyUsart::write(unsigned char const*, unsigned int)
 .text._ZN7MyUsart10selectBuffE9UART_enum
                0x0800f244       0x10 CMakeFiles/MusicClion.elf.dir/PrivateLibrary/Serial/BaseLib/MyUsart.cpp.obj
                0x0800f244                MyUsart::selectBuff(UART_enum)
 .text._ZN7MyUsart15selectUART_enumEP20__UART_HandleTypeDef
                0x0800f254       0x18 CMakeFiles/MusicClion.elf.dir/PrivateLibrary/Serial/BaseLib/MyUsart.cpp.obj
                0x0800f254                MyUsart::selectUART_enum(__UART_HandleTypeDef*)
 .text._ZN7MyUsart9uart_initEv
                0x0800f26c       0x2c CMakeFiles/MusicClion.elf.dir/PrivateLibrary/Serial/BaseLib/MyUsart.cpp.obj
                0x0800f26c                MyUsart::uart_init()
 .text._ZN7MyUsartC2EP20__UART_HandleTypeDef
                0x0800f298       0x30 CMakeFiles/MusicClion.elf.dir/PrivateLibrary/Serial/BaseLib/MyUsart.cpp.obj
                0x0800f298                MyUsart::MyUsart(__UART_HandleTypeDef*)
                0x0800f298                MyUsart::MyUsart(__UART_HandleTypeDef*)
 .text._Z41__static_initialization_and_destruction_0ii
                0x0800f2c8       0x24 CMakeFiles/MusicClion.elf.dir/PrivateLibrary/Serial/BaseLib/MyUsart.cpp.obj
 .text._Z15receiveDataCallP20__UART_HandleTypeDef
                0x0800f2ec       0x6c CMakeFiles/MusicClion.elf.dir/PrivateLibrary/Serial/BaseLib/MyUsart.cpp.obj
                0x0800f2ec                receiveDataCall(__UART_HandleTypeDef*)
 .text.HAL_UART_RxCpltCallback
                0x0800f358        0x8 CMakeFiles/MusicClion.elf.dir/PrivateLibrary/Serial/BaseLib/MyUsart.cpp.obj
                0x0800f358                HAL_UART_RxCpltCallback
 .text._GLOBAL__sub_I_BufferArray
                0x0800f360        0xe CMakeFiles/MusicClion.elf.dir/PrivateLibrary/Serial/BaseLib/MyUsart.cpp.obj
 .text._ZN11inputStream9availableEv
                0x0800f36e        0xa CMakeFiles/MusicClion.elf.dir/PrivateLibrary/Serial/DataStream/inputStream.cpp.obj
                0x0800f36e                inputStream::available()
 .text._ZN11inputStream4readEv
                0x0800f378       0x38 CMakeFiles/MusicClion.elf.dir/PrivateLibrary/Serial/DataStream/inputStream.cpp.obj
                0x0800f378                inputStream::read()
 .text._ZN11inputStream4peekEv
                0x0800f3b0       0x1c CMakeFiles/MusicClion.elf.dir/PrivateLibrary/Serial/DataStream/inputStream.cpp.obj
                0x0800f3b0                inputStream::peek()
 .text._ZN12outputStream5printEPKcz
                0x0800f3cc       0x3a CMakeFiles/MusicClion.elf.dir/PrivateLibrary/Serial/DataStream/outputStream.cpp.obj
                0x0800f3cc                outputStream::print(char const*, ...)
 *fill*         0x0800f406        0x2 
 .text._ZN12outputStream7printlnEPKcz
                0x0800f408       0x3c CMakeFiles/MusicClion.elf.dir/PrivateLibrary/Serial/DataStream/outputStream.cpp.obj
                0x0800f408                outputStream::println(char const*, ...)
 .text._ZN6StringD2Ev
                0x0800f444       0x10 CMakeFiles/MusicClion.elf.dir/PrivateLibrary/Serial/OtherLib/WString.cpp.obj
                0x0800f444                String::~String()
                0x0800f444                String::~String()
 .text._ZN6String10invalidateEv
                0x0800f454       0x16 CMakeFiles/MusicClion.elf.dir/PrivateLibrary/Serial/OtherLib/WString.cpp.obj
                0x0800f454                String::invalidate()
 .text._ZN6String12changeBufferEj
                0x0800f46a       0x1c CMakeFiles/MusicClion.elf.dir/PrivateLibrary/Serial/OtherLib/WString.cpp.obj
                0x0800f46a                String::changeBuffer(unsigned int)
 .text._ZN6String7reserveEj
                0x0800f486       0x2a CMakeFiles/MusicClion.elf.dir/PrivateLibrary/Serial/OtherLib/WString.cpp.obj
                0x0800f486                String::reserve(unsigned int)
 .text._ZN6String4copyEPKcj
                0x0800f4b0       0x26 CMakeFiles/MusicClion.elf.dir/PrivateLibrary/Serial/OtherLib/WString.cpp.obj
                0x0800f4b0                String::copy(char const*, unsigned int)
 .text._ZN6StringC2EPKc
                0x0800f4d6       0x24 CMakeFiles/MusicClion.elf.dir/PrivateLibrary/Serial/OtherLib/WString.cpp.obj
                0x0800f4d6                String::String(char const*)
                0x0800f4d6                String::String(char const*)
 .text._ZN6StringaSERKS_
                0x0800f4fa       0x1e CMakeFiles/MusicClion.elf.dir/PrivateLibrary/Serial/OtherLib/WString.cpp.obj
                0x0800f4fa                String::operator=(String const&)
 .text._ZN6StringaSEPKc
                0x0800f518       0x22 CMakeFiles/MusicClion.elf.dir/PrivateLibrary/Serial/OtherLib/WString.cpp.obj
                0x0800f518                String::operator=(char const*)
 .text._ZN6String6concatEPKcj
                0x0800f53a       0x32 CMakeFiles/MusicClion.elf.dir/PrivateLibrary/Serial/OtherLib/WString.cpp.obj
                0x0800f53a                String::concat(char const*, unsigned int)
 .text._ZN6String6concatEh
                0x0800f56c       0x24 CMakeFiles/MusicClion.elf.dir/PrivateLibrary/Serial/OtherLib/WString.cpp.obj
                0x0800f56c                String::concat(unsigned char)
 .text.reverse  0x0800f590       0x16 CMakeFiles/MusicClion.elf.dir/PrivateLibrary/Serial/OtherLib/stdlib_noniso.c.obj
                0x0800f590                reverse
 *fill*         0x0800f5a6        0x2 
 .text.ltoa     0x0800f5a8       0x54 CMakeFiles/MusicClion.elf.dir/PrivateLibrary/Serial/OtherLib/stdlib_noniso.c.obj
                0x0800f5a8                ltoa
 .text.itoa     0x0800f5fc        0x8 CMakeFiles/MusicClion.elf.dir/PrivateLibrary/Serial/OtherLib/stdlib_noniso.c.obj
                0x0800f5fc                itoa
 .text.exfuns_init
                0x0800f604       0x74 CMakeFiles/MusicClion.elf.dir/PrivateLibrary/hal/FileOperation/exfuns.c.obj
                0x0800f604                exfuns_init
 .text.char_upper
                0x0800f678        0xe CMakeFiles/MusicClion.elf.dir/PrivateLibrary/hal/FileOperation/exfuns.c.obj
                0x0800f678                char_upper
 *fill*         0x0800f686        0x2 
 .text.f_typetell
                0x0800f688       0xa4 CMakeFiles/MusicClion.elf.dir/PrivateLibrary/hal/FileOperation/exfuns.c.obj
                0x0800f688                f_typetell
 .text.KEY_Init
                0x0800f72c       0x68 CMakeFiles/MusicClion.elf.dir/PrivateLibrary/hal/button/key.c.obj
                0x0800f72c                KEY_Init
 .text.KEY_Scan
                0x0800f794       0xdc CMakeFiles/MusicClion.elf.dir/PrivateLibrary/hal/button/key.c.obj
                0x0800f794                KEY_Scan
 .text.BEEP_Init
                0x0800f870       0x4c CMakeFiles/MusicClion.elf.dir/PrivateLibrary/hal/buzzer/beep.c.obj
                0x0800f870                BEEP_Init
 .text._ZN3hal5beginEv
                0x0800f8bc       0x22 CMakeFiles/MusicClion.elf.dir/PrivateLibrary/hal/hal.cpp.obj
                0x0800f8bc                hal::begin()
 .text._ZN5MusicD2Ev
                0x0800f8de       0x32 CMakeFiles/MusicClion.elf.dir/User/Application/Music.cpp.obj
                0x0800f8de                Music::~Music()
                0x0800f8de                Music::~Music()
 .text._ZN5MusicC2E6String
                0x0800f910       0x4c CMakeFiles/MusicClion.elf.dir/User/Application/Music.cpp.obj
                0x0800f910                Music::Music(String)
                0x0800f910                Music::Music(String)
 .text._Z41__static_initialization_and_destruction_0ii
                0x0800f95c       0x54 CMakeFiles/MusicClion.elf.dir/User/Application/Music.cpp.obj
 .text._ZN5Music14getAllMusciNumE6String
                0x0800f9b0       0x54 CMakeFiles/MusicClion.elf.dir/User/Application/Music.cpp.obj
                0x0800f9b0                Music::getAllMusciNum(String)
 .text._ZN5Music14ArduioPlaySongEv
                0x0800fa04       0x48 CMakeFiles/MusicClion.elf.dir/User/Application/Music.cpp.obj
                0x0800fa04                Music::ArduioPlaySong()
 .text._ZN5Music11audio_startEv
                0x0800fa4c       0x14 CMakeFiles/MusicClion.elf.dir/User/Application/Music.cpp.obj
                0x0800fa4c                Music::audio_start()
 .text._ZN5Music10audio_stopEv
                0x0800fa60       0x14 CMakeFiles/MusicClion.elf.dir/User/Application/Music.cpp.obj
                0x0800fa60                Music::audio_stop()
 .text._ZN5Music9audioPlayEv
                0x0800fa74      0x208 CMakeFiles/MusicClion.elf.dir/User/Application/Music.cpp.obj
                0x0800fa74                Music::audioPlay()
 .text._GLOBAL__sub_I_audiodev
                0x0800fc7c        0xe CMakeFiles/MusicClion.elf.dir/User/Application/Music.cpp.obj
 *fill*         0x0800fc8a        0x2 
 .text.__aeabi_atexit
                0x0800fc8c        0xc d:/programfiles/gnu arm embedded toolchain/10 2021.10/bin/../lib/gcc/arm-none-eabi/10.3.1/../../../../arm-none-eabi/lib/thumb/v7e-m+fp/hard\libstdc++.a(atexit_arm.o)
                0x0800fc8c                __aeabi_atexit
 .text._ZNK10__cxxabiv117__class_type_info11__do_upcastEPKS0_PPv
                0x0800fc98       0x34 d:/programfiles/gnu arm embedded toolchain/10 2021.10/bin/../lib/gcc/arm-none-eabi/10.3.1/../../../../arm-none-eabi/lib/thumb/v7e-m+fp/hard\libstdc++.a(class_type_info.o)
                0x0800fc98                __cxxabiv1::__class_type_info::__do_upcast(__cxxabiv1::__class_type_info const*, void**) const
 .text._ZNK10__cxxabiv117__class_type_info20__do_find_public_srcEiPKvPKS0_S2_
                0x0800fccc        0xc d:/programfiles/gnu arm embedded toolchain/10 2021.10/bin/../lib/gcc/arm-none-eabi/10.3.1/../../../../arm-none-eabi/lib/thumb/v7e-m+fp/hard\libstdc++.a(class_type_info.o)
                0x0800fccc                __cxxabiv1::__class_type_info::__do_find_public_src(int, void const*, __cxxabiv1::__class_type_info const*, void const*) const
 .text._ZN10__cxxabiv117__class_type_infoD2Ev
                0x0800fcd8       0x14 d:/programfiles/gnu arm embedded toolchain/10 2021.10/bin/../lib/gcc/arm-none-eabi/10.3.1/../../../../arm-none-eabi/lib/thumb/v7e-m+fp/hard\libstdc++.a(class_type_info.o)
                0x0800fcd8                __cxxabiv1::__class_type_info::~__class_type_info()
                0x0800fcd8                __cxxabiv1::__class_type_info::~__class_type_info()
 .text._ZN10__cxxabiv117__class_type_infoD0Ev
                0x0800fcec       0x1c d:/programfiles/gnu arm embedded toolchain/10 2021.10/bin/../lib/gcc/arm-none-eabi/10.3.1/../../../../arm-none-eabi/lib/thumb/v7e-m+fp/hard\libstdc++.a(class_type_info.o)
                0x0800fcec                __cxxabiv1::__class_type_info::~__class_type_info()
 .text._ZNK10__cxxabiv117__class_type_info12__do_dyncastEiNS0_10__sub_kindEPKS0_PKvS3_S5_RNS0_16__dyncast_resultE
                0x0800fd08       0x44 d:/programfiles/gnu arm embedded toolchain/10 2021.10/bin/../lib/gcc/arm-none-eabi/10.3.1/../../../../arm-none-eabi/lib/thumb/v7e-m+fp/hard\libstdc++.a(class_type_info.o)
                0x0800fd08                __cxxabiv1::__class_type_info::__do_dyncast(int, __cxxabiv1::__class_type_info::__sub_kind, __cxxabiv1::__class_type_info const*, void const*, __cxxabiv1::__class_type_info const*, void const*, __cxxabiv1::__class_type_info::__dyncast_result&) const
 .text._ZNK10__cxxabiv117__class_type_info11__do_upcastEPKS0_PKvRNS0_15__upcast_resultE
                0x0800fd4c       0x1c d:/programfiles/gnu arm embedded toolchain/10 2021.10/bin/../lib/gcc/arm-none-eabi/10.3.1/../../../../arm-none-eabi/lib/thumb/v7e-m+fp/hard\libstdc++.a(class_type_info.o)
                0x0800fd4c                __cxxabiv1::__class_type_info::__do_upcast(__cxxabiv1::__class_type_info const*, void const*, __cxxabiv1::__class_type_info::__upcast_result&) const
 .text._ZNK10__cxxabiv117__class_type_info10__do_catchEPKSt9type_infoPPvj
                0x0800fd68       0x2c d:/programfiles/gnu arm embedded toolchain/10 2021.10/bin/../lib/gcc/arm-none-eabi/10.3.1/../../../../arm-none-eabi/lib/thumb/v7e-m+fp/hard\libstdc++.a(class_type_info.o)
                0x0800fd68                __cxxabiv1::__class_type_info::__do_catch(std::type_info const*, void**, unsigned int) const
 .text._ZdlPvj  0x0800fd94        0x4 d:/programfiles/gnu arm embedded toolchain/10 2021.10/bin/../lib/gcc/arm-none-eabi/10.3.1/../../../../arm-none-eabi/lib/thumb/v7e-m+fp/hard\libstdc++.a(del_ops.o)
                0x0800fd94                operator delete(void*, unsigned int)
 .text.__cxa_end_cleanup
                0x0800fd98        0xc d:/programfiles/gnu arm embedded toolchain/10 2021.10/bin/../lib/gcc/arm-none-eabi/10.3.1/../../../../arm-none-eabi/lib/thumb/v7e-m+fp/hard\libstdc++.a(eh_arm.o)
                0x0800fd98                __cxa_end_cleanup
 .text.__cxa_type_match
                0x0800fda4       0xb4 d:/programfiles/gnu arm embedded toolchain/10 2021.10/bin/../lib/gcc/arm-none-eabi/10.3.1/../../../../arm-none-eabi/lib/thumb/v7e-m+fp/hard\libstdc++.a(eh_arm.o)
                0x0800fda4                __cxa_type_match
 .text.__cxa_begin_cleanup
                0x0800fe58       0x64 d:/programfiles/gnu arm embedded toolchain/10 2021.10/bin/../lib/gcc/arm-none-eabi/10.3.1/../../../../arm-none-eabi/lib/thumb/v7e-m+fp/hard\libstdc++.a(eh_arm.o)
                0x0800fe58                __cxa_begin_cleanup
 .text.__gnu_end_cleanup
                0x0800febc       0x70 d:/programfiles/gnu arm embedded toolchain/10 2021.10/bin/../lib/gcc/arm-none-eabi/10.3.1/../../../../arm-none-eabi/lib/thumb/v7e-m+fp/hard\libstdc++.a(eh_arm.o)
                0x0800febc                __gnu_end_cleanup
 .text._ZNSt13bad_exceptionD2Ev
                0x0800ff2c        0x4 d:/programfiles/gnu arm embedded toolchain/10 2021.10/bin/../lib/gcc/arm-none-eabi/10.3.1/../../../../arm-none-eabi/lib/thumb/v7e-m+fp/hard\libstdc++.a(eh_exception.o)
                0x0800ff2c                std::bad_exception::~bad_exception()
                0x0800ff2c                std::bad_exception::~bad_exception()
 .text._ZNKSt13bad_exception4whatEv
                0x0800ff30        0x8 d:/programfiles/gnu arm embedded toolchain/10 2021.10/bin/../lib/gcc/arm-none-eabi/10.3.1/../../../../arm-none-eabi/lib/thumb/v7e-m+fp/hard\libstdc++.a(eh_exception.o)
                0x0800ff30                std::bad_exception::what() const
                0x0800ff30                transaction clone for std::bad_exception::what() const
 .text._ZNSt13bad_exceptionD0Ev
                0x0800ff38       0x10 d:/programfiles/gnu arm embedded toolchain/10 2021.10/bin/../lib/gcc/arm-none-eabi/10.3.1/../../../../arm-none-eabi/lib/thumb/v7e-m+fp/hard\libstdc++.a(eh_exception.o)
                0x0800ff38                std::bad_exception::~bad_exception()
 .text.__cxa_get_globals_fast
                0x0800ff48        0x8 d:/programfiles/gnu arm embedded toolchain/10 2021.10/bin/../lib/gcc/arm-none-eabi/10.3.1/../../../../arm-none-eabi/lib/thumb/v7e-m+fp/hard\libstdc++.a(eh_globals.o)
                0x0800ff48                __cxa_get_globals_fast
 .text.__cxa_get_globals
                0x0800ff50        0x8 d:/programfiles/gnu arm embedded toolchain/10 2021.10/bin/../lib/gcc/arm-none-eabi/10.3.1/../../../../arm-none-eabi/lib/thumb/v7e-m+fp/hard\libstdc++.a(eh_globals.o)
                0x0800ff50                __cxa_get_globals
 .text._ZL28read_encoded_value_with_basehjPKhPj
                0x0800ff58       0xc0 d:/programfiles/gnu arm embedded toolchain/10 2021.10/bin/../lib/gcc/arm-none-eabi/10.3.1/../../../../arm-none-eabi/lib/thumb/v7e-m+fp/hard\libstdc++.a(eh_personality.o)
 .text._ZL21base_of_encoded_valuehP15_Unwind_Context
                0x08010018       0x50 d:/programfiles/gnu arm embedded toolchain/10 2021.10/bin/../lib/gcc/arm-none-eabi/10.3.1/../../../../arm-none-eabi/lib/thumb/v7e-m+fp/hard\libstdc++.a(eh_personality.o)
 .text._ZL17parse_lsda_headerP15_Unwind_ContextPKhP16lsda_header_info
                0x08010068       0x94 d:/programfiles/gnu arm embedded toolchain/10 2021.10/bin/../lib/gcc/arm-none-eabi/10.3.1/../../../../arm-none-eabi/lib/thumb/v7e-m+fp/hard\libstdc++.a(eh_personality.o)
 .text.__gxx_personality_v0
                0x080100fc      0x4a8 d:/programfiles/gnu arm embedded toolchain/10 2021.10/bin/../lib/gcc/arm-none-eabi/10.3.1/../../../../arm-none-eabi/lib/thumb/v7e-m+fp/hard\libstdc++.a(eh_personality.o)
                0x080100fc                __gxx_personality_v0
 .text._ZN10__cxxabiv111__terminateEPFvvE
                0x080105a4       0x28 d:/programfiles/gnu arm embedded toolchain/10 2021.10/bin/../lib/gcc/arm-none-eabi/10.3.1/../../../../arm-none-eabi/lib/thumb/v7e-m+fp/hard\libstdc++.a(eh_terminate.o)
                0x080105a4                __cxxabiv1::__terminate(void (*)())
 .text._ZSt9terminatev
                0x080105cc       0x14 d:/programfiles/gnu arm embedded toolchain/10 2021.10/bin/../lib/gcc/arm-none-eabi/10.3.1/../../../../arm-none-eabi/lib/thumb/v7e-m+fp/hard\libstdc++.a(eh_terminate.o)
                0x080105cc                std::terminate()
 .text._ZN10__cxxabiv112__unexpectedEPFvvE
                0x080105e0        0x8 d:/programfiles/gnu arm embedded toolchain/10 2021.10/bin/../lib/gcc/arm-none-eabi/10.3.1/../../../../arm-none-eabi/lib/thumb/v7e-m+fp/hard\libstdc++.a(eh_terminate.o)
                0x080105e0                __cxxabiv1::__unexpected(void (*)())
 .text._ZSt10unexpectedv
                0x080105e8       0x14 d:/programfiles/gnu arm embedded toolchain/10 2021.10/bin/../lib/gcc/arm-none-eabi/10.3.1/../../../../arm-none-eabi/lib/thumb/v7e-m+fp/hard\libstdc++.a(eh_terminate.o)
                0x080105e8                std::unexpected()
 .text._ZSt13get_terminatev
                0x080105fc       0x10 d:/programfiles/gnu arm embedded toolchain/10 2021.10/bin/../lib/gcc/arm-none-eabi/10.3.1/../../../../arm-none-eabi/lib/thumb/v7e-m+fp/hard\libstdc++.a(eh_terminate.o)
                0x080105fc                std::get_terminate()
 .text._ZSt14get_unexpectedv
                0x0801060c       0x10 d:/programfiles/gnu arm embedded toolchain/10 2021.10/bin/../lib/gcc/arm-none-eabi/10.3.1/../../../../arm-none-eabi/lib/thumb/v7e-m+fp/hard\libstdc++.a(eh_terminate.o)
                0x0801060c                std::get_unexpected()
 .text.__cxa_pure_virtual
                0x0801061c       0x14 d:/programfiles/gnu arm embedded toolchain/10 2021.10/bin/../lib/gcc/arm-none-eabi/10.3.1/../../../../arm-none-eabi/lib/thumb/v7e-m+fp/hard\libstdc++.a(pure.o)
                0x0801061c                __cxa_pure_virtual
 .text._ZN10__cxxabiv120__si_class_type_infoD2Ev
                0x08010630       0x14 d:/programfiles/gnu arm embedded toolchain/10 2021.10/bin/../lib/gcc/arm-none-eabi/10.3.1/../../../../arm-none-eabi/lib/thumb/v7e-m+fp/hard\libstdc++.a(si_class_type_info.o)
                0x08010630                __cxxabiv1::__si_class_type_info::~__si_class_type_info()
                0x08010630                __cxxabiv1::__si_class_type_info::~__si_class_type_info()
 .text._ZN10__cxxabiv120__si_class_type_infoD0Ev
                0x08010644       0x1c d:/programfiles/gnu arm embedded toolchain/10 2021.10/bin/../lib/gcc/arm-none-eabi/10.3.1/../../../../arm-none-eabi/lib/thumb/v7e-m+fp/hard\libstdc++.a(si_class_type_info.o)
                0x08010644                __cxxabiv1::__si_class_type_info::~__si_class_type_info()
 .text._ZNK10__cxxabiv120__si_class_type_info20__do_find_public_srcEiPKvPKNS_17__class_type_infoES2_
                0x08010660       0x3c d:/programfiles/gnu arm embedded toolchain/10 2021.10/bin/../lib/gcc/arm-none-eabi/10.3.1/../../../../arm-none-eabi/lib/thumb/v7e-m+fp/hard\libstdc++.a(si_class_type_info.o)
                0x08010660                __cxxabiv1::__si_class_type_info::__do_find_public_src(int, void const*, __cxxabiv1::__class_type_info const*, void const*) const
 .text._ZNK10__cxxabiv120__si_class_type_info12__do_dyncastEiNS_17__class_type_info10__sub_kindEPKS1_PKvS4_S6_RNS1_16__dyncast_resultE