Archive member included to satisfy reference by file (symbol)

d:/programfiles/gnu arm embedded toolchain/10 2021.10/bin/../lib/gcc/arm-none-eabi/10.3.1/../../../../arm-none-eabi/lib/thumb/v7e-m+fp/hard\libstdc++.a(atexit_arm.o)
                              CMakeFiles/MusicClion.elf.dir/User/Application/Music.cpp.obj (__aeabi_atexit)
d:/programfiles/gnu arm embedded toolchain/10 2021.10/bin/../lib/gcc/arm-none-eabi/10.3.1/../../../../arm-none-eabi/lib/thumb/v7e-m+fp/hard\libstdc++.a(class_type_info.o)
                              CMakeFiles/MusicClion.elf.dir/PrivateLibrary/AUDIOAnalysis/AudioFileParser/AudioFileParser.cpp.obj (vtable for __cxxabiv1::__class_type_info)
d:/programfiles/gnu arm embedded toolchain/10 2021.10/bin/../lib/gcc/arm-none-eabi/10.3.1/../../../../arm-none-eabi/lib/thumb/v7e-m+fp/hard\libstdc++.a(del_ops.o)
                              CMakeFiles/MusicClion.elf.dir/PrivateLibrary/AUDIOAnalysis/AudioFileParser/AudioFileParser.cpp.obj (operator delete(void*, unsigned int))
d:/programfiles/gnu arm embedded toolchain/10 2021.10/bin/../lib/gcc/arm-none-eabi/10.3.1/../../../../arm-none-eabi/lib/thumb/v7e-m+fp/hard\libstdc++.a(eh_arm.o)
                              CMakeFiles/MusicClion.elf.dir/PrivateLibrary/AUDIOAnalysis/wav/wavplay.cpp.obj (__cxa_end_cleanup)
d:/programfiles/gnu arm embedded toolchain/10 2021.10/bin/../lib/gcc/arm-none-eabi/10.3.1/../../../../arm-none-eabi/lib/thumb/v7e-m+fp/hard\libstdc++.a(eh_exception.o)
                              d:/programfiles/gnu arm embedded toolchain/10 2021.10/bin/../lib/gcc/arm-none-eabi/10.3.1/../../../../arm-none-eabi/lib/thumb/v7e-m+fp/hard\libstdc++.a(eh_arm.o) (typeinfo for __cxxabiv1::__forced_unwind)
d:/programfiles/gnu arm embedded toolchain/10 2021.10/bin/../lib/gcc/arm-none-eabi/10.3.1/../../../../arm-none-eabi/lib/thumb/v7e-m+fp/hard\libstdc++.a(eh_globals.o)
                              d:/programfiles/gnu arm embedded toolchain/10 2021.10/bin/../lib/gcc/arm-none-eabi/10.3.1/../../../../arm-none-eabi/lib/thumb/v7e-m+fp/hard\libstdc++.a(eh_arm.o) (__cxa_get_globals)
d:/programfiles/gnu arm embedded toolchain/10 2021.10/bin/../lib/gcc/arm-none-eabi/10.3.1/../../../../arm-none-eabi/lib/thumb/v7e-m+fp/hard\libstdc++.a(eh_personality.o)
                              CMakeFiles/MusicClion.elf.dir/PrivateLibrary/AUDIOAnalysis/wav/wavplay.cpp.obj (__gxx_personality_v0)
d:/programfiles/gnu arm embedded toolchain/10 2021.10/bin/../lib/gcc/arm-none-eabi/10.3.1/../../../../arm-none-eabi/lib/thumb/v7e-m+fp/hard\libstdc++.a(eh_terminate.o)
                              d:/programfiles/gnu arm embedded toolchain/10 2021.10/bin/../lib/gcc/arm-none-eabi/10.3.1/../../../../arm-none-eabi/lib/thumb/v7e-m+fp/hard\libstdc++.a(eh_arm.o) (std::terminate())
d:/programfiles/gnu arm embedded toolchain/10 2021.10/bin/../lib/gcc/arm-none-eabi/10.3.1/../../../../arm-none-eabi/lib/thumb/v7e-m+fp/hard\libstdc++.a(eh_unex_handler.o)
                              d:/programfiles/gnu arm embedded toolchain/10 2021.10/bin/../lib/gcc/arm-none-eabi/10.3.1/../../../../arm-none-eabi/lib/thumb/v7e-m+fp/hard\libstdc++.a(eh_terminate.o) (__cxxabiv1::__unexpected_handler)
d:/programfiles/gnu arm embedded toolchain/10 2021.10/bin/../lib/gcc/arm-none-eabi/10.3.1/../../../../arm-none-eabi/lib/thumb/v7e-m+fp/hard\libstdc++.a(new_op.o)
                              CMakeFiles/MusicClion.elf.dir/PrivateLibrary/AUDIOAnalysis/mp3/mp3play.cpp.obj (operator new(unsigned int))
d:/programfiles/gnu arm embedded toolchain/10 2021.10/bin/../lib/gcc/arm-none-eabi/10.3.1/../../../../arm-none-eabi/lib/thumb/v7e-m+fp/hard\libstdc++.a(new_opv.o)
                              CMakeFiles/MusicClion.elf.dir/PrivateLibrary/AUDIOAnalysis/mp3/mp3play.cpp.obj (operator new[](unsigned int))
d:/programfiles/gnu arm embedded toolchain/10 2021.10/bin/../lib/gcc/arm-none-eabi/10.3.1/../../../../arm-none-eabi/lib/thumb/v7e-m+fp/hard\libstdc++.a(pure.o)
                              CMakeFiles/MusicClion.elf.dir/PrivateLibrary/AUDIOAnalysis/AudioFileParser/AudioFileParser.cpp.obj (__cxa_pure_virtual)
d:/programfiles/gnu arm embedded toolchain/10 2021.10/bin/../lib/gcc/arm-none-eabi/10.3.1/../../../../arm-none-eabi/lib/thumb/v7e-m+fp/hard\libstdc++.a(si_class_type_info.o)
                              CMakeFiles/MusicClion.elf.dir/PrivateLibrary/AUDIOAnalysis/mp3/mp3play.cpp.obj (vtable for __cxxabiv1::__si_class_type_info)
d:/programfiles/gnu arm embedded toolchain/10 2021.10/bin/../lib/gcc/arm-none-eabi/10.3.1/../../../../arm-none-eabi/lib/thumb/v7e-m+fp/hard\libstdc++.a(tinfo.o)
                              d:/programfiles/gnu arm embedded toolchain/10 2021.10/bin/../lib/gcc/arm-none-eabi/10.3.1/../../../../arm-none-eabi/lib/thumb/v7e-m+fp/hard\libstdc++.a(class_type_info.o) (std::type_info::~type_info())
d:/programfiles/gnu arm embedded toolchain/10 2021.10/bin/../lib/gcc/arm-none-eabi/10.3.1/../../../../arm-none-eabi/lib/thumb/v7e-m+fp/hard\libstdc++.a(vmi_class_type_info.o)
[...]
Memory Configuration

Name             Origin             Length             Attributes
CCMRAM           0x10000000         0x00010000         xrw
RAM              0x20000000         0x00020000         xrw
FLASH            0x08000000         0x00100000         xr
*default*        0x00000000         0xffffffff

Linker script and memory map

LOAD d:/programfiles/gnu arm embedded toolchain/10 2021.10/bin/../lib/gcc/arm-none-eabi/10.3.1/thumb/v7e-m+fp/hard/crti.o
LOAD d:/programfiles/gnu arm embedded toolchain/10 2021.10/bin/../lib/gcc/arm-none-eabi/10.3.1/thumb/v7e-m+fp/hard/crtbegin.o
LOAD d:/programfiles/gnu arm embedded toolchain/10 2021.10/bin/../lib/gcc/arm-none-eabi/10.3.1/../../../../arm-none-eabi/lib/thumb/v7e-m+fp/hard/crt0.o
LOAD CMakeFiles/MusicClion.elf.dir/Core/Src/dma.c.obj
LOAD CMakeFiles/MusicClion.elf.dir/Core/Src/freertos.c.obj
LOAD CMakeFiles/MusicClion.elf.dir/Core/Src/fsmc.c.obj
LOAD CMakeFiles/MusicClion.elf.dir/Core/Src/gpio.c.obj
LOAD CMakeFiles/MusicClion.elf.dir/Core/Src/i2s.c.obj
LOAD CMakeFiles/MusicClion.elf.dir/Core/Src/main.c.obj
LOAD CMakeFiles/MusicClion.elf.dir/Core/Src/sdio.c.obj
LOAD CMakeFiles/MusicClion.elf.dir/Core/Src/stm32f4xx_hal_msp.c.obj
LOAD CMakeFiles/MusicClion.elf.dir/Core/Src/stm32f4xx_hal_timebase_tim.c.obj
LOAD CMakeFiles/MusicClion.elf.dir/Core/Src/stm32f4xx_it.c.obj
LOAD CMakeFiles/MusicClion.elf.dir/Core/Src/syscalls.c.obj
LOAD CMakeFiles/MusicClion.elf.dir/Core/Src/sysmem.c.obj
LOAD CMakeFiles/MusicClion.elf.dir/Core/Src/system_stm32f4xx.c.obj
LOAD CMakeFiles/MusicClion.elf.dir/Core/Src/usart.c.obj
LOAD CMakeFiles/MusicClion.elf.dir/Core/Startup/startup_stm32f407zgtx.s.obj
LOAD CMakeFiles/MusicClion.elf.dir/Drivers/STM32F4xx_HAL_Driver/Src/stm32f4xx_hal.c.obj
LOAD CMakeFiles/MusicClion.elf.dir/Drivers/STM32F4xx_HAL_Driver/Src/stm32f4xx_hal_cortex.c.obj
LOAD CMakeFiles/MusicClion.elf.dir/Drivers/STM32F4xx_HAL_Driver/Src/stm32f4xx_hal_dma.c.obj
LOAD CMakeFiles/MusicClion.elf.dir/Drivers/STM32F4xx_HAL_Driver/Src/stm32f4xx_hal_dma_ex.c.obj
LOAD CMakeFiles/MusicClion.elf.dir/Drivers/STM32F4xx_HAL_Driver/Src/stm32f4xx_hal_exti.c.obj
LOAD CMakeFiles/MusicClion.elf.dir/Drivers/STM32F4xx_HAL_Driver/Src/stm32f4xx_hal_flash.c.obj
LOAD CMakeFiles/MusicClion.elf.dir/Drivers/STM32F4xx_HAL_Driver/Src/stm32f4xx_hal_flash_ex.c.obj
LOAD CMakeFiles/MusicClion.elf.dir/Drivers/STM32F4xx_HAL_Driver/Src/stm32f4xx_hal_flash_ramfunc.c.obj
LOAD CMakeFiles/MusicClion.elf.dir/Drivers/STM32F4xx_HAL_Driver/Src/stm32f4xx_hal_gpio.c.obj
LOAD CMakeFiles/MusicClion.elf.dir/Drivers/STM32F4xx_HAL_Driver/Src/stm32f4xx_hal_i2s.c.obj
LOAD CMakeFiles/MusicClion.elf.dir/Drivers/STM32F4xx_HAL_Driver/Src/stm32f4xx_hal_i2s_ex.c.obj
LOAD CMakeFiles/MusicClion.elf.dir/Drivers/STM32F4xx_HAL_Driver/Src/stm32f4xx_hal_pwr.c.obj
LOAD CMakeFiles/MusicClion.elf.dir/Drivers/STM32F4xx_HAL_Driver/Src/stm32f4xx_hal_pwr_ex.c.obj
LOAD CMakeFiles/MusicClion.elf.dir/Drivers/STM32F4xx_HAL_Driver/Src/stm32f4xx_hal_rcc.c.obj
LOAD CMakeFiles/MusicClion.elf.dir/Drivers/STM32F4xx_HAL_Driver/Src/stm32f4xx_hal_rcc_ex.c.obj
LOAD CMakeFiles/MusicClion.elf.dir/Drivers/STM32F4xx_HAL_Driver/Src/stm32f4xx_hal_sd.c.obj
LOAD CMakeFiles/MusicClion.elf.dir/Drivers/STM32F4xx_HAL_Driver/Src/stm32f4xx_hal_sram.c.obj
LOAD CMakeFiles/MusicClion.elf.dir/Drivers/STM32F4xx_HAL_Driver/Src/stm32f4xx_hal_tim.c.obj
LOAD CMakeFiles/MusicClion.elf.dir/Drivers/STM32F4xx_HAL_Driver/Src/stm32f4xx_hal_tim_ex.c.obj
LOAD CMakeFiles/MusicClion.elf.dir/Drivers/STM32F4xx_HAL_Driver/Src/stm32f4xx_hal_uart.c.obj
LOAD CMakeFiles/MusicClion.elf.dir/Drivers/STM32F4xx_HAL_Driver/Src/stm32f4xx_ll_fsmc.c.obj
LOAD CMakeFiles/MusicClion.elf.dir/Drivers/STM32F4xx_HAL_Driver/Src/stm32f4xx_ll_sdmmc.c.obj
LOAD CMakeFiles/MusicClion.elf.dir/FATFS/App/fatfs.c.obj
LOAD CMakeFiles/MusicClion.elf.dir/FATFS/Target/bsp_driver_sd.c.obj
LOAD CMakeFiles/MusicClion.elf.dir/FATFS/Target/sd_diskio.c.obj
LOAD CMakeFiles/MusicClion.elf.dir/Middlewares/Third_Party/FatFs/src/diskio.c.obj
LOAD CMakeFiles/MusicClion.elf.dir/Middlewares/Third_Party/FatFs/src/ff.c.obj
LOAD CMakeFiles/MusicClion.elf.dir/Middlewares/Third_Party/FatFs/src/ff_gen_drv.c.obj
LOAD CMakeFiles/MusicClion.elf.dir/Middlewares/Third_Party/FatFs/src/option/cc936.c.obj
LOAD CMakeFiles/MusicClion.elf.dir/Middlewares/Third_Party/FatFs/src/option/syscall.c.obj
LOAD CMakeFiles/MusicClion.elf.dir/Middlewares/Third_Party/FreeRTOS/Source/CMSIS_RTOS_V2/cmsis_os2.c.obj
LOAD CMakeFiles/MusicClion.elf.dir/Middlewares/Third_Party/FreeRTOS/Source/croutine.c.obj
LOAD CMakeFiles/MusicClion.elf.dir/Middlewares/Third_Party/FreeRTOS/Source/event_groups.c.obj
LOAD CMakeFiles/MusicClion.elf.dir/Middlewares/Third_Party/FreeRTOS/Source/list.c.obj
LOAD CMakeFiles/MusicClion.elf.dir/Middlewares/Third_Party/FreeRTOS/Source/portable/GCC/ARM_CM4F/port.c.obj
LOAD CMakeFiles/MusicClion.elf.dir/Middlewares/Third_Party/FreeRTOS/Source/portable/MemMang/heap_4.c.obj
LOAD CMakeFiles/MusicClion.elf.dir/Middlewares/Third_Party/FreeRTOS/Source/queue.c.obj
LOAD CMakeFiles/MusicClion.elf.dir/Middlewares/Third_Party/FreeRTOS/Source/stream_buffer.c.obj
LOAD CMakeFiles/MusicClion.elf.dir/Middlewares/Third_Party/FreeRTOS/Source/tasks.c.obj
LOAD CMakeFiles/MusicClion.elf.dir/Middlewares/Third_Party/FreeRTOS/Source/timers.c.obj
LOAD CMakeFiles/MusicClion.elf.dir/PrivateLibrary/AUDIOAnalysis/AudioFileParser/AudioFileParser.cpp.obj
LOAD CMakeFiles/MusicClion.elf.dir/PrivateLibrary/AUDIOAnalysis/mp3/helix/mp3dec.c.obj
LOAD CMakeFiles/MusicClion.elf.dir/PrivateLibrary/AUDIOAnalysis/mp3/helix/mp3tabs.c.obj
LOAD CMakeFiles/MusicClion.elf.dir/PrivateLibrary/AUDIOAnalysis/mp3/helix/real/bitstream.c.obj
LOAD CMakeFiles/MusicClion.elf.dir/PrivateLibrary/AUDIOAnalysis/mp3/helix/real/buffers.c.obj
LOAD CMakeFiles/MusicClion.elf.dir/PrivateLibrary/AUDIOAnalysis/mp3/helix/real/dct32.c.obj
LOAD CMakeFiles/MusicClion.elf.dir/PrivateLibrary/AUDIOAnalysis/mp3/helix/real/dequant.c.obj
LOAD CMakeFiles/MusicClion.elf.dir/PrivateLibrary/AUDIOAnalysis/mp3/helix/real/dqchan.c.obj
LOAD CMakeFiles/MusicClion.elf.dir/PrivateLibrary/AUDIOAnalysis/mp3/helix/real/huffman.c.obj
LOAD CMakeFiles/MusicClion.elf.dir/PrivateLibrary/AUDIOAnalysis/mp3/helix/real/hufftabs.c.obj
LOAD CMakeFiles/MusicClion.elf.dir/PrivateLibrary/AUDIOAnalysis/mp3/helix/real/imdct.c.obj
LOAD CMakeFiles/MusicClion.elf.dir/PrivateLibrary/AUDIOAnalysis/mp3/helix/real/polyphase.c.obj
LOAD CMakeFiles/MusicClion.elf.dir/PrivateLibrary/AUDIOAnalysis/mp3/helix/real/scalfact.c.obj
LOAD CMakeFiles/MusicClion.elf.dir/PrivateLibrary/AUDIOAnalysis/mp3/helix/real/stproc.c.obj
LOAD CMakeFiles/MusicClion.elf.dir/PrivateLibrary/AUDIOAnalysis/mp3/helix/real/subband.c.obj
LOAD CMakeFiles/MusicClion.elf.dir/PrivateLibrary/AUDIOAnalysis/mp3/helix/real/trigtabs.c.obj
LOAD CMakeFiles/MusicClion.elf.dir/PrivateLibrary/AUDIOAnalysis/mp3/mp3play.cpp.obj
LOAD CMakeFiles/MusicClion.elf.dir/PrivateLibrary/AUDIOAnalysis/wav/wavplay.cpp.obj
LOAD CMakeFiles/MusicClion.elf.dir/PrivateLibrary/BSP/LCD/lcd.c.obj
LOAD CMakeFiles/MusicClion.elf.dir/PrivateLibrary/BSP/LCD/lcd_ex.c.obj
LOAD CMakeFiles/MusicClion.elf.dir/PrivateLibrary/BSP/SYSTEM/delay.c.obj
LOAD CMakeFiles/MusicClion.elf.dir/PrivateLibrary/BSP/SYSTEM/sys.c.obj
LOAD CMakeFiles/MusicClion.elf.dir/PrivateLibrary/BSP/Touch/24cxx.c.obj
LOAD CMakeFiles/MusicClion.elf.dir/PrivateLibrary/BSP/Touch/ctiic.c.obj
LOAD CMakeFiles/MusicClion.elf.dir/PrivateLibrary/BSP/Touch/ft5206.c.obj
LOAD CMakeFiles/MusicClion.elf.dir/PrivateLibrary/BSP/Touch/gt9xxx.c.obj
LOAD CMakeFiles/MusicClion.elf.dir/PrivateLibrary/BSP/Touch/myiic.c.obj
LOAD CMakeFiles/MusicClion.elf.dir/PrivateLibrary/BSP/Touch/touch.c.obj
LOAD CMakeFiles/MusicClion.elf.dir/PrivateLibrary/BSP/WM8978/wm8978.c.obj
LOAD CMakeFiles/MusicClion.elf.dir/PrivateLibrary/Bridge/Bradge.cpp.obj
LOAD CMakeFiles/MusicClion.elf.dir/PrivateLibrary/Protocol/IIC/myIIC99.c.obj
LOAD CMakeFiles/MusicClion.elf.dir/PrivateLibrary/Protocol/IIS/i2S2.c.obj
LOAD CMakeFiles/MusicClion.elf.dir/PrivateLibrary/Serial/BaseLib/MyUsart.cpp.obj
LOAD CMakeFiles/MusicClion.elf.dir/PrivateLibrary/Serial/DataStream/inputStream.cpp.obj
LOAD CMakeFiles/MusicClion.elf.dir/PrivateLibrary/Serial/DataStream/outputStream.cpp.obj
LOAD CMakeFiles/MusicClion.elf.dir/PrivateLibrary/Serial/OtherLib/WString.cpp.obj
LOAD CMakeFiles/MusicClion.elf.dir/PrivateLibrary/Serial/OtherLib/bswap.c.obj
LOAD CMakeFiles/MusicClion.elf.dir/PrivateLibrary/Serial/OtherLib/stdlib_noniso.c.obj
LOAD CMakeFiles/MusicClion.elf.dir/PrivateLibrary/hal/FileOperation/exfuns.c.obj
LOAD CMakeFiles/MusicClion.elf.dir/PrivateLibrary/hal/FileOperation/fattester.c.obj
LOAD CMakeFiles/MusicClion.elf.dir/PrivateLibrary/hal/button/key.c.obj
LOAD CMakeFiles/MusicClion.elf.dir/PrivateLibrary/hal/buzzer/beep.c.obj
LOAD CMakeFiles/MusicClion.elf.dir/PrivateLibrary/hal/hal.cpp.obj
LOAD CMakeFiles/MusicClion.elf.dir/User/Application/Music.cpp.obj
LOAD CMakeFiles/MusicClion.elf.dir/User/Application/Music/MusicAPP.cpp.obj
LOAD CMakeFiles/MusicClion.elf.dir/User/Application/Music/MusicPaker.cpp.obj
LOAD CMakeFiles/MusicClion.elf.dir/User/OSTask.cpp.obj
LOAD CMakeFiles/MusicClion.elf.dir/User/StatusList.cpp.obj
LOAD d:/programfiles/gnu arm embedded toolchain/10 2021.10/bin/../lib/gcc/arm-none-eabi/10.3.1/../../../../arm-none-eabi/lib/thumb/v7e-m+fp/hard\libstdc++.a
LOAD d:/programfiles/gnu arm embedded toolchain/10 2021.10/bin/../lib/gcc/arm-none-eabi/10.3.1/../../../../arm-none-eabi/lib/thumb/v7e-m+fp/hard\libm.a
START GROUP
LOAD d:/programfiles/gnu arm embedded toolchain/10 2021.10/bin/../lib/gcc/arm-none-eabi/10.3.1/thumb/v7e-m+fp/hard\libgcc.a
LOAD d:/programfiles/gnu arm embedded toolchain/10 2021.10/bin/../lib/gcc/arm-none-eabi/10.3.1/../../../../arm-none-eabi/lib/thumb/v7e-m+fp/hard\libg.a
LOAD d:/programfiles/gnu arm embedded toolchain/10 2021.10/bin/../lib/gcc/arm-none-eabi/10.3.1/../../../../arm-none-eabi/lib/thumb/v7e-m+fp/hard\libc.a
END GROUP
LOAD d:/programfiles/gnu arm embedded toolchain/10 2021.10/bin/../lib/gcc/arm-none-eabi/10.3.1/thumb/v7e-m+fp/hard/crtend.o
LOAD d:/programfiles/gnu arm embedded toolchain/10 2021.10/bin/../lib/gcc/arm-none-eabi/10.3.1/thumb/v7e-m+fp/hard/crtn.o
                0x20020000                _estack = (ORIGIN (RAM) + LENGTH (RAM))
                0x00000200                _Min_Heap_Size = 0x200
                0x00000400                _Min_Stack_Size = 0x400

.isr_vector     0x08000000      0x188
                0x08000000                . = ALIGN (0x4)
 *(.isr_vector)
 .isr_vector    0x08000000      0x188 CMakeFiles/MusicClion.elf.dir/Core/Startup/startup_stm32f407zgtx.s.obj
                0x08000000                g_pfnVectors
                0x08000188                . = ALIGN (0x4)

.text           0x080001c0    0x22d00
                0x080001c0                . = ALIGN (0x4)
 *(.text)
 .text          0x080001c0       0x40 d:/programfiles/gnu arm embedded toolchain/10 2021.10/bin/../lib/gcc/arm-none-eabi/10.3.1/thumb/v7e-m+fp/hard/crtbegin.o
 .text          0x08000200     0x5ee4 d:/programfiles/gnu arm embedded toolchain/10 2021.10/bin/../lib/gcc/arm-none-eabi/10.3.1/../../../../arm-none-eabi/lib/thumb/v7e-m+fp/hard\libstdc++.a(cp-demangle.o)
                0x08005ffc                __cxa_demangle
                0x080060c0                __gcclibcxx_demangle_callback
 .text          0x080060e4      0x378 d:/programfiles/gnu arm embedded toolchain/10 2021.10/bin/../lib/gcc/arm-none-eabi/10.3.1/thumb/v7e-m+fp/hard\libgcc.a(_arm_addsubdf3.o)
                0x080060e4                __aeabi_drsub
                0x080060ec                __aeabi_dsub
                0x080060ec                __subdf3
                0x080060f0                __aeabi_dadd
                0x080060f0                __adddf3
                0x08006368                __floatunsidf
                0x08006368                __aeabi_ui2d
                0x08006388                __floatsidf
                0x08006388                __aeabi_i2d
                0x080063ac                __aeabi_f2d
                0x080063ac                __extendsfdf2
                0x080063f0                __floatundidf
                0x080063f0                __aeabi_ul2d
                0x08006400                __floatdidf
                0x08006400                __aeabi_l2d
 .text          0x0800645c      0x424 d:/programfiles/gnu arm embedded toolchain/10 2021.10/bin/../lib/gcc/arm-none-eabi/10.3.1/thumb/v7e-m+fp/hard\libgcc.a(_arm_muldivdf3.o)
                0x0800645c                __aeabi_dmul
                0x0800645c                __muldf3
                0x080066b0                __divdf3
                0x080066b0                __aeabi_ddiv
 .text          0x08006880      0x110 d:/programfiles/gnu arm embedded toolchain/10 2021.10/bin/../lib/gcc/arm-none-eabi/10.3.1/thumb/v7e-m+fp/hard\libgcc.a(_arm_cmpdf2.o)
                0x08006880                __gtdf2
                0x08006880                __gedf2
                0x08006888                __ltdf2
                0x08006888                __ledf2
                0x08006890                __nedf2
                0x08006890                __eqdf2
                0x08006890                __cmpdf2
                0x0800690c                __aeabi_cdrcmple
                0x0800691c                __aeabi_cdcmpeq
                0x0800691c                __aeabi_cdcmple
                0x0800692c                __aeabi_dcmpeq
                0x08006940                __aeabi_dcmplt
                0x08006954                __aeabi_dcmple
                0x08006968                __aeabi_dcmpge
                0x0800697c                __aeabi_dcmpgt
 .text          0x08006990       0x2c d:/programfiles/gnu arm embedded toolchain/10 2021.10/bin/../lib/gcc/arm-none-eabi/10.3.1/thumb/v7e-m+fp/hard\libgcc.a(_arm_unorddf2.o)
                0x08006990                __unorddf2
                0x08006990                __aeabi_dcmpun
 .text          0x080069bc       0x50 d:/programfiles/gnu arm embedded toolchain/10 2021.10/bin/../lib/gcc/arm-none-eabi/10.3.1/thumb/v7e-m+fp/hard\libgcc.a(_arm_fixdfsi.o)
                0x080069bc                __aeabi_d2iz
                0x080069bc                __fixdfsi
 .text          0x08006a0c       0xa0 d:/programfiles/gnu arm embedded toolchain/10 2021.10/bin/../lib/gcc/arm-none-eabi/10.3.1/thumb/v7e-m+fp/hard\libgcc.a(_aeabi_ldivmod.o)
                0x08006a0c                __aeabi_ldivmod
 .text          0x08006aac       0x30 d:/programfiles/gnu arm embedded toolchain/10 2021.10/bin/../lib/gcc/arm-none-eabi/10.3.1/thumb/v7e-m+fp/hard\libgcc.a(_aeabi_uldivmod.o)
                0x08006aac                __aeabi_uldivmod
 .text          0x08006adc      0x2d0 d:/programfiles/gnu arm embedded toolchain/10 2021.10/bin/../lib/gcc/arm-none-eabi/10.3.1/thumb/v7e-m+fp/hard\libgcc.a(_udivmoddi4.o)
                0x08006adc                __udivmoddi4
 .text          0x08006dac      0x9d8 d:/programfiles/gnu arm embedded toolchain/10 2021.10/bin/../lib/gcc/arm-none-eabi/10.3.1/thumb/v7e-m+fp/hard\libgcc.a(unwind-arm.o)
                0x08007054                _Unwind_GetCFA
                0x08007058                __gnu_Unwind_RaiseException
                0x080070c0                __gnu_Unwind_ForcedUnwind
                0x080070d0                __gnu_Unwind_Resume
                0x08007114                __gnu_Unwind_Resume_or_Rethrow
                0x08007124                _Unwind_Complete
                0x08007128                _Unwind_DeleteException
                0x08007134                _Unwind_VRS_Get
                0x08007180                _Unwind_VRS_Set
                0x080071c8                __gnu_Unwind_Backtrace
                0x080074f4                __aeabi_unwind_cpp_pr0
                0x080074f8                __aeabi_unwind_cpp_pr1
                0x080074fc                __aeabi_unwind_cpp_pr2
                0x08007500                _Unwind_VRS_Pop
 .text          0x08007784      0x1ac d:/programfiles/gnu arm embedded toolchain/10 2021.10/bin/../lib/gcc/arm-none-eabi/10.3.1/thumb/v7e-m+fp/hard\libgcc.a(libunwind.o)
                0x08007784                __restore_core_regs
                0x08007784                restore_core_regs
                0x0800779c                __gnu_Unwind_Restore_VFP
                0x080077a4                __gnu_Unwind_Save_VFP
                0x080077ac                __gnu_Unwind_Restore_VFP_D
                0x080077b4                __gnu_Unwind_Save_VFP_D
                0x080077bc                __gnu_Unwind_Restore_VFP_D_16_to_31
                0x080077c4                __gnu_Unwind_Save_VFP_D_16_to_31
                0x080077cc                __gnu_Unwind_Restore_WMMXD
                0x08007810                __gnu_Unwind_Save_WMMXD
                0x08007854                __gnu_Unwind_Restore_WMMXC
                0x08007868                __gnu_Unwind_Save_WMMXC
                0x0800787c                ___Unwind_RaiseException
                0x0800787c                _Unwind_RaiseException
                0x080078a0                _Unwind_Resume
                0x080078a0                ___Unwind_Resume
                0x080078c4                _Unwind_Resume_or_Rethrow
                0x080078c4                ___Unwind_Resume_or_Rethrow
                0x080078e8                _Unwind_ForcedUnwind
                0x080078e8                ___Unwind_ForcedUnwind
                0x0800790c                ___Unwind_Backtrace
                0x0800790c                _Unwind_Backtrace
 .text          0x08007930      0x350 d:/programfiles/gnu arm embedded toolchain/10 2021.10/bin/../lib/gcc/arm-none-eabi/10.3.1/thumb/v7e-m+fp/hard\libgcc.a(pr-support.o)
                0x08007988                __gnu_unwind_execute
                0x08007c34                __gnu_unwind_frame
                0x08007c60                _Unwind_GetRegionStart
                0x08007c6c                _Unwind_GetLanguageSpecificData
 .text          0x08007c80        0x4 d:/programfiles/gnu arm embedded toolchain/10 2021.10/bin/../lib/gcc/arm-none-eabi/10.3.1/thumb/v7e-m+fp/hard\libgcc.a(_dvmd_tls.o)
                0x08007c80                __aeabi_idiv0
                0x08007c80                __aeabi_ldiv0
 *fill*         0x08007c84        0xc 
 .text          0x08007c90       0xa0 d:/programfiles/gnu arm embedded toolchain/10 2021.10/bin/../lib/gcc/arm-none-eabi/10.3.1/../../../../arm-none-eabi/lib/thumb/v7e-m+fp/hard\libg.a(lib_a-memchr.o)
                0x08007c90                memchr
 .text          0x08007d30      0x134 d:/programfiles/gnu arm embedded toolchain/10 2021.10/bin/../lib/gcc/arm-none-eabi/10.3.1/../../../../arm-none-eabi/lib/thumb/v7e-m+fp/hard\libg.a(lib_a-memcpy.o)
                0x08007d30                memcpy
 *fill*         0x08007e64       0x1c 
 .text          0x08007e80      0x2dc d:/programfiles/gnu arm embedded toolchain/10 2021.10/bin/../lib/gcc/arm-none-eabi/10.3.1/../../../../arm-none-eabi/lib/thumb/v7e-m+fp/hard\libg.a(lib_a-strcmp.o)
                0x08007e88                strcmp
 *fill*         0x0800815c       0x24 
 .text          0x08008180       0xdc d:/programfiles/gnu arm embedded toolchain/10 2021.10/bin/../lib/gcc/arm-none-eabi/10.3.1/../../../../arm-none-eabi/lib/thumb/v7e-m+fp/hard\libg.a(lib_a-strlen.o)
                0x08008180                strlen
 *(.text*)
 .text.MX_DMA_Init
                0x0800825c       0x88 CMakeFiles/MusicClion.elf.dir/Core/Src/dma.c.obj
                0x0800825c                MX_DMA_Init
 .text.MusicPlayTask
                0x080082e4        0x8 CMakeFiles/MusicClion.elf.dir/Core/Src/freertos.c.obj
                0x080082e4                MusicPlayTask
 .text.KeyScanTask
                0x080082ec        0x8 CMakeFiles/MusicClion.elf.dir/Core/Src/freertos.c.obj
                0x080082ec                KeyScanTask
 .text.MX_FREERTOS_Init
                0x080082f4       0x4c CMakeFiles/MusicClion.elf.dir/Core/Src/freertos.c.obj
                0x080082f4                MX_FREERTOS_Init
 .text.HAL_FSMC_MspInit
                0x08008340       0xb4 CMakeFiles/MusicClion.elf.dir/Core/Src/fsmc.c.obj
 .text.MX_FSMC_Init
                0x080083f4       0x70 CMakeFiles/MusicClion.elf.dir/Core/Src/fsmc.c.obj
                0x080083f4                MX_FSMC_Init
 .text.HAL_SRAM_MspInit
                0x08008464        0x8 CMakeFiles/MusicClion.elf.dir/Core/Src/fsmc.c.obj
                0x08008464                HAL_SRAM_MspInit
 .text.MX_GPIO_Init
                0x0800846c       0xe4 CMakeFiles/MusicClion.elf.dir/Core/Src/gpio.c.obj
                0x0800846c                MX_GPIO_Init
 .text.__io_putchar
                0x08008550       0x20 CMakeFiles/MusicClion.elf.dir/Core/Src/main.c.obj
                0x08008550                __io_putchar
 .text._write   0x08008570       0x1c CMakeFiles/MusicClion.elf.dir/Core/Src/main.c.obj
                0x08008570                _write
 .text.HAL_TIM_PeriodElapsedCallback
                0x0800858c       0x18 CMakeFiles/MusicClion.elf.dir/Core/Src/main.c.obj
                0x0800858c                HAL_TIM_PeriodElapsedCallback
 .text.Error_Handler
                0x080085a4        0x4 CMakeFiles/MusicClion.elf.dir/Core/Src/main.c.obj
                0x080085a4                Error_Handler
 .text.SystemClock_Config
                0x080085a8       0xac CMakeFiles/MusicClion.elf.dir/Core/Src/main.c.obj
                0x080085a8                SystemClock_Config
 .text.main     0x08008654       0x38 CMakeFiles/MusicClion.elf.dir/Core/Src/main.c.obj
                0x08008654                main
 .text.MX_SDIO_SD_Init
                0x0800868c       0x20 CMakeFiles/MusicClion.elf.dir/Core/Src/sdio.c.obj
                0x0800868c                MX_SDIO_SD_Init
 .text.HAL_SD_MspInit
                0x080086ac      0x170 CMakeFiles/MusicClion.elf.dir/Core/Src/sdio.c.obj
                0x080086ac                HAL_SD_MspInit
 .text.HAL_MspInit
                0x0800881c       0x44 CMakeFiles/MusicClion.elf.dir/Core/Src/stm32f4xx_hal_msp.c.obj
                0x0800881c                HAL_MspInit
 .text.HAL_InitTick
                0x08008860       0xa4 CMakeFiles/MusicClion.elf.dir/Core/Src/stm32f4xx_hal_timebase_tim.c.obj
                0x08008860                HAL_InitTick
 .text.NMI_Handler
                0x08008904        0x2 CMakeFiles/MusicClion.elf.dir/Core/Src/stm32f4xx_it.c.obj
                0x08008904                NMI_Handler
 .text.HardFault_Handler
                0x08008906        0x2 CMakeFiles/MusicClion.elf.dir/Core/Src/stm32f4xx_it.c.obj
                0x08008906                HardFault_Handler
 .text.MemManage_Handler
                0x08008908        0x2 CMakeFiles/MusicClion.elf.dir/Core/Src/stm32f4xx_it.c.obj
                0x08008908                MemManage_Handler
 .text.BusFault_Handler
                0x0800890a        0x2 CMakeFiles/MusicClion.elf.dir/Core/Src/stm32f4xx_it.c.obj
                0x0800890a                BusFault_Handler
 .text.UsageFault_Handler
                0x0800890c        0x2 CMakeFiles/MusicClion.elf.dir/Core/Src/stm32f4xx_it.c.obj
                0x0800890c                UsageFault_Handler
 .text.DebugMon_Handler
                0x0800890e        0x2 CMakeFiles/MusicClion.elf.dir/Core/Src/stm32f4xx_it.c.obj
                0x0800890e                DebugMon_Handler
 .text.SPI2_IRQHandler
                0x08008910       0x10 CMakeFiles/MusicClion.elf.dir/Core/Src/stm32f4xx_it.c.obj
                0x08008910                SPI2_IRQHandler
 .text.USART1_IRQHandler
                0x08008920       0x10 CMakeFiles/MusicClion.elf.dir/Core/Src/stm32f4xx_it.c.obj
                0x08008920                USART1_IRQHandler
 .text.SDIO_IRQHandler
                0x08008930       0x10 CMakeFiles/MusicClion.elf.dir/Core/Src/stm32f4xx_it.c.obj
                0x08008930                SDIO_IRQHandler
 .text.TIM6_DAC_IRQHandler
                0x08008940       0x10 CMakeFiles/MusicClion.elf.dir/Core/Src/stm32f4xx_it.c.obj
                0x08008940                TIM6_DAC_IRQHandler
 .text.DMA2_Stream2_IRQHandler
                0x08008950       0x10 CMakeFiles/MusicClion.elf.dir/Core/Src/stm32f4xx_it.c.obj
                0x08008950                DMA2_Stream2_IRQHandler
 .text.DMA2_Stream3_IRQHandler
                0x08008960       0x10 CMakeFiles/MusicClion.elf.dir/Core/Src/stm32f4xx_it.c.obj
                0x08008960                DMA2_Stream3_IRQHandler
 .text.DMA2_Stream6_IRQHandler
                0x08008970       0x10 CMakeFiles/MusicClion.elf.dir/Core/Src/stm32f4xx_it.c.obj
                0x08008970                DMA2_Stream6_IRQHandler
 .text.DMA2_Stream7_IRQHandler
                0x08008980       0x10 CMakeFiles/MusicClion.elf.dir/Core/Src/stm32f4xx_it.c.obj
                0x08008980                DMA2_Stream7_IRQHandler
 .text._getpid  0x08008990        0x4 CMakeFiles/MusicClion.elf.dir/Core/Src/syscalls.c.obj
                0x08008990                _getpid
 .text._kill    0x08008994       0x10 CMakeFiles/MusicClion.elf.dir/Core/Src/syscalls.c.obj
                0x08008994                _kill
 .text._exit    0x080089a4        0xc CMakeFiles/MusicClion.elf.dir/Core/Src/syscalls.c.obj
                0x080089a4                _exit
 .text._read    0x080089b0       0x20 CMakeFiles/MusicClion.elf.dir/Core/Src/syscalls.c.obj
                0x080089b0                _read
 .text._close   0x080089d0        0x6 CMakeFiles/MusicClion.elf.dir/Core/Src/syscalls.c.obj
                0x080089d0                _close
 .text._fstat   0x080089d6        0xa CMakeFiles/MusicClion.elf.dir/Core/Src/syscalls.c.obj
                0x080089d6                _fstat
 .text._isatty  0x080089e0        0x4 CMakeFiles/MusicClion.elf.dir/Core/Src/syscalls.c.obj
                0x080089e0                _isatty
 .text._lseek   0x080089e4        0x4 CMakeFiles/MusicClion.elf.dir/Core/Src/syscalls.c.obj
                0x080089e4                _lseek
 .text._sbrk    0x080089e8       0x48 CMakeFiles/MusicClion.elf.dir/Core/Src/sysmem.c.obj
                0x080089e8                _sbrk
 .text.SystemInit
                0x08008a30       0x14 CMakeFiles/MusicClion.elf.dir/Core/Src/system_stm32f4xx.c.obj
                0x08008a30                SystemInit
 .text.MX_USART1_UART_Init
                0x08008a44       0x34 CMakeFiles/MusicClion.elf.dir/Core/Src/usart.c.obj
                0x08008a44                MX_USART1_UART_Init
 .text.HAL_UART_MspInit
                0x08008a78       0xfc CMakeFiles/MusicClion.elf.dir/Core/Src/usart.c.obj
                0x08008a78                HAL_UART_MspInit
 .text.Reset_Handler
                0x08008b74       0x50 CMakeFiles/MusicClion.elf.dir/Core/Startup/startup_stm32f407zgtx.s.obj
                0x08008b74                Reset_Handler
 .text.Default_Handler
                0x08008bc4        0x2 CMakeFiles/MusicClion.elf.dir/Core/Startup/startup_stm32f407zgtx.s.obj
                0x08008bc4                RTC_Alarm_IRQHandler
                0x08008bc4                HASH_RNG_IRQHandler
                0x08008bc4                EXTI2_IRQHandler
                0x08008bc4                TIM8_CC_IRQHandler
                0x08008bc4                TIM1_CC_IRQHandler
                0x08008bc4                DMA2_Stream5_IRQHandler
                0x08008bc4                DMA1_Stream5_IRQHandler
                0x08008bc4                PVD_IRQHandler
                0x08008bc4                TAMP_STAMP_IRQHandler
                0x08008bc4                CAN2_RX1_IRQHandler
                0x08008bc4                EXTI3_IRQHandler
                0x08008bc4                TIM8_TRG_COM_TIM14_IRQHandler
                0x08008bc4                TIM1_UP_TIM10_IRQHandler
                0x08008bc4                TIM8_UP_TIM13_IRQHandler
                0x08008bc4                I2C3_ER_IRQHandler
                0x08008bc4                EXTI0_IRQHandler
                0x08008bc4                I2C2_EV_IRQHandler
                0x08008bc4                DMA1_Stream2_IRQHandler
                0x08008bc4                CAN1_RX0_IRQHandler
                0x08008bc4                FPU_IRQHandler
                0x08008bc4                OTG_HS_WKUP_IRQHandler
                0x08008bc4                CAN2_SCE_IRQHandler
                0x08008bc4                SPI1_IRQHandler
                0x08008bc4                TIM1_BRK_TIM9_IRQHandler
                0x08008bc4                DCMI_IRQHandler
                0x08008bc4                CAN2_RX0_IRQHandler
                0x08008bc4                USART6_IRQHandler
                0x08008bc4                USART3_IRQHandler
                0x08008bc4                CAN1_RX1_IRQHandler
                0x08008bc4                UART5_IRQHandler
                0x08008bc4                DMA2_Stream0_IRQHandler
                0x08008bc4                TIM4_IRQHandler
                0x08008bc4                I2C1_EV_IRQHandler
                0x08008bc4                DMA1_Stream6_IRQHandler
                0x08008bc4                DMA1_Stream1_IRQHandler
                0x08008bc4                UART4_IRQHandler
                0x08008bc4                TIM3_IRQHandler
                0x08008bc4                RCC_IRQHandler
                0x08008bc4                TIM8_BRK_TIM12_IRQHandler
                0x08008bc4                Default_Handler
                0x08008bc4                EXTI15_10_IRQHandler
                0x08008bc4                ADC_IRQHandler
                0x08008bc4                DMA1_Stream7_IRQHandler
                0x08008bc4                TIM7_IRQHandler
                0x08008bc4                CAN2_TX_IRQHandler
                0x08008bc4                TIM5_IRQHandler
                0x08008bc4                I2C3_EV_IRQHandler
                0x08008bc4                EXTI9_5_IRQHandler
                0x08008bc4                RTC_WKUP_IRQHandler
                0x08008bc4                ETH_WKUP_IRQHandler
                0x08008bc4                OTG_HS_EP1_IN_IRQHandler
                0x08008bc4                DMA1_Stream0_IRQHandler
                0x08008bc4                CAN1_TX_IRQHandler
                0x08008bc4                EXTI4_IRQHandler
                0x08008bc4                FSMC_IRQHandler
                0x08008bc4                ETH_IRQHandler
                0x08008bc4                OTG_HS_EP1_OUT_IRQHandler
                0x08008bc4                WWDG_IRQHandler
                0x08008bc4                TIM2_IRQHandler
                0x08008bc4                OTG_FS_WKUP_IRQHandler
                0x08008bc4                TIM1_TRG_COM_TIM11_IRQHandler
                0x08008bc4                OTG_HS_IRQHandler
                0x08008bc4                EXTI1_IRQHandler
                0x08008bc4                USART2_IRQHandler
                0x08008bc4                I2C2_ER_IRQHandler
                0x08008bc4                DMA2_Stream1_IRQHandler
                0x08008bc4                CAN1_SCE_IRQHandler
                0x08008bc4                FLASH_IRQHandler
                0x08008bc4                DMA2_Stream4_IRQHandler
                0x08008bc4                OTG_FS_IRQHandler
                0x08008bc4                SPI3_IRQHandler
                0x08008bc4                I2C1_ER_IRQHandler
                0x08008bc4                DMA1_Stream3_IRQHandler
 *fill*         0x08008bc6        0x2 
 .text.HAL_Init
                0x08008bc8       0x34 CMakeFiles/MusicClion.elf.dir/Drivers/STM32F4xx_HAL_Driver/Src/stm32f4xx_hal.c.obj
                0x08008bc8                HAL_Init
 .text.HAL_IncTick
                0x08008bfc       0x18 CMakeFiles/MusicClion.elf.dir/Drivers/STM32F4xx_HAL_Driver/Src/stm32f4xx_hal.c.obj
                0x08008bfc                HAL_IncTick
 .text.HAL_GetTick
                0x08008c14        0xc CMakeFiles/MusicClion.elf.dir/Drivers/STM32F4xx_HAL_Driver/Src/stm32f4xx_hal.c.obj
                0x08008c14                HAL_GetTick
 .text.HAL_Delay
                0x08008c20       0x28 CMakeFiles/MusicClion.elf.dir/Drivers/STM32F4xx_HAL_Driver/Src/stm32f4xx_hal.c.obj
                0x08008c20                HAL_Delay
 .text.HAL_NVIC_SetPriorityGrouping
                0x08008c48       0x24 CMakeFiles/MusicClion.elf.dir/Drivers/STM32F4xx_HAL_Driver/Src/stm32f4xx_hal_cortex.c.obj
                0x08008c48                HAL_NVIC_SetPriorityGrouping
 .text.HAL_NVIC_SetPriority
                0x08008c6c       0x70 CMakeFiles/MusicClion.elf.dir/Drivers/STM32F4xx_HAL_Driver/Src/stm32f4xx_hal_cortex.c.obj
                0x08008c6c                HAL_NVIC_SetPriority
 .text.HAL_NVIC_EnableIRQ
                0x08008cdc       0x1c CMakeFiles/MusicClion.elf.dir/Drivers/STM32F4xx_HAL_Driver/Src/stm32f4xx_hal_cortex.c.obj
                0x08008cdc                HAL_NVIC_EnableIRQ
 .text.DMA_SetConfig
                0x08008cf8       0x2c CMakeFiles/MusicClion.elf.dir/Drivers/STM32F4xx_HAL_Driver/Src/stm32f4xx_hal_dma.c.obj
 .text.DMA_CalcBaseAndBitshift
                0x08008d24       0x44 CMakeFiles/MusicClion.elf.dir/Drivers/STM32F4xx_HAL_Driver/Src/stm32f4xx_hal_dma.c.obj
 .text.DMA_CheckFifoParam
                0x08008d68       0x8e CMakeFiles/MusicClion.elf.dir/Drivers/STM32F4xx_HAL_Driver/Src/stm32f4xx_hal_dma.c.obj
 *fill*         0x08008df6        0x2 
 .text.HAL_DMA_Init
                0x08008df8       0xcc CMakeFiles/MusicClion.elf.dir/Drivers/STM32F4xx_HAL_Driver/Src/stm32f4xx_hal_dma.c.obj
                0x08008df8                HAL_DMA_Init
 .text.HAL_DMA_DeInit
                0x08008ec4       0x64 CMakeFiles/MusicClion.elf.dir/Drivers/STM32F4xx_HAL_Driver/Src/stm32f4xx_hal_dma.c.obj
                0x08008ec4                HAL_DMA_DeInit
 .text.HAL_DMA_Start_IT
                0x08008f28       0x6a CMakeFiles/MusicClion.elf.dir/Drivers/STM32F4xx_HAL_Driver/Src/stm32f4xx_hal_dma.c.obj
                0x08008f28                HAL_DMA_Start_IT
 .text.HAL_DMA_Abort
                0x08008f92       0x94 CMakeFiles/MusicClion.elf.dir/Drivers/STM32F4xx_HAL_Driver/Src/stm32f4xx_hal_dma.c.obj
                0x08008f92                HAL_DMA_Abort
 .text.HAL_DMA_Abort_IT
                0x08009026       0x26 CMakeFiles/MusicClion.elf.dir/Drivers/STM32F4xx_HAL_Driver/Src/stm32f4xx_hal_dma.c.obj
                0x08009026                HAL_DMA_Abort_IT
 .text.HAL_DMA_IRQHandler
                0x0800904c      0x1dc CMakeFiles/MusicClion.elf.dir/Drivers/STM32F4xx_HAL_Driver/Src/stm32f4xx_hal_dma.c.obj
                0x0800904c                HAL_DMA_IRQHandler
 .text.HAL_DMA_GetError
                0x08009228        0x4 CMakeFiles/MusicClion.elf.dir/Drivers/STM32F4xx_HAL_Driver/Src/stm32f4xx_hal_dma.c.obj
                0x08009228                HAL_DMA_GetError
 .text.DMA_MultiBufferSetConfig
                0x0800922c       0x24 CMakeFiles/MusicClion.elf.dir/Drivers/STM32F4xx_HAL_Driver/Src/stm32f4xx_hal_dma_ex.c.obj
 .text.HAL_DMAEx_MultiBufferStart
                0x08009250       0x5e CMakeFiles/MusicClion.elf.dir/Drivers/STM32F4xx_HAL_Driver/Src/stm32f4xx_hal_dma_ex.c.obj
                0x08009250                HAL_DMAEx_MultiBufferStart
 *fill*         0x080092ae        0x2 
 .text.HAL_GPIO_Init
                0x080092b0      0x1e4 CMakeFiles/MusicClion.elf.dir/Drivers/STM32F4xx_HAL_Driver/Src/stm32f4xx_hal_gpio.c.obj
                0x080092b0                HAL_GPIO_Init
 .text.HAL_GPIO_ReadPin
                0x08009494        0xe CMakeFiles/MusicClion.elf.dir/Drivers/STM32F4xx_HAL_Driver/Src/stm32f4xx_hal_gpio.c.obj
                0x08009494                HAL_GPIO_ReadPin
 .text.HAL_GPIO_WritePin
                0x080094a2        0xc CMakeFiles/MusicClion.elf.dir/Drivers/STM32F4xx_HAL_Driver/Src/stm32f4xx_hal_gpio.c.obj
                0x080094a2                HAL_GPIO_WritePin
 *fill*         0x080094ae        0x2 
 .text.HAL_I2S_Init
                0x080094b0      0x19c CMakeFiles/MusicClion.elf.dir/Drivers/STM32F4xx_HAL_Driver/Src/stm32f4xx_hal_i2s.c.obj
                0x080094b0                HAL_I2S_Init
 .text.HAL_I2S_IRQHandler
                0x0800964c        0x8 CMakeFiles/MusicClion.elf.dir/Drivers/STM32F4xx_HAL_Driver/Src/stm32f4xx_hal_i2s.c.obj
                0x0800964c                HAL_I2S_IRQHandler
 .text.HAL_I2S_TxCpltCallback
                0x08009654        0x2 CMakeFiles/MusicClion.elf.dir/Drivers/STM32F4xx_HAL_Driver/Src/stm32f4xx_hal_i2s.c.obj
                0x08009654                HAL_I2S_TxCpltCallback
 .text.I2S_Transmit_IT
                0x08009656       0x38 CMakeFiles/MusicClion.elf.dir/Drivers/STM32F4xx_HAL_Driver/Src/stm32f4xx_hal_i2s.c.obj
 .text.HAL_I2S_RxCpltCallback
                0x0800968e        0x2 CMakeFiles/MusicClion.elf.dir/Drivers/STM32F4xx_HAL_Driver/Src/stm32f4xx_hal_i2s.c.obj
                0x0800968e                HAL_I2S_RxCpltCallback
 .text.I2S_Receive_IT
                0x08009690       0x38 CMakeFiles/MusicClion.elf.dir/Drivers/STM32F4xx_HAL_Driver/Src/stm32f4xx_hal_i2s.c.obj
 .text.HAL_I2S_ErrorCallback
                0x080096c8        0x2 CMakeFiles/MusicClion.elf.dir/Drivers/STM32F4xx_HAL_Driver/Src/stm32f4xx_hal_i2s.c.obj
                0x080096c8                HAL_I2S_ErrorCallback
 .text.I2S_IRQHandler
                0x080096ca       0xd0 CMakeFiles/MusicClion.elf.dir/Drivers/STM32F4xx_HAL_Driver/Src/stm32f4xx_hal_i2s.c.obj
 .text.HAL_I2SEx_TxRxCpltCallback
                0x0800979a        0x2 CMakeFiles/MusicClion.elf.dir/Drivers/STM32F4xx_HAL_Driver/Src/stm32f4xx_hal_i2s_ex.c.obj
                0x0800979a                HAL_I2SEx_TxRxCpltCallback
 .text.I2SEx_TxISR_I2S
                0x0800979c       0x3c CMakeFiles/MusicClion.elf.dir/Drivers/STM32F4xx_HAL_Driver/Src/stm32f4xx_hal_i2s_ex.c.obj
 .text.I2SEx_RxISR_I2SExt
                0x080097d8       0x64 CMakeFiles/MusicClion.elf.dir/Drivers/STM32F4xx_HAL_Driver/Src/stm32f4xx_hal_i2s_ex.c.obj
 .text.I2SEx_TxISR_I2SExt
                0x0800983c       0x64 CMakeFiles/MusicClion.elf.dir/Drivers/STM32F4xx_HAL_Driver/Src/stm32f4xx_hal_i2s_ex.c.obj
 .text.I2SEx_RxISR_I2S
                0x080098a0       0x3c CMakeFiles/MusicClion.elf.dir/Drivers/STM32F4xx_HAL_Driver/Src/stm32f4xx_hal_i2s_ex.c.obj
 .text.HAL_I2SEx_FullDuplex_IRQHandler
                0x080098dc      0x1d8 CMakeFiles/MusicClion.elf.dir/Drivers/STM32F4xx_HAL_Driver/Src/stm32f4xx_hal_i2s_ex.c.obj
                0x080098dc                HAL_I2SEx_FullDuplex_IRQHandler
 .text.HAL_RCC_OscConfig
                0x08009ab4      0x3f8 CMakeFiles/MusicClion.elf.dir/Drivers/STM32F4xx_HAL_Driver/Src/stm32f4xx_hal_rcc.c.obj
                0x08009ab4                HAL_RCC_OscConfig
 .text.HAL_RCC_GetSysClockFreq
                0x08009eac       0xd4 CMakeFiles/MusicClion.elf.dir/Drivers/STM32F4xx_HAL_Driver/Src/stm32f4xx_hal_rcc.c.obj
                0x08009eac                HAL_RCC_GetSysClockFreq
 .text.HAL_RCC_ClockConfig
                0x08009f80      0x160 CMakeFiles/MusicClion.elf.dir/Drivers/STM32F4xx_HAL_Driver/Src/stm32f4xx_hal_rcc.c.obj
                0x08009f80                HAL_RCC_ClockConfig
 .text.HAL_RCC_GetHCLKFreq
                0x0800a0e0        0xc CMakeFiles/MusicClion.elf.dir/Drivers/STM32F4xx_HAL_Driver/Src/stm32f4xx_hal_rcc.c.obj
                0x0800a0e0                HAL_RCC_GetHCLKFreq
 .text.HAL_RCC_GetPCLK1Freq
                0x0800a0ec       0x20 CMakeFiles/MusicClion.elf.dir/Drivers/STM32F4xx_HAL_Driver/Src/stm32f4xx_hal_rcc.c.obj
                0x0800a0ec                HAL_RCC_GetPCLK1Freq
 .text.HAL_RCC_GetPCLK2Freq
                0x0800a10c       0x20 CMakeFiles/MusicClion.elf.dir/Drivers/STM32F4xx_HAL_Driver/Src/stm32f4xx_hal_rcc.c.obj
                0x0800a10c                HAL_RCC_GetPCLK2Freq
 .text.HAL_RCC_GetClockConfig
                0x0800a12c       0x3c CMakeFiles/MusicClion.elf.dir/Drivers/STM32F4xx_HAL_Driver/Src/stm32f4xx_hal_rcc.c.obj
                0x0800a12c                HAL_RCC_GetClockConfig
 .text.HAL_RCCEx_PeriphCLKConfig
                0x0800a168      0x154 CMakeFiles/MusicClion.elf.dir/Drivers/STM32F4xx_HAL_Driver/Src/stm32f4xx_hal_rcc_ex.c.obj
                0x0800a168                HAL_RCCEx_PeriphCLKConfig
 .text.HAL_RCCEx_GetPeriphCLKFreq
                0x0800a2bc       0x74 CMakeFiles/MusicClion.elf.dir/Drivers/STM32F4xx_HAL_Driver/Src/stm32f4xx_hal_rcc_ex.c.obj
                0x0800a2bc                HAL_RCCEx_GetPeriphCLKFreq
 .text.SD_DMATransmitCplt
                0x0800a330        0xe CMakeFiles/MusicClion.elf.dir/Drivers/STM32F4xx_HAL_Driver/Src/stm32f4xx_hal_sd.c.obj
 *fill*         0x0800a33e        0x2 
 .text.SD_PowerON
                0x0800a340       0xc0 CMakeFiles/MusicClion.elf.dir/Drivers/STM32F4xx_HAL_Driver/Src/stm32f4xx_hal_sd.c.obj
 .text.SD_Read_IT
                0x0800a400       0x38 CMakeFiles/MusicClion.elf.dir/Drivers/STM32F4xx_HAL_Driver/Src/stm32f4xx_hal_sd.c.obj
 .text.SD_Write_IT
                0x0800a438       0x48 CMakeFiles/MusicClion.elf.dir/Drivers/STM32F4xx_HAL_Driver/Src/stm32f4xx_hal_sd.c.obj
 .text.SD_FindSCR
                0x0800a480      0x100 CMakeFiles/MusicClion.elf.dir/Drivers/STM32F4xx_HAL_Driver/Src/stm32f4xx_hal_sd.c.obj
 .text.SD_WideBus_Enable
                0x0800a580       0x4e CMakeFiles/MusicClion.elf.dir/Drivers/STM32F4xx_HAL_Driver/Src/stm32f4xx_hal_sd.c.obj
 .text.SD_WideBus_Disable
                0x0800a5ce       0x4e CMakeFiles/MusicClion.elf.dir/Drivers/STM32F4xx_HAL_Driver/Src/stm32f4xx_hal_sd.c.obj
 .text.SD_SendStatus
                0x0800a61c       0x2c CMakeFiles/MusicClion.elf.dir/Drivers/STM32F4xx_HAL_Driver/Src/stm32f4xx_hal_sd.c.obj
 .text.HAL_SD_ReadBlocks_DMA
                0x0800a648      0x138 CMakeFiles/MusicClion.elf.dir/Drivers/STM32F4xx_HAL_Driver/Src/stm32f4xx_hal_sd.c.obj
                0x0800a648                HAL_SD_ReadBlocks_DMA
 .text.HAL_SD_WriteBlocks_DMA
                0x0800a780      0x13c CMakeFiles/MusicClion.elf.dir/Drivers/STM32F4xx_HAL_Driver/Src/stm32f4xx_hal_sd.c.obj
                0x0800a780                HAL_SD_WriteBlocks_DMA
 .text.HAL_SD_ErrorCallback
                0x0800a8bc        0x2 CMakeFiles/MusicClion.elf.dir/Drivers/STM32F4xx_HAL_Driver/Src/stm32f4xx_hal_sd.c.obj
                0x0800a8bc                HAL_SD_ErrorCallback
 .text.SD_DMAReceiveCplt
                0x0800a8be       0x48 CMakeFiles/MusicClion.elf.dir/Drivers/STM32F4xx_HAL_Driver/Src/stm32f4xx_hal_sd.c.obj
 *fill*         0x0800a906        0x2 
 .text.HAL_SD_GetCardCSD
                0x0800a908      0x1b8 CMakeFiles/MusicClion.elf.dir/Drivers/STM32F4xx_HAL_Driver/Src/stm32f4xx_hal_sd.c.obj
                0x0800a908                HAL_SD_GetCardCSD
 .text.SD_InitCard
                0x0800aac0      0x100 CMakeFiles/MusicClion.elf.dir/Drivers/STM32F4xx_HAL_Driver/Src/stm32f4xx_hal_sd.c.obj
 .text.HAL_SD_InitCard
                0x0800abc0       0xa8 CMakeFiles/MusicClion.elf.dir/Drivers/STM32F4xx_HAL_Driver/Src/stm32f4xx_hal_sd.c.obj
                0x0800abc0                HAL_SD_InitCard
 .text.HAL_SD_Init
                0x0800ac68       0x36 CMakeFiles/MusicClion.elf.dir/Drivers/STM32F4xx_HAL_Driver/Src/stm32f4xx_hal_sd.c.obj
                0x0800ac68                HAL_SD_Init
 .text.HAL_SD_GetCardInfo
                0x0800ac9e       0x24 CMakeFiles/MusicClion.elf.dir/Drivers/STM32F4xx_HAL_Driver/Src/stm32f4xx_hal_sd.c.obj
                0x0800ac9e                HAL_SD_GetCardInfo
 *fill*         0x0800acc2        0x2 
 .text.HAL_SD_ConfigWideBusOperation
                0x0800acc4       0xc0 CMakeFiles/MusicClion.elf.dir/Drivers/STM32F4xx_HAL_Driver/Src/stm32f4xx_hal_sd.c.obj
                0x0800acc4                HAL_SD_ConfigWideBusOperation
 .text.HAL_SD_GetCardState
                0x0800ad84       0x22 CMakeFiles/MusicClion.elf.dir/Drivers/STM32F4xx_HAL_Driver/Src/stm32f4xx_hal_sd.c.obj
                0x0800ad84                HAL_SD_GetCardState
 *fill*         0x0800ada6        0x2 
 .text.SD_DMAError
                0x0800ada8       0x68 CMakeFiles/MusicClion.elf.dir/Drivers/STM32F4xx_HAL_Driver/Src/stm32f4xx_hal_sd.c.obj
 .text.SD_DMATxAbort
                0x0800ae10       0x44 CMakeFiles/MusicClion.elf.dir/Drivers/STM32F4xx_HAL_Driver/Src/stm32f4xx_hal_sd.c.obj
 .text.SD_DMARxAbort
                0x0800ae54       0x44 CMakeFiles/MusicClion.elf.dir/Drivers/STM32F4xx_HAL_Driver/Src/stm32f4xx_hal_sd.c.obj
 .text.HAL_SD_IRQHandler
                0x0800ae98      0x1e0 CMakeFiles/MusicClion.elf.dir/Drivers/STM32F4xx_HAL_Driver/Src/stm32f4xx_hal_sd.c.obj
                0x0800ae98                HAL_SD_IRQHandler
 .text.HAL_SRAM_Init
                0x0800b078       0x58 CMakeFiles/MusicClion.elf.dir/Drivers/STM32F4xx_HAL_Driver/Src/stm32f4xx_hal_sram.c.obj
                0x0800b078                HAL_SRAM_Init
 .text.HAL_TIM_Base_MspInit
                0x0800b0d0        0x2 CMakeFiles/MusicClion.elf.dir/Drivers/STM32F4xx_HAL_Driver/Src/stm32f4xx_hal_tim.c.obj
                0x0800b0d0                HAL_TIM_Base_MspInit
 *fill*         0x0800b0d2        0x2 
 .text.HAL_TIM_Base_Start_IT
                0x0800b0d4       0x88 CMakeFiles/MusicClion.elf.dir/Drivers/STM32F4xx_HAL_Driver/Src/stm32f4xx_hal_tim.c.obj
                0x0800b0d4                HAL_TIM_Base_Start_IT
 .text.HAL_TIM_OC_DelayElapsedCallback
                0x0800b15c        0x2 CMakeFiles/MusicClion.elf.dir/Drivers/STM32F4xx_HAL_Driver/Src/stm32f4xx_hal_tim.c.obj
                0x0800b15c                HAL_TIM_OC_DelayElapsedCallback
 .text.HAL_TIM_IC_CaptureCallback
                0x0800b15e        0x2 CMakeFiles/MusicClion.elf.dir/Drivers/STM32F4xx_HAL_Driver/Src/stm32f4xx_hal_tim.c.obj
                0x0800b15e                HAL_TIM_IC_CaptureCallback
 .text.HAL_TIM_PWM_PulseFinishedCallback
                0x0800b160        0x2 CMakeFiles/MusicClion.elf.dir/Drivers/STM32F4xx_HAL_Driver/Src/stm32f4xx_hal_tim.c.obj
                0x0800b160                HAL_TIM_PWM_PulseFinishedCallback
 .text.HAL_TIM_TriggerCallback
                0x0800b162        0x2 CMakeFiles/MusicClion.elf.dir/Drivers/STM32F4xx_HAL_Driver/Src/stm32f4xx_hal_tim.c.obj
                0x0800b162                HAL_TIM_TriggerCallback
 .text.HAL_TIM_IRQHandler
                0x0800b164      0x17a CMakeFiles/MusicClion.elf.dir/Drivers/STM32F4xx_HAL_Driver/Src/stm32f4xx_hal_tim.c.obj
                0x0800b164                HAL_TIM_IRQHandler
 *fill*         0x0800b2de        0x2 
 .text.TIM_Base_SetConfig
                0x0800b2e0       0xc8 CMakeFiles/MusicClion.elf.dir/Drivers/STM32F4xx_HAL_Driver/Src/stm32f4xx_hal_tim.c.obj
                0x0800b2e0                TIM_Base_SetConfig
 .text.HAL_TIM_Base_Init
                0x0800b3a8       0x58 CMakeFiles/MusicClion.elf.dir/Drivers/STM32F4xx_HAL_Driver/Src/stm32f4xx_hal_tim.c.obj
                0x0800b3a8                HAL_TIM_Base_Init
 .text.HAL_TIMEx_CommutCallback
                0x0800b400        0x2 CMakeFiles/MusicClion.elf.dir/Drivers/STM32F4xx_HAL_Driver/Src/stm32f4xx_hal_tim_ex.c.obj
                0x0800b400                HAL_TIMEx_CommutCallback
 .text.HAL_TIMEx_BreakCallback
                0x0800b402        0x2 CMakeFiles/MusicClion.elf.dir/Drivers/STM32F4xx_HAL_Driver/Src/stm32f4xx_hal_tim_ex.c.obj
                0x0800b402                HAL_TIMEx_BreakCallback
 .text.UART_EndTxTransfer
                0x0800b404       0x20 CMakeFiles/MusicClion.elf.dir/Drivers/STM32F4xx_HAL_Driver/Src/stm32f4xx_hal_uart.c.obj
 .text.UART_EndRxTransfer
                0x0800b424       0x5c CMakeFiles/MusicClion.elf.dir/Drivers/STM32F4xx_HAL_Driver/Src/stm32f4xx_hal_uart.c.obj
 .text.UART_Transmit_IT
                0x0800b480       0x60 CMakeFiles/MusicClion.elf.dir/Drivers/STM32F4xx_HAL_Driver/Src/stm32f4xx_hal_uart.c.obj
 .text.UART_SetConfig
                0x0800b4e0      0x110 CMakeFiles/MusicClion.elf.dir/Drivers/STM32F4xx_HAL_Driver/Src/stm32f4xx_hal_uart.c.obj
 .text.UART_WaitOnFlagUntilTimeout
                0x0800b5f0       0x88 CMakeFiles/MusicClion.elf.dir/Drivers/STM32F4xx_HAL_Driver/Src/stm32f4xx_hal_uart.c.obj
 .text.HAL_UART_Init
                0x0800b678       0x5e CMakeFiles/MusicClion.elf.dir/Drivers/STM32F4xx_HAL_Driver/Src/stm32f4xx_hal_uart.c.obj
                0x0800b678                HAL_UART_Init
 .text.HAL_UART_Transmit
                0x0800b6d6       0xd8 CMakeFiles/MusicClion.elf.dir/Drivers/STM32F4xx_HAL_Driver/Src/stm32f4xx_hal_uart.c.obj
                0x0800b6d6                HAL_UART_Transmit
 *fill*         0x0800b7ae        0x2 
 .text.HAL_UART_Transmit_DMA
                0x0800b7b0       0x9c CMakeFiles/MusicClion.elf.dir/Drivers/STM32F4xx_HAL_Driver/Src/stm32f4xx_hal_uart.c.obj
                0x0800b7b0                HAL_UART_Transmit_DMA
 .text.HAL_UART_TxCpltCallback
                0x0800b84c        0x2 CMakeFiles/MusicClion.elf.dir/Drivers/STM32F4xx_HAL_Driver/Src/stm32f4xx_hal_uart.c.obj
                0x0800b84c                HAL_UART_TxCpltCallback
 .text.UART_DMATransmitCplt
                0x0800b84e       0x4c CMakeFiles/MusicClion.elf.dir/Drivers/STM32F4xx_HAL_Driver/Src/stm32f4xx_hal_uart.c.obj
 .text.UART_EndTransmit_IT
                0x0800b89a       0x1a CMakeFiles/MusicClion.elf.dir/Drivers/STM32F4xx_HAL_Driver/Src/stm32f4xx_hal_uart.c.obj
 .text.HAL_UART_TxHalfCpltCallback
                0x0800b8b4        0x2 CMakeFiles/MusicClion.elf.dir/Drivers/STM32F4xx_HAL_Driver/Src/stm32f4xx_hal_uart.c.obj
                0x0800b8b4                HAL_UART_TxHalfCpltCallback
 .text.UART_DMATxHalfCplt
                0x0800b8b6        0xa CMakeFiles/MusicClion.elf.dir/Drivers/STM32F4xx_HAL_Driver/Src/stm32f4xx_hal_uart.c.obj
 .text.HAL_UART_RxHalfCpltCallback
                0x0800b8c0        0x2 CMakeFiles/MusicClion.elf.dir/Drivers/STM32F4xx_HAL_Driver/Src/stm32f4xx_hal_uart.c.obj
                0x0800b8c0                HAL_UART_RxHalfCpltCallback
 .text.HAL_UART_ErrorCallback
                0x0800b8c2        0x2 CMakeFiles/MusicClion.elf.dir/Drivers/STM32F4xx_HAL_Driver/Src/stm32f4xx_hal_uart.c.obj
                0x0800b8c2                HAL_UART_ErrorCallback
 .text.UART_DMAError
                0x0800b8c4       0x58 CMakeFiles/MusicClion.elf.dir/Drivers/STM32F4xx_HAL_Driver/Src/stm32f4xx_hal_uart.c.obj
 .text.UART_DMAAbortOnError
                0x0800b91c       0x10 CMakeFiles/MusicClion.elf.dir/Drivers/STM32F4xx_HAL_Driver/Src/stm32f4xx_hal_uart.c.obj
 .text.HAL_UARTEx_RxEventCallback
                0x0800b92c        0x2 CMakeFiles/MusicClion.elf.dir/Drivers/STM32F4xx_HAL_Driver/Src/stm32f4xx_hal_uart.c.obj
                0x0800b92c                HAL_UARTEx_RxEventCallback
 .text.UART_Receive_IT
                0x0800b92e       0xe2 CMakeFiles/MusicClion.elf.dir/Drivers/STM32F4xx_HAL_Driver/Src/stm32f4xx_hal_uart.c.obj
 .text.HAL_UART_IRQHandler
                0x0800ba10      0x280 CMakeFiles/MusicClion.elf.dir/Drivers/STM32F4xx_HAL_Driver/Src/stm32f4xx_hal_uart.c.obj
                0x0800ba10                HAL_UART_IRQHandler
 .text.UART_DMARxHalfCplt
                0x0800bc90       0x1a CMakeFiles/MusicClion.elf.dir/Drivers/STM32F4xx_HAL_Driver/Src/stm32f4xx_hal_uart.c.obj
 .text.UART_DMAReceiveCplt
                0x0800bcaa       0x96 CMakeFiles/MusicClion.elf.dir/Drivers/STM32F4xx_HAL_Driver/Src/stm32f4xx_hal_uart.c.obj
 .text.UART_Start_Receive_IT
                0x0800bd40       0x3a CMakeFiles/MusicClion.elf.dir/Drivers/STM32F4xx_HAL_Driver/Src/stm32f4xx_hal_uart.c.obj
                0x0800bd40                UART_Start_Receive_IT
 .text.HAL_UART_Receive_IT
                0x0800bd7a       0x38 CMakeFiles/MusicClion.elf.dir/Drivers/STM32F4xx_HAL_Driver/Src/stm32f4xx_hal_uart.c.obj
                0x0800bd7a                HAL_UART_Receive_IT
 *fill*         0x0800bdb2        0x2 
 .text.UART_Start_Receive_DMA
                0x0800bdb4       0xa8 CMakeFiles/MusicClion.elf.dir/Drivers/STM32F4xx_HAL_Driver/Src/stm32f4xx_hal_uart.c.obj
                0x0800bdb4                UART_Start_Receive_DMA
 .text.HAL_UART_Receive_DMA
                0x0800be5c       0x38 CMakeFiles/MusicClion.elf.dir/Drivers/STM32F4xx_HAL_Driver/Src/stm32f4xx_hal_uart.c.obj
                0x0800be5c                HAL_UART_Receive_DMA
 .text.FSMC_NORSRAM_Init
                0x0800be94       0x6c CMakeFiles/MusicClion.elf.dir/Drivers/STM32F4xx_HAL_Driver/Src/stm32f4xx_ll_fsmc.c.obj
                0x0800be94                FSMC_NORSRAM_Init
 .text.FSMC_NORSRAM_Timing_Init
                0x0800bf00       0x44 CMakeFiles/MusicClion.elf.dir/Drivers/STM32F4xx_HAL_Driver/Src/stm32f4xx_ll_fsmc.c.obj
                0x0800bf00                FSMC_NORSRAM_Timing_Init
 .text.FSMC_NORSRAM_Extended_Timing_Init
                0x0800bf44       0x44 CMakeFiles/MusicClion.elf.dir/Drivers/STM32F4xx_HAL_Driver/Src/stm32f4xx_ll_fsmc.c.obj
                0x0800bf44                FSMC_NORSRAM_Extended_Timing_Init
 .text.SDMMC_GetCmdError
                0x0800bf88       0x38 CMakeFiles/MusicClion.elf.dir/Drivers/STM32F4xx_HAL_Driver/Src/stm32f4xx_ll_sdmmc.c.obj
 .text.SDIO_Init
                0x0800bfc0       0x32 CMakeFiles/MusicClion.elf.dir/Drivers/STM32F4xx_HAL_Driver/Src/stm32f4xx_ll_sdmmc.c.obj
                0x0800bfc0                SDIO_Init
 .text.SDIO_ReadFIFO
                0x0800bff2        0x6 CMakeFiles/MusicClion.elf.dir/Drivers/STM32F4xx_HAL_Driver/Src/stm32f4xx_ll_sdmmc.c.obj
                0x0800bff2                SDIO_ReadFIFO
 .text.SDIO_WriteFIFO
                0x0800bff8        0xa CMakeFiles/MusicClion.elf.dir/Drivers/STM32F4xx_HAL_Driver/Src/stm32f4xx_ll_sdmmc.c.obj
                0x0800bff8                SDIO_WriteFIFO
 .text.SDIO_PowerState_ON
                0x0800c002        0x8 CMakeFiles/MusicClion.elf.dir/Drivers/STM32F4xx_HAL_Driver/Src/stm32f4xx_ll_sdmmc.c.obj
                0x0800c002                SDIO_PowerState_ON
 .text.SDIO_GetPowerState
                0x0800c00a        0x8 CMakeFiles/MusicClion.elf.dir/Drivers/STM32F4xx_HAL_Driver/Src/stm32f4xx_ll_sdmmc.c.obj
                0x0800c00a                SDIO_GetPowerState
 .text.SDIO_SendCommand
                0x0800c012       0x24 CMakeFiles/MusicClion.elf.dir/Drivers/STM32F4xx_HAL_Driver/Src/stm32f4xx_ll_sdmmc.c.obj
                0x0800c012                SDIO_SendCommand
 .text.SDIO_GetCommandResponse
                0x0800c036        0x6 CMakeFiles/MusicClion.elf.dir/Drivers/STM32F4xx_HAL_Driver/Src/stm32f4xx_ll_sdmmc.c.obj
                0x0800c036                SDIO_GetCommandResponse
 .text.SDIO_GetResponse
                0x0800c03c        0x6 CMakeFiles/MusicClion.elf.dir/Drivers/STM32F4xx_HAL_Driver/Src/stm32f4xx_ll_sdmmc.c.obj
                0x0800c03c                SDIO_GetResponse
 .text.SDIO_ConfigData
                0x0800c042       0x24 CMakeFiles/MusicClion.elf.dir/Drivers/STM32F4xx_HAL_Driver/Src/stm32f4xx_ll_sdmmc.c.obj
                0x0800c042                SDIO_ConfigData
 .text.SDMMC_CmdGoIdleState
                0x0800c066       0x26 CMakeFiles/MusicClion.elf.dir/Drivers/STM32F4xx_HAL_Driver/Src/stm32f4xx_ll_sdmmc.c.obj
                0x0800c066                SDMMC_CmdGoIdleState
 .text.SDMMC_GetCmdResp1
                0x0800c08c      0x154 CMakeFiles/MusicClion.elf.dir/Drivers/STM32F4xx_HAL_Driver/Src/stm32f4xx_ll_sdmmc.c.obj
                0x0800c08c                SDMMC_GetCmdResp1
 .text.SDMMC_CmdBlockLength
                0x0800c1e0       0x30 CMakeFiles/MusicClion.elf.dir/Drivers/STM32F4xx_HAL_Driver/Src/stm32f4xx_ll_sdmmc.c.obj
                0x0800c1e0                SDMMC_CmdBlockLength
 .text.SDMMC_CmdReadSingleBlock
                0x0800c210       0x30 CMakeFiles/MusicClion.elf.dir/Drivers/STM32F4xx_HAL_Driver/Src/stm32f4xx_ll_sdmmc.c.obj
                0x0800c210                SDMMC_CmdReadSingleBlock
 .text.SDMMC_CmdReadMultiBlock
                0x0800c240       0x30 CMakeFiles/MusicClion.elf.dir/Drivers/STM32F4xx_HAL_Driver/Src/stm32f4xx_ll_sdmmc.c.obj
                0x0800c240                SDMMC_CmdReadMultiBlock
 .text.SDMMC_CmdWriteSingleBlock
                0x0800c270       0x30 CMakeFiles/MusicClion.elf.dir/Drivers/STM32F4xx_HAL_Driver/Src/stm32f4xx_ll_sdmmc.c.obj
                0x0800c270                SDMMC_CmdWriteSingleBlock
 .text.SDMMC_CmdWriteMultiBlock
                0x0800c2a0       0x30 CMakeFiles/MusicClion.elf.dir/Drivers/STM32F4xx_HAL_Driver/Src/stm32f4xx_ll_sdmmc.c.obj
                0x0800c2a0                SDMMC_CmdWriteMultiBlock
 .text.SDMMC_CmdStopTransfer
                0x0800c2d0       0x34 CMakeFiles/MusicClion.elf.dir/Drivers/STM32F4xx_HAL_Driver/Src/stm32f4xx_ll_sdmmc.c.obj
                0x0800c2d0                SDMMC_CmdStopTransfer
 .text.SDMMC_CmdSelDesel
                0x0800c304       0x30 CMakeFiles/MusicClion.elf.dir/Drivers/STM32F4xx_HAL_Driver/Src/stm32f4xx_ll_sdmmc.c.obj
                0x0800c304                SDMMC_CmdSelDesel
 .text.SDMMC_CmdAppCommand
                0x0800c334       0x30 CMakeFiles/MusicClion.elf.dir/Drivers/STM32F4xx_HAL_Driver/Src/stm32f4xx_ll_sdmmc.c.obj
                0x0800c334                SDMMC_CmdAppCommand
 .text.SDMMC_CmdBusWidth
                0x0800c364       0x30 CMakeFiles/MusicClion.elf.dir/Drivers/STM32F4xx_HAL_Driver/Src/stm32f4xx_ll_sdmmc.c.obj
                0x0800c364                SDMMC_CmdBusWidth
 .text.SDMMC_CmdSendSCR
                0x0800c394       0x30 CMakeFiles/MusicClion.elf.dir/Drivers/STM32F4xx_HAL_Driver/Src/stm32f4xx_ll_sdmmc.c.obj
                0x0800c394                SDMMC_CmdSendSCR
 .text.SDMMC_CmdSendStatus
                0x0800c3c4       0x30 CMakeFiles/MusicClion.elf.dir/Drivers/STM32F4xx_HAL_Driver/Src/stm32f4xx_ll_sdmmc.c.obj
                0x0800c3c4                SDMMC_CmdSendStatus
 .text.SDMMC_GetCmdResp2
                0x0800c3f4       0x5c CMakeFiles/MusicClion.elf.dir/Drivers/STM32F4xx_HAL_Driver/Src/stm32f4xx_ll_sdmmc.c.obj
                0x0800c3f4                SDMMC_GetCmdResp2
 .text.SDMMC_CmdSendCID
                0x0800c450       0x2a CMakeFiles/MusicClion.elf.dir/Drivers/STM32F4xx_HAL_Driver/Src/stm32f4xx_ll_sdmmc.c.obj
                0x0800c450                SDMMC_CmdSendCID
 .text.SDMMC_CmdSendCSD
                0x0800c47a       0x2a CMakeFiles/MusicClion.elf.dir/Drivers/STM32F4xx_HAL_Driver/Src/stm32f4xx_ll_sdmmc.c.obj
                0x0800c47a                SDMMC_CmdSendCSD
 .text.SDMMC_GetCmdResp3
                0x0800c4a4       0x4c CMakeFiles/MusicClion.elf.dir/Drivers/STM32F4xx_HAL_Driver/Src/stm32f4xx_ll_sdmmc.c.obj
                0x0800c4a4                SDMMC_GetCmdResp3
 .text.SDMMC_CmdAppOperCommand
                0x0800c4f0       0x32 CMakeFiles/MusicClion.elf.dir/Drivers/STM32F4xx_HAL_Driver/Src/stm32f4xx_ll_sdmmc.c.obj
                0x0800c4f0                SDMMC_CmdAppOperCommand
 *fill*         0x0800c522        0x2 
 .text.SDMMC_GetCmdResp6
                0x0800c524       0xa0 CMakeFiles/MusicClion.elf.dir/Drivers/STM32F4xx_HAL_Driver/Src/stm32f4xx_ll_sdmmc.c.obj
                0x0800c524                SDMMC_GetCmdResp6
 .text.SDMMC_CmdSetRelAdd
                0x0800c5c4       0x30 CMakeFiles/MusicClion.elf.dir/Drivers/STM32F4xx_HAL_Driver/Src/stm32f4xx_ll_sdmmc.c.obj
                0x0800c5c4                SDMMC_CmdSetRelAdd
 .text.SDMMC_GetCmdResp7
                0x0800c5f4       0x64 CMakeFiles/MusicClion.elf.dir/Drivers/STM32F4xx_HAL_Driver/Src/stm32f4xx_ll_sdmmc.c.obj
                0x0800c5f4                SDMMC_GetCmdResp7
 .text.SDMMC_CmdOperCond
                0x0800c658       0x2e CMakeFiles/MusicClion.elf.dir/Drivers/STM32F4xx_HAL_Driver/Src/stm32f4xx_ll_sdmmc.c.obj
                0x0800c658                SDMMC_CmdOperCond
 *fill*         0x0800c686        0x2 
 .text.MX_FATFS_Init
                0x0800c688       0x1c CMakeFiles/MusicClion.elf.dir/FATFS/App/fatfs.c.obj
                0x0800c688                MX_FATFS_Init
 .text.get_fattime
                0x0800c6a4        0x4 CMakeFiles/MusicClion.elf.dir/FATFS/App/fatfs.c.obj
                0x0800c6a4                get_fattime
 .text.BSP_SD_ReadBlocks_DMA
                0x0800c6a8       0x18 CMakeFiles/MusicClion.elf.dir/FATFS/Target/bsp_driver_sd.c.obj
                0x0800c6a8                BSP_SD_ReadBlocks_DMA
 .text.BSP_SD_WriteBlocks_DMA
                0x0800c6c0       0x18 CMakeFiles/MusicClion.elf.dir/FATFS/Target/bsp_driver_sd.c.obj
                0x0800c6c0                BSP_SD_WriteBlocks_DMA
 .text.BSP_SD_GetCardState
                0x0800c6d8       0x14 CMakeFiles/MusicClion.elf.dir/FATFS/Target/bsp_driver_sd.c.obj
                0x0800c6d8                BSP_SD_GetCardState
 .text.BSP_SD_GetCardInfo
                0x0800c6ec       0x10 CMakeFiles/MusicClion.elf.dir/FATFS/Target/bsp_driver_sd.c.obj
                0x0800c6ec                BSP_SD_GetCardInfo
 .text.BSP_SD_AbortCallback
                0x0800c6fc        0x2 CMakeFiles/MusicClion.elf.dir/FATFS/Target/bsp_driver_sd.c.obj
                0x0800c6fc                BSP_SD_AbortCallback
 .text.HAL_SD_AbortCallback
                0x0800c6fe        0x8 CMakeFiles/MusicClion.elf.dir/FATFS/Target/bsp_driver_sd.c.obj
                0x0800c6fe                HAL_SD_AbortCallback
 .text.HAL_SD_TxCpltCallback
                0x0800c706        0x8 CMakeFiles/MusicClion.elf.dir/FATFS/Target/bsp_driver_sd.c.obj
                0x0800c706                HAL_SD_TxCpltCallback
 .text.HAL_SD_RxCpltCallback
                0x0800c70e        0x8 CMakeFiles/MusicClion.elf.dir/FATFS/Target/bsp_driver_sd.c.obj
                0x0800c70e                HAL_SD_RxCpltCallback
 .text.BSP_SD_IsDetected
                0x0800c716       0x10 CMakeFiles/MusicClion.elf.dir/FATFS/Target/bsp_driver_sd.c.obj
                0x0800c716                BSP_SD_IsDetected
 *fill*         0x0800c726        0x2 
 .text.BSP_SD_Init
                0x0800c728       0x34 CMakeFiles/MusicClion.elf.dir/FATFS/Target/bsp_driver_sd.c.obj
                0x0800c728                BSP_SD_Init
 .text.SD_CheckStatus
                0x0800c75c       0x24 CMakeFiles/MusicClion.elf.dir/FATFS/Target/sd_diskio.c.obj
 .text.SD_initialize
                0x0800c780       0x68 CMakeFiles/MusicClion.elf.dir/FATFS/Target/sd_diskio.c.obj
                0x0800c780                SD_initialize
 .text.SD_status
                0x0800c7e8        0x8 CMakeFiles/MusicClion.elf.dir/FATFS/Target/sd_diskio.c.obj
                0x0800c7e8                SD_status
 .text.SD_CheckStatusWithTimeout
                0x0800c7f0       0x26 CMakeFiles/MusicClion.elf.dir/FATFS/Target/sd_diskio.c.obj
 *fill*         0x0800c816        0x2 
 .text.SD_read  0x0800c818       0x78 CMakeFiles/MusicClion.elf.dir/FATFS/Target/sd_diskio.c.obj
                0x0800c818                SD_read
 .text.SD_write
                0x0800c890       0x78 CMakeFiles/MusicClion.elf.dir/FATFS/Target/sd_diskio.c.obj
                0x0800c890                SD_write
 .text.SD_ioctl
                0x0800c908       0x58 CMakeFiles/MusicClion.elf.dir/FATFS/Target/sd_diskio.c.obj
                0x0800c908                SD_ioctl
 .text.BSP_SD_WriteCpltCallback
                0x0800c960       0x24 CMakeFiles/MusicClion.elf.dir/FATFS/Target/sd_diskio.c.obj
                0x0800c960                BSP_SD_WriteCpltCallback
 .text.BSP_SD_ReadCpltCallback
                0x0800c984       0x24 CMakeFiles/MusicClion.elf.dir/FATFS/Target/sd_diskio.c.obj
                0x0800c984                BSP_SD_ReadCpltCallback
 .text.disk_status
                0x0800c9a8       0x18 CMakeFiles/MusicClion.elf.dir/Middlewares/Third_Party/FatFs/src/diskio.c.obj
                0x0800c9a8                disk_status
 .text.disk_initialize
                0x0800c9c0       0x28 CMakeFiles/MusicClion.elf.dir/Middlewares/Third_Party/FatFs/src/diskio.c.obj
                0x0800c9c0                disk_initialize
 .text.disk_read
                0x0800c9e8       0x18 CMakeFiles/MusicClion.elf.dir/Middlewares/Third_Party/FatFs/src/diskio.c.obj
                0x0800c9e8                disk_read
 .text.disk_write
                0x0800ca00       0x18 CMakeFiles/MusicClion.elf.dir/Middlewares/Third_Party/FatFs/src/diskio.c.obj
                0x0800ca00                disk_write
 .text.disk_ioctl
                0x0800ca18       0x18 CMakeFiles/MusicClion.elf.dir/Middlewares/Third_Party/FatFs/src/diskio.c.obj
                0x0800ca18                disk_ioctl
 .text.ld_word  0x0800ca30        0xa CMakeFiles/MusicClion.elf.dir/Middlewares/Third_Party/FatFs/src/ff.c.obj
 .text.ld_dword
                0x0800ca3a       0x16 CMakeFiles/MusicClion.elf.dir/Middlewares/Third_Party/FatFs/src/ff.c.obj
 .text.st_word  0x0800ca50        0x8 CMakeFiles/MusicClion.elf.dir/Middlewares/Third_Party/FatFs/src/ff.c.obj
 .text.st_dword
                0x0800ca58       0x14 CMakeFiles/MusicClion.elf.dir/Middlewares/Third_Party/FatFs/src/ff.c.obj
 .text.mem_cpy  0x0800ca6c       0x14 CMakeFiles/MusicClion.elf.dir/Middlewares/Third_Party/FatFs/src/ff.c.obj
 .text.mem_set  0x0800ca80        0xa CMakeFiles/MusicClion.elf.dir/Middlewares/Third_Party/FatFs/src/ff.c.obj
 .text.mem_cmp  0x0800ca8a       0x1a CMakeFiles/MusicClion.elf.dir/Middlewares/Third_Party/FatFs/src/ff.c.obj
 .text.chk_chr  0x0800caa4       0x10 CMakeFiles/MusicClion.elf.dir/Middlewares/Third_Party/FatFs/src/ff.c.obj
 .text.chk_lock
                0x0800cab4       0x74 CMakeFiles/MusicClion.elf.dir/Middlewares/Third_Party/FatFs/src/ff.c.obj
 .text.enq_lock
                0x0800cb28       0x20 CMakeFiles/MusicClion.elf.dir/Middlewares/Third_Party/FatFs/src/ff.c.obj
 .text.inc_lock
                0x0800cb48       0xa4 CMakeFiles/MusicClion.elf.dir/Middlewares/Third_Party/FatFs/src/ff.c.obj
 .text.dec_lock
                0x0800cbec       0x40 CMakeFiles/MusicClion.elf.dir/Middlewares/Third_Party/FatFs/src/ff.c.obj
 .text.clear_lock
                0x0800cc2c       0x3c CMakeFiles/MusicClion.elf.dir/Middlewares/Third_Party/FatFs/src/ff.c.obj
 .text.clust2sect
                0x0800cc68       0x18 CMakeFiles/MusicClion.elf.dir/Middlewares/Third_Party/FatFs/src/ff.c.obj
 .text.clmt_clust
                0x0800cc80       0x22 CMakeFiles/MusicClion.elf.dir/Middlewares/Third_Party/FatFs/src/ff.c.obj
 .text.ld_clust
                0x0800cca2       0x26 CMakeFiles/MusicClion.elf.dir/Middlewares/Third_Party/FatFs/src/ff.c.obj
 .text.st_clust
                0x0800ccc8       0x26 CMakeFiles/MusicClion.elf.dir/Middlewares/Third_Party/FatFs/src/ff.c.obj
 *fill*         0x0800ccee        0x2 
 .text.pick_lfn
                0x0800ccf0       0x84 CMakeFiles/MusicClion.elf.dir/Middlewares/Third_Party/FatFs/src/ff.c.obj
 .text.put_lfn  0x0800cd74       0x78 CMakeFiles/MusicClion.elf.dir/Middlewares/Third_Party/FatFs/src/ff.c.obj
 .text.gen_numname
                0x0800cdec       0xbc CMakeFiles/MusicClion.elf.dir/Middlewares/Third_Party/FatFs/src/ff.c.obj
 .text.sum_sfn  0x0800cea8       0x20 CMakeFiles/MusicClion.elf.dir/Middlewares/Third_Party/FatFs/src/ff.c.obj
 .text.get_ldnumber
                0x0800cec8       0x54 CMakeFiles/MusicClion.elf.dir/Middlewares/Third_Party/FatFs/src/ff.c.obj
 .text.sync_window
                0x0800cf1c       0x54 CMakeFiles/MusicClion.elf.dir/Middlewares/Third_Party/FatFs/src/ff.c.obj
 .text.move_window
                0x0800cf70       0x36 CMakeFiles/MusicClion.elf.dir/Middlewares/Third_Party/FatFs/src/ff.c.obj
 .text.get_fat  0x0800cfa6       0xd0 CMakeFiles/MusicClion.elf.dir/Middlewares/Third_Party/FatFs/src/ff.c.obj
 *fill*         0x0800d076        0x2 
 .text.check_fs
                0x0800d078       0x78 CMakeFiles/MusicClion.elf.dir/Middlewares/Third_Party/FatFs/src/ff.c.obj
 .text.put_fat  0x0800d0f0      0x10e CMakeFiles/MusicClion.elf.dir/Middlewares/Third_Party/FatFs/src/ff.c.obj
 .text.create_chain
                0x0800d1fe       0xcc CMakeFiles/MusicClion.elf.dir/Middlewares/Third_Party/FatFs/src/ff.c.obj
 .text.remove_chain
                0x0800d2ca       0x7e CMakeFiles/MusicClion.elf.dir/Middlewares/Third_Party/FatFs/src/ff.c.obj
 .text.dir_next
                0x0800d348      0x108 CMakeFiles/MusicClion.elf.dir/Middlewares/Third_Party/FatFs/src/ff.c.obj
 .text.dir_read
                0x0800d450       0xbc CMakeFiles/MusicClion.elf.dir/Middlewares/Third_Party/FatFs/src/ff.c.obj
 .text.lock_fs  0x0800d50c       0x14 CMakeFiles/MusicClion.elf.dir/Middlewares/Third_Party/FatFs/src/ff.c.obj
 .text.find_volume
                0x0800d520      0x310 CMakeFiles/MusicClion.elf.dir/Middlewares/Third_Party/FatFs/src/ff.c.obj
 .text.unlock_fs
                0x0800d830       0x1c CMakeFiles/MusicClion.elf.dir/Middlewares/Third_Party/FatFs/src/ff.c.obj
 .text.validate
                0x0800d84c       0x5c CMakeFiles/MusicClion.elf.dir/Middlewares/Third_Party/FatFs/src/ff.c.obj
 .text.get_fileinfo
                0x0800d8a8      0x100 CMakeFiles/MusicClion.elf.dir/Middlewares/Third_Party/FatFs/src/ff.c.obj
 .text.create_name
                0x0800d9a8      0x278 CMakeFiles/MusicClion.elf.dir/Middlewares/Third_Party/FatFs/src/ff.c.obj
 .text.cmp_lfn  0x0800dc20       0xa0 CMakeFiles/MusicClion.elf.dir/Middlewares/Third_Party/FatFs/src/ff.c.obj
 .text.sync_fs  0x0800dcc0       0x8c CMakeFiles/MusicClion.elf.dir/Middlewares/Third_Party/FatFs/src/ff.c.obj
 .text.dir_sdi  0x0800dd4c       0xac CMakeFiles/MusicClion.elf.dir/Middlewares/Third_Party/FatFs/src/ff.c.obj
                0x0800dd4c                dir_sdi
 .text.dir_find
                0x0800ddf8       0xe6 CMakeFiles/MusicClion.elf.dir/Middlewares/Third_Party/FatFs/src/ff.c.obj
 .text.follow_path
                0x0800dede       0x8c CMakeFiles/MusicClion.elf.dir/Middlewares/Third_Party/FatFs/src/ff.c.obj
 .text.dir_alloc
                0x0800df6a       0x50 CMakeFiles/MusicClion.elf.dir/Middlewares/Third_Party/FatFs/src/ff.c.obj
 *fill*         0x0800dfba        0x2 
 .text.dir_register
                0x0800dfbc      0x140 CMakeFiles/MusicClion.elf.dir/Middlewares/Third_Party/FatFs/src/ff.c.obj
 .text.f_mount  0x0800e0fc       0x84 CMakeFiles/MusicClion.elf.dir/Middlewares/Third_Party/FatFs/src/ff.c.obj
                0x0800e0fc                f_mount
 .text.f_open   0x0800e180      0x236 CMakeFiles/MusicClion.elf.dir/Middlewares/Third_Party/FatFs/src/ff.c.obj
                0x0800e180                f_open
 .text.f_read   0x0800e3b6      0x1d8 CMakeFiles/MusicClion.elf.dir/Middlewares/Third_Party/FatFs/src/ff.c.obj
                0x0800e3b6                f_read
 .text.f_sync   0x0800e58e       0xb0 CMakeFiles/MusicClion.elf.dir/Middlewares/Third_Party/FatFs/src/ff.c.obj
                0x0800e58e                f_sync
 .text.f_close  0x0800e63e       0x3a CMakeFiles/MusicClion.elf.dir/Middlewares/Third_Party/FatFs/src/ff.c.obj
                0x0800e63e                f_close
 .text.f_lseek  0x0800e678      0x300 CMakeFiles/MusicClion.elf.dir/Middlewares/Third_Party/FatFs/src/ff.c.obj
                0x0800e678                f_lseek
 .text.f_opendir
                0x0800e978       0x9a CMakeFiles/MusicClion.elf.dir/Middlewares/Third_Party/FatFs/src/ff.c.obj
                0x0800e978                f_opendir
 .text.f_closedir
                0x0800ea12       0x30 CMakeFiles/MusicClion.elf.dir/Middlewares/Third_Party/FatFs/src/ff.c.obj
                0x0800ea12                f_closedir
 .text.f_readdir
                0x0800ea42       0x60 CMakeFiles/MusicClion.elf.dir/Middlewares/Third_Party/FatFs/src/ff.c.obj
                0x0800ea42                f_readdir
 *fill*         0x0800eaa2        0x2 
 .text.FATFS_LinkDriverEx
                0x0800eaa4       0x54 CMakeFiles/MusicClion.elf.dir/Middlewares/Third_Party/FatFs/src/ff_gen_drv.c.obj
                0x0800eaa4                FATFS_LinkDriverEx
 .text.FATFS_LinkDriver
                0x0800eaf8        0xa CMakeFiles/MusicClion.elf.dir/Middlewares/Third_Party/FatFs/src/ff_gen_drv.c.obj
                0x0800eaf8                FATFS_LinkDriver
 *fill*         0x0800eb02        0x2 
 .text.ff_convert
                0x0800eb04       0x54 CMakeFiles/MusicClion.elf.dir/Middlewares/Third_Party/FatFs/src/option/cc936.c.obj
                0x0800eb04                ff_convert
 .text.ff_wtoupper
                0x0800eb58       0x9c CMakeFiles/MusicClion.elf.dir/Middlewares/Third_Party/FatFs/src/option/cc936.c.obj
                0x0800eb58                ff_wtoupper
 .text.ff_cre_syncobj
                0x0800ebf4       0x18 CMakeFiles/MusicClion.elf.dir/Middlewares/Third_Party/FatFs/src/option/syscall.c.obj
                0x0800ebf4                ff_cre_syncobj
 .text.ff_del_syncobj
                0x0800ec0c        0xa CMakeFiles/MusicClion.elf.dir/Middlewares/Third_Party/FatFs/src/option/syscall.c.obj
                0x0800ec0c                ff_del_syncobj
 .text.ff_req_grant
                0x0800ec16       0x14 CMakeFiles/MusicClion.elf.dir/Middlewares/Third_Party/FatFs/src/option/syscall.c.obj
                0x0800ec16                ff_req_grant
 .text.ff_rel_grant
                0x0800ec2a        0x8 CMakeFiles/MusicClion.elf.dir/Middlewares/Third_Party/FatFs/src/option/syscall.c.obj
                0x0800ec2a                ff_rel_grant
 .text.SysTick_Handler
                0x0800ec32       0x18 CMakeFiles/MusicClion.elf.dir/Middlewares/Third_Party/FreeRTOS/Source/CMSIS_RTOS_V2/cmsis_os2.c.obj
                0x0800ec32                SysTick_Handler
 *fill*         0x0800ec4a        0x2 
 .text.osKernelInitialize
                0x0800ec4c       0x24 CMakeFiles/MusicClion.elf.dir/Middlewares/Third_Party/FreeRTOS/Source/CMSIS_RTOS_V2/cmsis_os2.c.obj
                0x0800ec4c                osKernelInitialize
 .text.osKernelGetState
                0x0800ec70       0x24 CMakeFiles/MusicClion.elf.dir/Middlewares/Third_Party/FreeRTOS/Source/CMSIS_RTOS_V2/cmsis_os2.c.obj
                0x0800ec70                osKernelGetState
 .text.osKernelStart
                0x0800ec94       0x38 CMakeFiles/MusicClion.elf.dir/Middlewares/Third_Party/FreeRTOS/Source/CMSIS_RTOS_V2/cmsis_os2.c.obj
                0x0800ec94                osKernelStart
 .text.osKernelGetTickCount
                0x0800eccc       0x14 CMakeFiles/MusicClion.elf.dir/Middlewares/Third_Party/FreeRTOS/Source/CMSIS_RTOS_V2/cmsis_os2.c.obj
                0x0800eccc                osKernelGetTickCount
 .text.osThreadNew
                0x0800ece0       0xbc CMakeFiles/MusicClion.elf.dir/Middlewares/Third_Party/FreeRTOS/Source/CMSIS_RTOS_V2/cmsis_os2.c.obj
                0x0800ece0                osThreadNew
 .text.osDelay  0x0800ed9c       0x1c CMakeFiles/MusicClion.elf.dir/Middlewares/Third_Party/FreeRTOS/Source/CMSIS_RTOS_V2/cmsis_os2.c.obj
                0x0800ed9c                osDelay
 .text.osEventFlagsNew
                0x0800edb8       0x44 CMakeFiles/MusicClion.elf.dir/Middlewares/Third_Party/FreeRTOS/Source/CMSIS_RTOS_V2/cmsis_os2.c.obj
                0x0800edb8                osEventFlagsNew
 .text.osEventFlagsSet
                0x0800edfc       0x5a CMakeFiles/MusicClion.elf.dir/Middlewares/Third_Party/FreeRTOS/Source/CMSIS_RTOS_V2/cmsis_os2.c.obj
                0x0800edfc                osEventFlagsSet
 .text.osEventFlagsWait
                0x0800ee56       0x76 CMakeFiles/MusicClion.elf.dir/Middlewares/Third_Party/FreeRTOS/Source/CMSIS_RTOS_V2/cmsis_os2.c.obj
                0x0800ee56                osEventFlagsWait
 .text.osSemaphoreNew
                0x0800eecc       0xb4 CMakeFiles/MusicClion.elf.dir/Middlewares/Third_Party/FreeRTOS/Source/CMSIS_RTOS_V2/cmsis_os2.c.obj
                0x0800eecc                osSemaphoreNew
 .text.osSemaphoreAcquire
                0x0800ef80       0x68 CMakeFiles/MusicClion.elf.dir/Middlewares/Third_Party/FreeRTOS/Source/CMSIS_RTOS_V2/cmsis_os2.c.obj
                0x0800ef80                osSemaphoreAcquire
 .text.osSemaphoreRelease
                0x0800efe8       0x5e CMakeFiles/MusicClion.elf.dir/Middlewares/Third_Party/FreeRTOS/Source/CMSIS_RTOS_V2/cmsis_os2.c.obj
                0x0800efe8                osSemaphoreRelease
 .text.osSemaphoreDelete
                0x0800f046       0x26 CMakeFiles/MusicClion.elf.dir/Middlewares/Third_Party/FreeRTOS/Source/CMSIS_RTOS_V2/cmsis_os2.c.obj
                0x0800f046                osSemaphoreDelete
 .text.osMessageQueueNew
                0x0800f06c       0x96 CMakeFiles/MusicClion.elf.dir/Middlewares/Third_Party/FreeRTOS/Source/CMSIS_RTOS_V2/cmsis_os2.c.obj
                0x0800f06c                osMessageQueueNew
 .text.osMessageQueuePut
                0x0800f102       0x84 CMakeFiles/MusicClion.elf.dir/Middlewares/Third_Party/FreeRTOS/Source/CMSIS_RTOS_V2/cmsis_os2.c.obj
                0x0800f102                osMessageQueuePut
 .text.osMessageQueueGet
                0x0800f186       0x82 CMakeFiles/MusicClion.elf.dir/Middlewares/Third_Party/FreeRTOS/Source/CMSIS_RTOS_V2/cmsis_os2.c.obj
                0x0800f186                osMessageQueueGet
 .text.vApplicationGetIdleTaskMemory
                0x0800f208       0x18 CMakeFiles/MusicClion.elf.dir/Middlewares/Third_Party/FreeRTOS/Source/CMSIS_RTOS_V2/cmsis_os2.c.obj
                0x0800f208                vApplicationGetIdleTaskMemory
 .text.vApplicationGetTimerTaskMemory
                0x0800f220       0x18 CMakeFiles/MusicClion.elf.dir/Middlewares/Third_Party/FreeRTOS/Source/CMSIS_RTOS_V2/cmsis_os2.c.obj
                0x0800f220                vApplicationGetTimerTaskMemory
 .text.prvTestWaitCondition
                0x0800f238       0x1c CMakeFiles/MusicClion.elf.dir/Middlewares/Third_Party/FreeRTOS/Source/event_groups.c.obj
 .text.xEventGroupCreateStatic
                0x0800f254       0x4a CMakeFiles/MusicClion.elf.dir/Middlewares/Third_Party/FreeRTOS/Source/event_groups.c.obj
                0x0800f254                xEventGroupCreateStatic
 .text.xEventGroupCreate
                0x0800f29e       0x1c CMakeFiles/MusicClion.elf.dir/Middlewares/Third_Party/FreeRTOS/Source/event_groups.c.obj
                0x0800f29e                xEventGroupCreate
 .text.xEventGroupWaitBits
                0x0800f2ba      0x108 CMakeFiles/MusicClion.elf.dir/Middlewares/Third_Party/FreeRTOS/Source/event_groups.c.obj
                0x0800f2ba                xEventGroupWaitBits
 .text.xEventGroupSetBits
                0x0800f3c2       0x8c CMakeFiles/MusicClion.elf.dir/Middlewares/Third_Party/FreeRTOS/Source/event_groups.c.obj
                0x0800f3c2                xEventGroupSetBits
 .text.vEventGroupSetBitsCallback
                0x0800f44e        0x8 CMakeFiles/MusicClion.elf.dir/Middlewares/Third_Party/FreeRTOS/Source/event_groups.c.obj
                0x0800f44e                vEventGroupSetBitsCallback
 *fill*         0x0800f456        0x2 
 .text.xEventGroupSetBitsFromISR
                0x0800f458       0x14 CMakeFiles/MusicClion.elf.dir/Middlewares/Third_Party/FreeRTOS/Source/event_groups.c.obj
                0x0800f458                xEventGroupSetBitsFromISR
 .text.vListInitialise
                0x0800f46c       0x16 CMakeFiles/MusicClion.elf.dir/Middlewares/Third_Party/FreeRTOS/Source/list.c.obj
                0x0800f46c                vListInitialise
 .text.vListInitialiseItem
                0x0800f482        0x6 CMakeFiles/MusicClion.elf.dir/Middlewares/Third_Party/FreeRTOS/Source/list.c.obj
                0x0800f482                vListInitialiseItem
 .text.vListInsertEnd
                0x0800f488       0x16 CMakeFiles/MusicClion.elf.dir/Middlewares/Third_Party/FreeRTOS/Source/list.c.obj
                0x0800f488                vListInsertEnd
 .text.vListInsert
                0x0800f49e       0x32 CMakeFiles/MusicClion.elf.dir/Middlewares/Third_Party/FreeRTOS/Source/list.c.obj
                0x0800f49e                vListInsert
 .text.uxListRemove
                0x0800f4d0       0x26 CMakeFiles/MusicClion.elf.dir/Middlewares/Third_Party/FreeRTOS/Source/list.c.obj
                0x0800f4d0                uxListRemove
 *fill*         0x0800f4f6        0x2 
 .text.prvTaskExitError
                0x0800f4f8       0x40 CMakeFiles/MusicClion.elf.dir/Middlewares/Third_Party/FreeRTOS/Source/portable/GCC/ARM_CM4F/port.c.obj
 .text.prvPortStartFirstTask
                0x0800f538       0x28 CMakeFiles/MusicClion.elf.dir/Middlewares/Third_Party/FreeRTOS/Source/portable/GCC/ARM_CM4F/port.c.obj
 .text.vPortEnableVFP
                0x0800f560       0x14 CMakeFiles/MusicClion.elf.dir/Middlewares/Third_Party/FreeRTOS/Source/portable/GCC/ARM_CM4F/port.c.obj
 .text.pxPortInitialiseStack
                0x0800f574       0x2c CMakeFiles/MusicClion.elf.dir/Middlewares/Third_Party/FreeRTOS/Source/portable/GCC/ARM_CM4F/port.c.obj
                0x0800f574                pxPortInitialiseStack
 .text.SVC_Handler
                0x0800f5a0       0x24 CMakeFiles/MusicClion.elf.dir/Middlewares/Third_Party/FreeRTOS/Source/portable/GCC/ARM_CM4F/port.c.obj
                0x0800f5a0                SVC_Handler
 .text.vPortEnterCritical
                0x0800f5c4       0x44 CMakeFiles/MusicClion.elf.dir/Middlewares/Third_Party/FreeRTOS/Source/portable/GCC/ARM_CM4F/port.c.obj
                0x0800f5c4                vPortEnterCritical
 .text.vPortExitCritical
                0x0800f608       0x2c CMakeFiles/MusicClion.elf.dir/Middlewares/Third_Party/FreeRTOS/Source/portable/GCC/ARM_CM4F/port.c.obj
                0x0800f608                vPortExitCritical
 *fill*         0x0800f634        0xc 
 .text.PendSV_Handler
                0x0800f640       0x64 CMakeFiles/MusicClion.elf.dir/Middlewares/Third_Party/FreeRTOS/Source/portable/GCC/ARM_CM4F/port.c.obj
                0x0800f640                PendSV_Handler
 .text.xPortSysTickHandler
                0x0800f6a4       0x2c CMakeFiles/MusicClion.elf.dir/Middlewares/Third_Party/FreeRTOS/Source/portable/GCC/ARM_CM4F/port.c.obj
                0x0800f6a4                xPortSysTickHandler
 .text.vPortSetupTimerInterrupt
                0x0800f6d0       0x28 CMakeFiles/MusicClion.elf.dir/Middlewares/Third_Party/FreeRTOS/Source/portable/GCC/ARM_CM4F/port.c.obj
                0x0800f6d0                vPortSetupTimerInterrupt
 .text.xPortStartScheduler
                0x0800f6f8      0x118 CMakeFiles/MusicClion.elf.dir/Middlewares/Third_Party/FreeRTOS/Source/portable/GCC/ARM_CM4F/port.c.obj
                0x0800f6f8                xPortStartScheduler
 .text.vPortValidateInterruptPriority
                0x0800f810       0x5c CMakeFiles/MusicClion.elf.dir/Middlewares/Third_Party/FreeRTOS/Source/portable/GCC/ARM_CM4F/port.c.obj
                0x0800f810                vPortValidateInterruptPriority
 .text.prvHeapInit
                0x0800f86c       0x64 CMakeFiles/MusicClion.elf.dir/Middlewares/Third_Party/FreeRTOS/Source/portable/MemMang/heap_4.c.obj
 .text.prvInsertBlockIntoFreeList
                0x0800f8d0       0x64 CMakeFiles/MusicClion.elf.dir/Middlewares/Third_Party/FreeRTOS/Source/portable/MemMang/heap_4.c.obj
 .text.pvPortMalloc
                0x0800f934       0xfc CMakeFiles/MusicClion.elf.dir/Middlewares/Third_Party/FreeRTOS/Source/portable/MemMang/heap_4.c.obj
                0x0800f934                pvPortMalloc
 .text.vPortFree
                0x0800fa30       0x7c CMakeFiles/MusicClion.elf.dir/Middlewares/Third_Party/FreeRTOS/Source/portable/MemMang/heap_4.c.obj
                0x0800fa30                vPortFree
 .text.prvGetDisinheritPriorityAfterTimeout
                0x0800faac       0x10 CMakeFiles/MusicClion.elf.dir/Middlewares/Third_Party/FreeRTOS/Source/queue.c.obj
 .text.prvIsQueueFull
                0x0800fabc       0x1e CMakeFiles/MusicClion.elf.dir/Middlewares/Third_Party/FreeRTOS/Source/queue.c.obj
 .text.prvIsQueueEmpty
                0x0800fada       0x1a CMakeFiles/MusicClion.elf.dir/Middlewares/Third_Party/FreeRTOS/Source/queue.c.obj
 .text.prvCopyDataToQueue
                0x0800faf4       0x76 CMakeFiles/MusicClion.elf.dir/Middlewares/Third_Party/FreeRTOS/Source/queue.c.obj
 .text.prvCopyDataFromQueue
                0x0800fb6a       0x24 CMakeFiles/MusicClion.elf.dir/Middlewares/Third_Party/FreeRTOS/Source/queue.c.obj
 .text.prvUnlockQueue
                0x0800fb8e       0x6e CMakeFiles/MusicClion.elf.dir/Middlewares/Third_Party/FreeRTOS/Source/queue.c.obj
 .text.xQueueGenericReset
                0x0800fbfc       0x84 CMakeFiles/MusicClion.elf.dir/Middlewares/Third_Party/FreeRTOS/Source/queue.c.obj
                0x0800fbfc                xQueueGenericReset
 .text.prvInitialiseNewQueue
                0x0800fc80       0x22 CMakeFiles/MusicClion.elf.dir/Middlewares/Third_Party/FreeRTOS/Source/queue.c.obj
 .text.xQueueGenericCreateStatic
                0x0800fca2       0x94 CMakeFiles/MusicClion.elf.dir/Middlewares/Third_Party/FreeRTOS/Source/queue.c.obj
                0x0800fca2                xQueueGenericCreateStatic
 .text.xQueueGenericCreate
                0x0800fd36       0x48 CMakeFiles/MusicClion.elf.dir/Middlewares/Third_Party/FreeRTOS/Source/queue.c.obj
                0x0800fd36                xQueueGenericCreate
 .text.xQueueCreateCountingSemaphoreStatic
                0x0800fd7e       0x46 CMakeFiles/MusicClion.elf.dir/Middlewares/Third_Party/FreeRTOS/Source/queue.c.obj
                0x0800fd7e                xQueueCreateCountingSemaphoreStatic
 .text.xQueueCreateCountingSemaphore
                0x0800fdc4       0x3c CMakeFiles/MusicClion.elf.dir/Middlewares/Third_Party/FreeRTOS/Source/queue.c.obj
                0x0800fdc4                xQueueCreateCountingSemaphore
 .text.xQueueGenericSend
                0x0800fe00      0x188 CMakeFiles/MusicClion.elf.dir/Middlewares/Third_Party/FreeRTOS/Source/queue.c.obj
                0x0800fe00                xQueueGenericSend
 .text.xQueueGenericSendFromISR
                0x0800ff88       0xce CMakeFiles/MusicClion.elf.dir/Middlewares/Third_Party/FreeRTOS/Source/queue.c.obj
                0x0800ff88                xQueueGenericSendFromISR
 .text.xQueueGiveFromISR
                0x08010056       0xb2 CMakeFiles/MusicClion.elf.dir/Middlewares/Third_Party/FreeRTOS/Source/queue.c.obj
                0x08010056                xQueueGiveFromISR
 .text.xQueueReceive
                0x08010108      0x15e CMakeFiles/MusicClion.elf.dir/Middlewares/Third_Party/FreeRTOS/Source/queue.c.obj
                0x08010108                xQueueReceive
 .text.xQueueSemaphoreTake
                0x08010266      0x1a6 CMakeFiles/MusicClion.elf.dir/Middlewares/Third_Party/FreeRTOS/Source/queue.c.obj
                0x08010266                xQueueSemaphoreTake
 .text.xQueueReceiveFromISR
                0x0801040c       0xa8 CMakeFiles/MusicClion.elf.dir/Middlewares/Third_Party/FreeRTOS/Source/queue.c.obj
                0x0801040c                xQueueReceiveFromISR
 .text.vQueueAddToRegistry
                0x080104b4       0x28 CMakeFiles/MusicClion.elf.dir/Middlewares/Third_Party/FreeRTOS/Source/queue.c.obj
                0x080104b4                vQueueAddToRegistry
 .text.vQueueUnregisterQueue
                0x080104dc       0x2c CMakeFiles/MusicClion.elf.dir/Middlewares/Third_Party/FreeRTOS/Source/queue.c.obj
                0x080104dc                vQueueUnregisterQueue
 .text.vQueueDelete
                0x08010508       0x2c CMakeFiles/MusicClion.elf.dir/Middlewares/Third_Party/FreeRTOS/Source/queue.c.obj
                0x08010508                vQueueDelete
 .text.vQueueWaitForMessageRestricted
                0x08010534       0x52 CMakeFiles/MusicClion.elf.dir/Middlewares/Third_Party/FreeRTOS/Source/queue.c.obj
                0x08010534                vQueueWaitForMessageRestricted
 *fill*         0x08010586        0x2 
 .text.prvResetNextTaskUnblockTime
                0x08010588       0x2c CMakeFiles/MusicClion.elf.dir/Middlewares/Third_Party/FreeRTOS/Source/tasks.c.obj
 .text.prvInitialiseNewTask
                0x080105b4       0xa6 CMakeFiles/MusicClion.elf.dir/Middlewares/Third_Party/FreeRTOS/Source/tasks.c.obj
 *fill*         0x0801065a        0x2 
 .text.prvInitialiseTaskLists
                0x0801065c       0x68 CMakeFiles/MusicClion.elf.dir/Middlewares/Third_Party/FreeRTOS/Source/tasks.c.obj
 .text.prvAddNewTaskToReadyList
                0x080106c4       0xac CMakeFiles/MusicClion.elf.dir/Middlewares/Third_Party/FreeRTOS/Source/tasks.c.obj
 .text.prvDeleteTCB
                0x08010770       0x38 CMakeFiles/MusicClion.elf.dir/Middlewares/Third_Party/FreeRTOS/Source/tasks.c.obj
 .text.prvCheckTasksWaitingTermination
                0x080107a8       0x4c CMakeFiles/MusicClion.elf.dir/Middlewares/Third_Party/FreeRTOS/Source/tasks.c.obj
 .text.prvIdleTask
                0x080107f4       0x28 CMakeFiles/MusicClion.elf.dir/Middlewares/Third_Party/FreeRTOS/Source/tasks.c.obj
 .text.prvAddCurrentTaskToDelayedList
                0x0801081c       0x7c CMakeFiles/MusicClion.elf.dir/Middlewares/Third_Party/FreeRTOS/Source/tasks.c.obj
 .text.xTaskCreateStatic
                0x08010898       0x76 CMakeFiles/MusicClion.elf.dir/Middlewares/Third_Party/FreeRTOS/Source/tasks.c.obj
                0x08010898                xTaskCreateStatic
 .text.xTaskCreate
                0x0801090e       0x68 CMakeFiles/MusicClion.elf.dir/Middlewares/Third_Party/FreeRTOS/Source/tasks.c.obj
                0x0801090e                xTaskCreate
 *fill*         0x08010976        0x2 
 .text.vTaskStartScheduler
                0x08010978       0x9c CMakeFiles/MusicClion.elf.dir/Middlewares/Third_Party/FreeRTOS/Source/tasks.c.obj
                0x08010978                vTaskStartScheduler
 .text.vTaskSuspendAll
                0x08010a14       0x10 CMakeFiles/MusicClion.elf.dir/Middlewares/Third_Party/FreeRTOS/Source/tasks.c.obj
                0x08010a14                vTaskSuspendAll
 .text.xTaskGetTickCount
                0x08010a24        0xc CMakeFiles/MusicClion.elf.dir/Middlewares/Third_Party/FreeRTOS/Source/tasks.c.obj
                0x08010a24                xTaskGetTickCount
 .text.xTaskGetTickCountFromISR
                0x08010a30       0x10 CMakeFiles/MusicClion.elf.dir/Middlewares/Third_Party/FreeRTOS/Source/tasks.c.obj
                0x08010a30                xTaskGetTickCountFromISR
 .text.xTaskIncrementTick
                0x08010a40      0x118 CMakeFiles/MusicClion.elf.dir/Middlewares/Third_Party/FreeRTOS/Source/tasks.c.obj
                0x08010a40                xTaskIncrementTick
 .text.xTaskResumeAll
                0x08010b58       0xf8 CMakeFiles/MusicClion.elf.dir/Middlewares/Third_Party/FreeRTOS/Source/tasks.c.obj
                0x08010b58                xTaskResumeAll
 .text.vTaskDelay
                0x08010c50       0x4c CMakeFiles/MusicClion.elf.dir/Middlewares/Third_Party/FreeRTOS/Source/tasks.c.obj
                0x08010c50                vTaskDelay
 .text.vTaskSwitchContext
                0x08010c9c       0x94 CMakeFiles/MusicClion.elf.dir/Middlewares/Third_Party/FreeRTOS/Source/tasks.c.obj
                0x08010c9c                vTaskSwitchContext
 .text.vTaskPlaceOnEventList
                0x08010d30       0x30 CMakeFiles/MusicClion.elf.dir/Middlewares/Third_Party/FreeRTOS/Source/tasks.c.obj
                0x08010d30                vTaskPlaceOnEventList
 .text.vTaskPlaceOnUnorderedEventList
                0x08010d60       0x58 CMakeFiles/MusicClion.elf.dir/Middlewares/Third_Party/FreeRTOS/Source/tasks.c.obj
                0x08010d60                vTaskPlaceOnUnorderedEventList
 .text.vTaskPlaceOnEventListRestricted
                0x08010db8       0x38 CMakeFiles/MusicClion.elf.dir/Middlewares/Third_Party/FreeRTOS/Source/tasks.c.obj
                0x08010db8                vTaskPlaceOnEventListRestricted
 .text.xTaskRemoveFromEventList
                0x08010df0       0x8c CMakeFiles/MusicClion.elf.dir/Middlewares/Third_Party/FreeRTOS/Source/tasks.c.obj
                0x08010df0                xTaskRemoveFromEventList
 .text.vTaskRemoveFromUnorderedEventList
                0x08010e7c       0x88 CMakeFiles/MusicClion.elf.dir/Middlewares/Third_Party/FreeRTOS/Source/tasks.c.obj
                0x08010e7c                vTaskRemoveFromUnorderedEventList
 .text.vTaskInternalSetTimeOutState
                0x08010f04       0x18 CMakeFiles/MusicClion.elf.dir/Middlewares/Third_Party/FreeRTOS/Source/tasks.c.obj
                0x08010f04                vTaskInternalSetTimeOutState
 .text.xTaskCheckForTimeOut
                0x08010f1c       0x84 CMakeFiles/MusicClion.elf.dir/Middlewares/Third_Party/FreeRTOS/Source/tasks.c.obj
                0x08010f1c                xTaskCheckForTimeOut
 .text.vTaskMissedYield
                0x08010fa0        0xc CMakeFiles/MusicClion.elf.dir/Middlewares/Third_Party/FreeRTOS/Source/tasks.c.obj
                0x08010fa0                vTaskMissedYield
 .text.xTaskGetSchedulerState
                0x08010fac       0x20 CMakeFiles/MusicClion.elf.dir/Middlewares/Third_Party/FreeRTOS/Source/tasks.c.obj
                0x08010fac                xTaskGetSchedulerState
 .text.xTaskPriorityInherit
                0x08010fcc       0x98 CMakeFiles/MusicClion.elf.dir/Middlewares/Third_Party/FreeRTOS/Source/tasks.c.obj
                0x08010fcc                xTaskPriorityInherit
 .text.xTaskPriorityDisinherit
                0x08011064       0x90 CMakeFiles/MusicClion.elf.dir/Middlewares/Third_Party/FreeRTOS/Source/tasks.c.obj
                0x08011064                xTaskPriorityDisinherit
 .text.vTaskPriorityDisinheritAfterTimeout
                0x080110f4       0xa0 CMakeFiles/MusicClion.elf.dir/Middlewares/Third_Party/FreeRTOS/Source/tasks.c.obj
                0x080110f4                vTaskPriorityDisinheritAfterTimeout
 .text.uxTaskResetEventItemValue
                0x08011194       0x18 CMakeFiles/MusicClion.elf.dir/Middlewares/Third_Party/FreeRTOS/Source/tasks.c.obj
                0x08011194                uxTaskResetEventItemValue
 .text.pvTaskIncrementMutexHeldCount
                0x080111ac       0x1c CMakeFiles/MusicClion.elf.dir/Middlewares/Third_Party/FreeRTOS/Source/tasks.c.obj
                0x080111ac                pvTaskIncrementMutexHeldCount
 .text.prvGetNextExpireTime
                0x080111c8       0x20 CMakeFiles/MusicClion.elf.dir/Middlewares/Third_Party/FreeRTOS/Source/timers.c.obj
 .text.prvInsertTimerInActiveList
                0x080111e8       0x48 CMakeFiles/MusicClion.elf.dir/Middlewares/Third_Party/FreeRTOS/Source/timers.c.obj
 .text.prvCheckForValidListAndQueue
                0x08011230       0x70 CMakeFiles/MusicClion.elf.dir/Middlewares/Third_Party/FreeRTOS/Source/timers.c.obj
 .text.xTimerCreateTimerTask
                0x080112a0       0x64 CMakeFiles/MusicClion.elf.dir/Middlewares/Third_Party/FreeRTOS/Source/timers.c.obj
                0x080112a0                xTimerCreateTimerTask
 .text.xTimerGenericCommand